// Jest Snapshot v1, https://goo.gl/fbAQLP

exports[`broadcast stream can be read: timeline 1`] = `
Array [
  "[-1] start: {\\"magic\\":\\"HL2DEMO\\",\\"protocol\\":4,\\"networkProtocol\\":0,\\"serverName\\":\\"GOTV Broadcast\\",\\"clientName\\":\\"GOTV Demo\\",\\"mapName\\":\\"de_overpass\\",\\"gameDirectory\\":\\"csgo\\",\\"playbackTime\\":0,\\"playbackTicks\\":0,\\"playbackFrames\\":0,\\"signonLength\\":0}",
  "[0] cvar_change: {\\"name\\":\\"cash_team_rescued_hostage\\",\\"value\\":\\"600\\"}",
  "[0] cvar_change: {\\"name\\":\\"bot_autodifficulty_threshold_high\\",\\"value\\":\\"0\\"}",
  "[0] cvar_change: {\\"name\\":\\"cash_team_win_by_defusing_bomb\\",\\"value\\":\\"3500\\"}",
  "[0] cvar_change: {\\"name\\":\\"game_mode\\",\\"value\\":\\"1\\"}",
  "[0] cvar_change: {\\"name\\":\\"mp_match_restart_delay\\",\\"value\\":\\"120\\"}",
  "[0] cvar_change: {\\"name\\":\\"sv_damage_print_enable\\",\\"value\\":\\"0\\"}",
  "[0] cvar_change: {\\"name\\":\\"mp_ggtr_bomb_pts_for_upgrade\\",\\"value\\":\\"2\\"}",
  "[0] cvar_change: {\\"name\\":\\"bot_quota\\",\\"value\\":\\"0\\"}",
  "[0] cvar_change: {\\"name\\":\\"ff_damage_reduction_bullets\\",\\"value\\":\\"0.33\\"}",
  "[0] cvar_change: {\\"name\\":\\"sv_gameinstructor_disable\\",\\"value\\":\\"1\\"}",
  "[0] cvar_change: {\\"name\\":\\"mp_join_grace_time\\",\\"value\\":\\"30\\"}",
  "[0] cvar_change: {\\"name\\":\\"cash_player_interact_with_hostage\\",\\"value\\":\\"300\\"}",
  "[0] cvar_change: {\\"name\\":\\"mp_maxrounds\\",\\"value\\":\\"30\\"}",
  "[0] cvar_change: {\\"name\\":\\"ammo_grenade_limit_total\\",\\"value\\":\\"4\\"}",
  "[0] cvar_change: {\\"name\\":\\"mp_spectators_max\\",\\"value\\":\\"10\\"}",
  "[0] cvar_change: {\\"name\\":\\"mp_team_timeout_time\\",\\"value\\":\\"30\\"}",
  "[0] cvar_change: {\\"name\\":\\"mp_round_restart_delay\\",\\"value\\":\\"5\\"}",
  "[0] cvar_change: {\\"name\\":\\"mp_win_panel_display_time\\",\\"value\\":\\"20\\"}",
  "[0] cvar_change: {\\"name\\":\\"spec_freeze_time_lock\\",\\"value\\":\\"2\\"}",
  "[0] cvar_change: {\\"name\\":\\"mp_team_timeout_max\\",\\"value\\":\\"4\\"}",
  "[0] cvar_change: {\\"name\\":\\"mp_respawn_immunitytime\\",\\"value\\":\\"0\\"}",
  "[0] cvar_change: {\\"name\\":\\"mp_roundtime_defuse\\",\\"value\\":\\"1.92\\"}",
  "[0] cvar_change: {\\"name\\":\\"mp_ggprogressive_round_restart_delay\\",\\"value\\":\\"15\\"}",
  "[0] cvar_change: {\\"name\\":\\"mp_match_end_restart\\",\\"value\\":\\"1\\"}",
  "[0] cvar_change: {\\"name\\":\\"mp_timelimit\\",\\"value\\":\\"0\\"}",
  "[0] cvar_change: {\\"name\\":\\"mp_warmuptime\\",\\"value\\":\\"9999\\"}",
  "[0] cvar_change: {\\"name\\":\\"mp_randomspawn_los\\",\\"value\\":\\"0\\"}",
  "[0] cvar_change: {\\"name\\":\\"mp_endmatch_votenextmap\\",\\"value\\":\\"0\\"}",
  "[0] cvar_change: {\\"name\\":\\"sv_competitive_official_5v5\\",\\"value\\":\\"1\\"}",
  "[0] cvar_change: {\\"name\\":\\"sv_mincmdrate\\",\\"value\\":\\"128\\"}",
  "[0] cvar_change: {\\"name\\":\\"mp_warmup_pausetimer\\",\\"value\\":\\"1\\"}",
  "[0] cvar_change: {\\"name\\":\\"mp_halftime_duration\\",\\"value\\":\\"15\\"}",
  "[0] cvar_change: {\\"name\\":\\"mp_autokick\\",\\"value\\":\\"0\\"}",
  "[0] cvar_change: {\\"name\\":\\"sv_hosting_lobby\\",\\"value\\":\\"1\\"}",
  "[0] cvar_change: {\\"name\\":\\"sv_minrate\\",\\"value\\":\\"30000\\"}",
  "[0] cvar_change: {\\"name\\":\\"sv_kick_players_with_cooldown\\",\\"value\\":\\"0\\"}",
  "[0] cvar_change: {\\"name\\":\\"mp_technical_timeout_duration_s\\",\\"value\\":\\"120\\"}",
  "[0] cvar_change: {\\"name\\":\\"mp_halftime_pausematch\\",\\"value\\":\\"1\\"}",
  "[0] cvar_change: {\\"name\\":\\"spec_freeze_time\\",\\"value\\":\\"3\\"}",
  "[0] cvar_change: {\\"name\\":\\"mp_buytime\\",\\"value\\":\\"20\\"}",
  "[0] cvar_change: {\\"name\\":\\"bot_difficulty\\",\\"value\\":\\"0\\"}",
  "[0] cvar_change: {\\"name\\":\\"mp_roundtime_hostage\\",\\"value\\":\\"1.92\\"}",
  "[0] cvar_change: {\\"name\\":\\"mp_freezetime\\",\\"value\\":\\"20\\"}",
  "[0] cvar_change: {\\"name\\":\\"sv_maxcmdrate\\",\\"value\\":\\"128\\"}",
  "[0] cvar_change: {\\"name\\":\\"bot_defer_to_human_goals\\",\\"value\\":\\"1\\"}",
  "[0] cvar_change: {\\"name\\":\\"sv_skyname\\",\\"value\\":\\"sky_cs15_daylight01_hdr\\"}",
  "[0] cvar_change: {\\"name\\":\\"sv_reliableavatardata\\",\\"value\\":\\"2\\"}",
  "[0] cvar_change: {\\"name\\":\\"mp_technical_timeout_per_team\\",\\"value\\":\\"1\\"}",
  "[0] cvar_change: {\\"name\\":\\"mp_friendlyfire\\",\\"value\\":\\"1\\"}",
  "[0] cvar_change: {\\"name\\":\\"cash_team_hostage_interaction\\",\\"value\\":\\"600\\"}",
  "[0] cvar_change: {\\"name\\":\\"spec_freeze_panel_extended_time\\",\\"value\\":\\"0\\"}",
  "[0] cvar_change: {\\"name\\":\\"ff_damage_reduction_other\\",\\"value\\":\\"0.4\\"}",
  "[0] cvar_change: {\\"name\\":\\"sv_allow_wait_command\\",\\"value\\":\\"0\\"}",
  "[0] cvar_change: {\\"name\\":\\"spec_freeze_deathanim_time\\",\\"value\\":\\"0\\"}",
  "[0] cvar_change: {\\"name\\":\\"mp_molotovusedelay\\",\\"value\\":\\"0\\"}",
  "[0] cvar_change: {\\"name\\":\\"mp_playerid_hold\\",\\"value\\":\\"0.2\\"}",
  "[0] cvar_change: {\\"name\\":\\"mp_limitteams\\",\\"value\\":\\"0\\"}",
  "[0] cvar_change: {\\"name\\":\\"mp_starting_losses\\",\\"value\\":\\"1\\"}",
  "[0] cvar_change: {\\"name\\":\\"sv_minupdaterate\\",\\"value\\":\\"128\\"}",
  "[0] cvar_change: {\\"name\\":\\"cash_team_elimination_hostage_map_t\\",\\"value\\":\\"3000\\"}",
  "[0] cvar_change: {\\"name\\":\\"ammo_grenade_limit_flashbang\\",\\"value\\":\\"2\\"}",
  "[0] cvar_change: {\\"name\\":\\"sv_coaching_enabled\\",\\"value\\":\\"1\\"}",
  "[0] cvar_change: {\\"name\\":\\"mp_overtime_enable\\",\\"value\\":\\"1\\"}",
  "[0] cvar_change: {\\"name\\":\\"tv_snapshotrate\\",\\"value\\":\\"128\\"}",
  "[0] cvar_change: {\\"name\\":\\"mp_roundtime\\",\\"value\\":\\"1.92\\"}",
  "[0] cvar_change: {\\"name\\":\\"sv_kick_ban_duration\\",\\"value\\":\\"0\\"}",
  "[0] cvar_change: {\\"name\\":\\"mp_halftime\\",\\"value\\":\\"1\\"}",
  "[0] cvar_change: {\\"name\\":\\"sv_spawn_afk_bomb_drop_time\\",\\"value\\":\\"120\\"}",
  "[0] cvar_change: {\\"name\\":\\"mp_ggtr_bomb_respawn_delay\\",\\"value\\":\\"0\\"}",
  "[0] cvar_change: {\\"name\\":\\"cash_team_bonus_shorthanded\\",\\"value\\":\\"1000\\"}",
  "[0] cvar_change: {\\"name\\":\\"think_limit\\",\\"value\\":\\"0\\"}",
  "[0] cvar_change: {\\"name\\":\\"ff_damage_reduction_grenade\\",\\"value\\":\\"0.85\\"}",
  "[0] cvar_change: {\\"name\\":\\"cash_team_elimination_hostage_map_ct\\",\\"value\\":\\"3000\\"}",
  "[0] cvar_change: {\\"name\\":\\"cash_team_win_by_hostage_rescue\\",\\"value\\":\\"2900\\"}",
  "[0] cvar_change: {\\"name\\":\\"bot_join_after_player\\",\\"value\\":\\"0\\"}",
  "[0] cvar_change: {\\"name\\":\\"sv_maxupdaterate\\",\\"value\\":\\"128\\"}",
  "[0] cvar_change: {\\"name\\":\\"tv_transmitall\\",\\"value\\":\\"1\\"}",
  "[147970] player_activate: {\\"name\\":\\"ESL GOTV\\",\\"steamId\\":\\"BOT\\",\\"steam64Id\\":\\"0\\",\\"userInfo\\":{\\"xuid\\":{\\"low\\":0,\\"high\\":0,\\"unsigned\\":false},\\"name\\":\\"ESL GOTV\\",\\"userId\\":2,\\"guid\\":\\"BOT\\",\\"friendsId\\":0,\\"friendsName\\":\\"\\",\\"fakePlayer\\":true,\\"isHltv\\":false}}",
  "[147970] player_activate: {\\"name\\":\\"(1)ESL GOTV\\",\\"steamId\\":\\"BOT\\",\\"steam64Id\\":\\"0\\",\\"userInfo\\":{\\"xuid\\":{\\"low\\":0,\\"high\\":0,\\"unsigned\\":false},\\"name\\":\\"(1)ESL GOTV\\",\\"userId\\":3,\\"guid\\":\\"BOT\\",\\"friendsId\\":1,\\"friendsName\\":\\"\\",\\"fakePlayer\\":true,\\"isHltv\\":false}}",
  "[147970] player_activate: {\\"name\\":\\"SH1R0\\",\\"steamId\\":\\"STEAM_1:1:60609523\\",\\"steam64Id\\":\\"76561198081484775\\",\\"userInfo\\":{\\"xuid\\":{\\"low\\":121219047,\\"high\\":17825793,\\"unsigned\\":false},\\"name\\":\\"SH1R0\\",\\"userId\\":17,\\"guid\\":\\"STEAM_1:1:60609523\\",\\"friendsId\\":121219047,\\"friendsName\\":\\"\\",\\"fakePlayer\\":false,\\"isHltv\\":false}}",
  "[147970] player_activate: {\\"name\\":\\"frozen\\",\\"steamId\\":\\"STEAM_1:0:54078517\\",\\"steam64Id\\":\\"76561198068422762\\",\\"userInfo\\":{\\"xuid\\":{\\"low\\":108157034,\\"high\\":17825793,\\"unsigned\\":false},\\"name\\":\\"frozen\\",\\"userId\\":5,\\"guid\\":\\"STEAM_1:0:54078517\\",\\"friendsId\\":108157034,\\"friendsName\\":\\"\\",\\"fakePlayer\\":false,\\"isHltv\\":false}}",
  "[147970] player_activate: {\\"name\\":\\"@HuggsyUK\\",\\"steamId\\":\\"STEAM_1:0:57090935\\",\\"steam64Id\\":\\"76561198074447598\\",\\"userInfo\\":{\\"xuid\\":{\\"low\\":114181870,\\"high\\":17825793,\\"unsigned\\":false},\\"name\\":\\"@HuggsyUK\\",\\"userId\\":6,\\"guid\\":\\"STEAM_1:0:57090935\\",\\"friendsId\\":114181870,\\"friendsName\\":\\"\\",\\"fakePlayer\\":false,\\"isHltv\\":false}}",
  "[147970] player_activate: {\\"name\\":\\"dexter\\",\\"steamId\\":\\"STEAM_1:1:50767756\\",\\"steam64Id\\":\\"76561198061801241\\",\\"userInfo\\":{\\"xuid\\":{\\"low\\":101535513,\\"high\\":17825793,\\"unsigned\\":false},\\"name\\":\\"dexter\\",\\"userId\\":7,\\"guid\\":\\"STEAM_1:1:50767756\\",\\"friendsId\\":101535513,\\"friendsName\\":\\"\\",\\"fakePlayer\\":false,\\"isHltv\\":false}}",
  "[147970] player_activate: {\\"name\\":\\"Hobbit\\",\\"steamId\\":\\"STEAM_1:0:34013515\\",\\"steam64Id\\":\\"76561198028292758\\",\\"userInfo\\":{\\"xuid\\":{\\"low\\":68027030,\\"high\\":17825793,\\"unsigned\\":false},\\"name\\":\\"Hobbit\\",\\"userId\\":8,\\"guid\\":\\"STEAM_1:0:34013515\\",\\"friendsId\\":68027030,\\"friendsName\\":\\"\\",\\"fakePlayer\\":false,\\"isHltv\\":false}}",
  "[147970] player_activate: {\\"name\\":\\"Ax1Le\\",\\"steamId\\":\\"STEAM_1:0:42583788\\",\\"steam64Id\\":\\"76561198045433304\\",\\"userInfo\\":{\\"xuid\\":{\\"low\\":85167576,\\"high\\":17825793,\\"unsigned\\":false},\\"name\\":\\"Ax1Le\\",\\"userId\\":9,\\"guid\\":\\"STEAM_1:0:42583788\\",\\"friendsId\\":85167576,\\"friendsName\\":\\"\\",\\"fakePlayer\\":false,\\"isHltv\\":false}}",
  "[147970] player_activate: {\\"name\\":\\"torzsi\\",\\"steamId\\":\\"STEAM_1:0:197736742\\",\\"steam64Id\\":\\"76561198355739212\\",\\"userInfo\\":{\\"xuid\\":{\\"low\\":395473484,\\"high\\":17825793,\\"unsigned\\":false},\\"name\\":\\"torzsi\\",\\"userId\\":10,\\"guid\\":\\"STEAM_1:0:197736742\\",\\"friendsId\\":395473484,\\"friendsName\\":\\"\\",\\"fakePlayer\\":false,\\"isHltv\\":false}}",
  "[147970] player_activate: {\\"name\\":\\"nafany\\",\\"steamId\\":\\"STEAM_1:0:49724200\\",\\"steam64Id\\":\\"76561198059714128\\",\\"userInfo\\":{\\"xuid\\":{\\"low\\":99448400,\\"high\\":17825793,\\"unsigned\\":false},\\"name\\":\\"nafany\\",\\"userId\\":11,\\"guid\\":\\"STEAM_1:0:49724200\\",\\"friendsId\\":99448400,\\"friendsName\\":\\"\\",\\"fakePlayer\\":false,\\"isHltv\\":false}}",
  "[147970] player_activate: {\\"name\\":\\"interz\\",\\"steamId\\":\\"STEAM_1:0:123904296\\",\\"steam64Id\\":\\"76561198208074320\\",\\"userInfo\\":{\\"xuid\\":{\\"low\\":247808592,\\"high\\":17825793,\\"unsigned\\":false},\\"name\\":\\"interz\\",\\"userId\\":12,\\"guid\\":\\"STEAM_1:0:123904296\\",\\"friendsId\\":247808592,\\"friendsName\\":\\"\\",\\"fakePlayer\\":false,\\"isHltv\\":false}}",
  "[147970] player_activate: {\\"name\\":\\"xertioN\\",\\"steamId\\":\\"STEAM_1:0:116454203\\",\\"steam64Id\\":\\"76561198193174134\\",\\"userInfo\\":{\\"xuid\\":{\\"low\\":232908406,\\"high\\":17825793,\\"unsigned\\":false},\\"name\\":\\"xertioN\\",\\"userId\\":13,\\"guid\\":\\"STEAM_1:0:116454203\\",\\"friendsId\\":232908406,\\"friendsName\\":\\"\\",\\"fakePlayer\\":false,\\"isHltv\\":false}}",
  "[147970] player_activate: {\\"name\\":\\"JDC\\",\\"steamId\\":\\"STEAM_1:1:59252822\\",\\"steam64Id\\":\\"76561198078771373\\",\\"userInfo\\":{\\"xuid\\":{\\"low\\":118505645,\\"high\\":17825793,\\"unsigned\\":false},\\"name\\":\\"JDC\\",\\"userId\\":15,\\"guid\\":\\"STEAM_1:1:59252822\\",\\"friendsId\\":118505645,\\"friendsName\\":\\"\\",\\"fakePlayer\\":false,\\"isHltv\\":false}}",
  "[147970] player_activate: {\\"name\\":\\"Launders & Scrawny\\",\\"steamId\\":\\"STEAM_1:1:126750099\\",\\"steam64Id\\":\\"76561198213765927\\",\\"userInfo\\":{\\"xuid\\":{\\"low\\":253500199,\\"high\\":17825793,\\"unsigned\\":false},\\"name\\":\\"Launders & Scrawny\\",\\"userId\\":16,\\"guid\\":\\"STEAM_1:1:126750099\\",\\"friendsId\\":253500199,\\"friendsName\\":\\"\\",\\"fakePlayer\\":false,\\"isHltv\\":false}}",
  "[148015] game_event: {\\"name\\":\\"smokegrenade_expired\\",\\"event\\":{\\"userid\\":5,\\"entityid\\":475,\\"x\\":-490.1891174316406,\\"y\\":-593.503662109375,\\"z\\":7.830583095550537,\\"player\\":\\"#4(CCSPlayer)\\",\\"entity\\":\\"#475(CSmokeGrenadeProjectile)\\"}}",
  "[148024] game_event: {\\"name\\":\\"item_equip\\",\\"event\\":{\\"userid\\":11,\\"item\\":\\"smokegrenade\\",\\"defindex\\":45,\\"canzoom\\":false,\\"hassilencer\\":false,\\"issilenced\\":false,\\"hastracers\\":false,\\"weptype\\":9,\\"ispainted\\":false,\\"player\\":\\"#10(CCSPlayer)\\",\\"itemDefinition\\":{\\"className\\":\\"weapon_smokegrenade\\",\\"itemName\\":\\"Smoke Grenade\\"}}}",
  "[148029] game_event: {\\"name\\":\\"item_equip\\",\\"event\\":{\\"userid\\":11,\\"item\\":\\"mac10\\",\\"defindex\\":17,\\"canzoom\\":false,\\"hassilencer\\":false,\\"issilenced\\":false,\\"hastracers\\":true,\\"weptype\\":2,\\"ispainted\\":true,\\"player\\":\\"#10(CCSPlayer)\\",\\"itemDefinition\\":{\\"className\\":\\"weapon_mac10\\",\\"itemName\\":\\"MAC-10\\"}}}",
  "[148075] game_event: {\\"name\\":\\"item_equip\\",\\"event\\":{\\"userid\\":9,\\"item\\":\\"smokegrenade\\",\\"defindex\\":45,\\"canzoom\\":false,\\"hassilencer\\":false,\\"issilenced\\":false,\\"hastracers\\":false,\\"weptype\\":9,\\"ispainted\\":false,\\"player\\":\\"#8(CCSPlayer)\\",\\"itemDefinition\\":{\\"className\\":\\"weapon_smokegrenade\\",\\"itemName\\":\\"Smoke Grenade\\"}}}",
  "[148089] game_event: {\\"name\\":\\"item_equip\\",\\"event\\":{\\"userid\\":11,\\"item\\":\\"smokegrenade\\",\\"defindex\\":45,\\"canzoom\\":false,\\"hassilencer\\":false,\\"issilenced\\":false,\\"hastracers\\":false,\\"weptype\\":9,\\"ispainted\\":false,\\"player\\":\\"#10(CCSPlayer)\\",\\"itemDefinition\\":{\\"className\\":\\"weapon_smokegrenade\\",\\"itemName\\":\\"Smoke Grenade\\"}}}",
  "[148152] game_event: {\\"name\\":\\"item_remove\\",\\"event\\":{\\"userid\\":11,\\"item\\":\\"smokegrenade\\",\\"defindex\\":45,\\"player\\":\\"#10(CCSPlayer)\\",\\"itemDefinition\\":{\\"className\\":\\"weapon_smokegrenade\\",\\"itemName\\":\\"Smoke Grenade\\"}}}",
  "[148152] game_event: {\\"name\\":\\"item_equip\\",\\"event\\":{\\"userid\\":11,\\"item\\":\\"mac10\\",\\"defindex\\":17,\\"canzoom\\":false,\\"hassilencer\\":false,\\"issilenced\\":false,\\"hastracers\\":true,\\"weptype\\":2,\\"ispainted\\":true,\\"player\\":\\"#10(CCSPlayer)\\",\\"itemDefinition\\":{\\"className\\":\\"weapon_mac10\\",\\"itemName\\":\\"MAC-10\\"}}}",
  "[148231] game_event: {\\"name\\":\\"item_pickup\\",\\"event\\":{\\"userid\\":8,\\"item\\":\\"smokegrenade\\",\\"silent\\":true,\\"defindex\\":45,\\"player\\":\\"#7(CCSPlayer)\\",\\"itemDefinition\\":{\\"className\\":\\"weapon_smokegrenade\\",\\"itemName\\":\\"Smoke Grenade\\"}}}",
  "[148309] game_event: {\\"name\\":\\"item_equip\\",\\"event\\":{\\"userid\\":8,\\"item\\":\\"molotov\\",\\"defindex\\":46,\\"canzoom\\":false,\\"hassilencer\\":false,\\"issilenced\\":false,\\"hastracers\\":false,\\"weptype\\":9,\\"ispainted\\":false,\\"player\\":\\"#7(CCSPlayer)\\",\\"itemDefinition\\":{\\"className\\":\\"weapon_molotov\\",\\"itemName\\":\\"Molotov\\"}}}",
  "[148353] game_event: {\\"name\\":\\"hltv_chase\\",\\"event\\":{\\"target1\\":9,\\"target2\\":3,\\"distance\\":112,\\"theta\\":20,\\"phi\\":20,\\"inertia\\":0,\\"ineye\\":1}}",
  "[148384] game_event: {\\"name\\":\\"player_jump\\",\\"event\\":{\\"userid\\":9,\\"player\\":\\"#8(CCSPlayer)\\"}}",
  "[148384] game_event: {\\"name\\":\\"weapon_fire\\",\\"event\\":{\\"userid\\":9,\\"weapon\\":\\"weapon_smokegrenade\\",\\"silenced\\":false,\\"player\\":\\"#8(CCSPlayer)\\"}}",
  "[148414] game_event: {\\"name\\":\\"item_remove\\",\\"event\\":{\\"userid\\":9,\\"item\\":\\"smokegrenade\\",\\"defindex\\":45,\\"player\\":\\"#8(CCSPlayer)\\",\\"itemDefinition\\":{\\"className\\":\\"weapon_smokegrenade\\",\\"itemName\\":\\"Smoke Grenade\\"}}}",
  "[148414] game_event: {\\"name\\":\\"item_equip\\",\\"event\\":{\\"userid\\":9,\\"item\\":\\"ak47\\",\\"defindex\\":7,\\"canzoom\\":false,\\"hassilencer\\":false,\\"issilenced\\":false,\\"hastracers\\":true,\\"weptype\\":3,\\"ispainted\\":true,\\"player\\":\\"#8(CCSPlayer)\\",\\"itemDefinition\\":{\\"className\\":\\"weapon_ak47\\",\\"itemName\\":\\"AK-47\\"}}}",
  "[148417] game_event: {\\"name\\":\\"player_jump\\",\\"event\\":{\\"userid\\":12,\\"player\\":\\"#11(CCSPlayer)\\"}}",
  "[148417] game_event: {\\"name\\":\\"weapon_fire\\",\\"event\\":{\\"userid\\":12,\\"weapon\\":\\"weapon_flashbang\\",\\"silenced\\":false,\\"player\\":\\"#11(CCSPlayer)\\"}}",
  "[148433] game_event: {\\"name\\":\\"item_equip\\",\\"event\\":{\\"userid\\":12,\\"item\\":\\"knife\\",\\"defindex\\":522,\\"canzoom\\":false,\\"hassilencer\\":false,\\"issilenced\\":false,\\"hastracers\\":false,\\"weptype\\":0,\\"ispainted\\":true,\\"player\\":\\"#11(CCSPlayer)\\",\\"itemDefinition\\":{\\"className\\":\\"weapon_knife_stiletto\\",\\"itemName\\":\\"Stiletto Knife\\"}}}",
  "[148435] game_event: {\\"name\\":\\"item_equip\\",\\"event\\":{\\"userid\\":9,\\"item\\":\\"knife\\",\\"defindex\\":508,\\"canzoom\\":false,\\"hassilencer\\":false,\\"issilenced\\":false,\\"hastracers\\":false,\\"weptype\\":0,\\"ispainted\\":true,\\"player\\":\\"#8(CCSPlayer)\\",\\"itemDefinition\\":{\\"className\\":\\"weapon_knife_m9_bayonet\\",\\"itemName\\":\\"M9 Bayonet\\"}}}",
  "[148453] game_event: {\\"name\\":\\"item_equip\\",\\"event\\":{\\"userid\\":12,\\"item\\":\\"flashbang\\",\\"defindex\\":43,\\"canzoom\\":false,\\"hassilencer\\":false,\\"issilenced\\":false,\\"hastracers\\":false,\\"weptype\\":9,\\"ispainted\\":false,\\"player\\":\\"#11(CCSPlayer)\\",\\"itemDefinition\\":{\\"className\\":\\"weapon_flashbang\\",\\"itemName\\":\\"Flashbang\\"}}}",
  "[148466] game_event: {\\"name\\":\\"weapon_fire\\",\\"event\\":{\\"userid\\":8,\\"weapon\\":\\"weapon_molotov\\",\\"silenced\\":false,\\"player\\":\\"#7(CCSPlayer)\\"}}",
  "[148490] game_event: {\\"name\\":\\"item_remove\\",\\"event\\":{\\"userid\\":8,\\"item\\":\\"molotov\\",\\"defindex\\":46,\\"player\\":\\"#7(CCSPlayer)\\",\\"itemDefinition\\":{\\"className\\":\\"weapon_molotov\\",\\"itemName\\":\\"Molotov\\"}}}",
  "[148490] game_event: {\\"name\\":\\"item_equip\\",\\"event\\":{\\"userid\\":8,\\"item\\":\\"galilar\\",\\"defindex\\":13,\\"canzoom\\":false,\\"hassilencer\\":false,\\"issilenced\\":false,\\"hastracers\\":true,\\"weptype\\":3,\\"ispainted\\":false,\\"player\\":\\"#7(CCSPlayer)\\",\\"itemDefinition\\":{\\"className\\":\\"weapon_galilar\\",\\"itemName\\":\\"Galil AR\\"}}}",
  "[148554] game_event: {\\"name\\":\\"weapon_fire\\",\\"event\\":{\\"userid\\":5,\\"weapon\\":\\"weapon_flashbang\\",\\"silenced\\":false,\\"player\\":\\"#4(CCSPlayer)\\"}}",
  "[148574] game_event: {\\"name\\":\\"item_remove\\",\\"event\\":{\\"userid\\":5,\\"item\\":\\"flashbang\\",\\"defindex\\":43,\\"player\\":\\"#4(CCSPlayer)\\",\\"itemDefinition\\":{\\"className\\":\\"weapon_flashbang\\",\\"itemName\\":\\"Flashbang\\"}}}",
  "[148574] game_event: {\\"name\\":\\"item_equip\\",\\"event\\":{\\"userid\\":5,\\"item\\":\\"famas\\",\\"defindex\\":10,\\"canzoom\\":false,\\"hassilencer\\":false,\\"issilenced\\":false,\\"hastracers\\":true,\\"weptype\\":3,\\"ispainted\\":true,\\"player\\":\\"#4(CCSPlayer)\\",\\"itemDefinition\\":{\\"className\\":\\"weapon_famas\\",\\"itemName\\":\\"FAMAS\\"}}}",
  "[148576] game_event: {\\"name\\":\\"item_equip\\",\\"event\\":{\\"userid\\":9,\\"item\\":\\"ak47\\",\\"defindex\\":7,\\"canzoom\\":false,\\"hassilencer\\":false,\\"issilenced\\":false,\\"hastracers\\":true,\\"weptype\\":3,\\"ispainted\\":true,\\"player\\":\\"#8(CCSPlayer)\\",\\"itemDefinition\\":{\\"className\\":\\"weapon_ak47\\",\\"itemName\\":\\"AK-47\\"}}}",
  "[148606] game_event: {\\"name\\":\\"player_jump\\",\\"event\\":{\\"userid\\":12,\\"player\\":\\"#11(CCSPlayer)\\"}}",
  "[148606] game_event: {\\"name\\":\\"weapon_fire\\",\\"event\\":{\\"userid\\":12,\\"weapon\\":\\"weapon_flashbang\\",\\"silenced\\":false,\\"player\\":\\"#11(CCSPlayer)\\"}}",
  "[148626] game_event: {\\"name\\":\\"item_remove\\",\\"event\\":{\\"userid\\":12,\\"item\\":\\"flashbang\\",\\"defindex\\":43,\\"player\\":\\"#11(CCSPlayer)\\",\\"itemDefinition\\":{\\"className\\":\\"weapon_flashbang\\",\\"itemName\\":\\"Flashbang\\"}}}",
  "[148626] game_event: {\\"name\\":\\"item_equip\\",\\"event\\":{\\"userid\\":12,\\"item\\":\\"tec9\\",\\"defindex\\":30,\\"canzoom\\":false,\\"hassilencer\\":false,\\"issilenced\\":false,\\"hastracers\\":true,\\"weptype\\":1,\\"ispainted\\":true,\\"player\\":\\"#11(CCSPlayer)\\",\\"itemDefinition\\":{\\"className\\":\\"weapon_tec9\\",\\"itemName\\":\\"Tec-9\\"}}}",
  "[148631] game_event: {\\"name\\":\\"player_jump\\",\\"event\\":{\\"userid\\":11,\\"player\\":\\"#10(CCSPlayer)\\"}}",
  "[148639] game_event: {\\"name\\":\\"flashbang_detonate\\",\\"event\\":{\\"userid\\":12,\\"entityid\\":259,\\"x\\":-1307.9156494140625,\\"y\\":-514.0462646484375,\\"z\\":412.2078857421875,\\"player\\":\\"#11(CCSPlayer)\\",\\"entity\\":\\"#259(CBaseCSGrenadeProjectile)\\"}}",
  "[148639] game_event: {\\"name\\":\\"player_blind\\",\\"event\\":{\\"userid\\":2,\\"attacker\\":12,\\"entityid\\":259,\\"blind_duration\\":4.204379081726074,\\"player\\":\\"#1(CCSPlayer)\\",\\"attackerEntity\\":\\"#11(CCSPlayer)\\",\\"entity\\":\\"#259(CBaseCSGrenadeProjectile)\\"}}",
  "[148639] game_event: {\\"name\\":\\"player_blind\\",\\"event\\":{\\"userid\\":3,\\"attacker\\":12,\\"entityid\\":259,\\"blind_duration\\":4.204379081726074,\\"player\\":\\"#2(CCSPlayer)\\",\\"attackerEntity\\":\\"#11(CCSPlayer)\\",\\"entity\\":\\"#259(CBaseCSGrenadeProjectile)\\"}}",
  "[148639] game_event: {\\"name\\":\\"player_blind\\",\\"event\\":{\\"userid\\":8,\\"attacker\\":12,\\"entityid\\":259,\\"blind_duration\\":1.8791098594665527,\\"player\\":\\"#7(CCSPlayer)\\",\\"attackerEntity\\":\\"#11(CCSPlayer)\\",\\"entity\\":\\"#259(CBaseCSGrenadeProjectile)\\"}}",
  "[148639] game_event: {\\"name\\":\\"player_blind\\",\\"event\\":{\\"userid\\":9,\\"attacker\\":12,\\"entityid\\":259,\\"blind_duration\\":1.8954263925552368,\\"player\\":\\"#8(CCSPlayer)\\",\\"attackerEntity\\":\\"#11(CCSPlayer)\\",\\"entity\\":\\"#259(CBaseCSGrenadeProjectile)\\"}}",
  "[148639] game_event: {\\"name\\":\\"player_blind\\",\\"event\\":{\\"userid\\":11,\\"attacker\\":12,\\"entityid\\":259,\\"blind_duration\\":0.9035791754722595,\\"player\\":\\"#10(CCSPlayer)\\",\\"attackerEntity\\":\\"#11(CCSPlayer)\\",\\"entity\\":\\"#259(CBaseCSGrenadeProjectile)\\"}}",
  "[148639] game_event: {\\"name\\":\\"player_blind\\",\\"event\\":{\\"userid\\":12,\\"attacker\\":12,\\"entityid\\":259,\\"blind_duration\\":3.392557144165039,\\"player\\":\\"#11(CCSPlayer)\\",\\"attackerEntity\\":\\"#11(CCSPlayer)\\",\\"entity\\":\\"#259(CBaseCSGrenadeProjectile)\\"}}",
  "[148639] game_event: {\\"name\\":\\"player_blind\\",\\"event\\":{\\"userid\\":16,\\"attacker\\":12,\\"entityid\\":259,\\"blind_duration\\":0.9035791754722595,\\"player\\":\\"#14(CCSPlayer)\\",\\"attackerEntity\\":\\"#11(CCSPlayer)\\",\\"entity\\":\\"#259(CBaseCSGrenadeProjectile)\\"}}",
  "[148690] game_event: {\\"name\\":\\"hltv_status\\",\\"event\\":{\\"clients\\":12,\\"slots\\":860,\\"proxies\\":4,\\"master\\":\\"\\",\\"externaltotal\\":0,\\"externallinked\\":0}}",
  "[148691] game_event: {\\"name\\":\\"hltv_status\\",\\"event\\":{\\"clients\\":12,\\"slots\\":860,\\"proxies\\":4,\\"master\\":\\"\\",\\"externaltotal\\":0,\\"externallinked\\":0}}",
  "[148716] user_message: {\\"name\\":\\"Damage\\",\\"msg\\":{\\"amount\\":17,\\"inflictorWorldPos\\":{\\"x\\":-1052.834716796875,\\"y\\":-92.33523559570312,\\"z\\":154.2672119140625},\\"victimEntindex\\":12}}",
  "[148716] game_event: {\\"name\\":\\"weapon_fire\\",\\"event\\":{\\"userid\\":11,\\"weapon\\":\\"weapon_mac10\\",\\"silenced\\":false,\\"player\\":\\"#10(CCSPlayer)\\"}}",
  "[148716] game_event: {\\"name\\":\\"player_hurt\\",\\"event\\":{\\"userid\\":13,\\"attacker\\":11,\\"health\\":83,\\"armor\\":93,\\"weapon\\":\\"mac10\\",\\"dmg_health\\":17,\\"dmg_armor\\":6,\\"hitgroup\\":3,\\"player\\":\\"#12(CCSPlayer)\\",\\"attackerEntity\\":\\"#10(CCSPlayer)\\"}}",
  "[148726] user_message: {\\"name\\":\\"Damage\\",\\"msg\\":{\\"amount\\":17,\\"inflictorWorldPos\\":{\\"x\\":-1057.61669921875,\\"y\\":-75.31344604492188,\\"z\\":135.03125},\\"victimEntindex\\":12}}",
  "[148726] game_event: {\\"name\\":\\"weapon_fire\\",\\"event\\":{\\"userid\\":11,\\"weapon\\":\\"weapon_mac10\\",\\"silenced\\":false,\\"player\\":\\"#10(CCSPlayer)\\"}}",
  "[148726] game_event: {\\"name\\":\\"player_hurt\\",\\"event\\":{\\"userid\\":13,\\"attacker\\":11,\\"health\\":66,\\"armor\\":86,\\"weapon\\":\\"mac10\\",\\"dmg_health\\":17,\\"dmg_armor\\":6,\\"hitgroup\\":3,\\"player\\":\\"#12(CCSPlayer)\\",\\"attackerEntity\\":\\"#10(CCSPlayer)\\"}}",
  "[148732] game_event: {\\"name\\":\\"item_equip\\",\\"event\\":{\\"userid\\":10,\\"item\\":\\"knife\\",\\"defindex\\":515,\\"canzoom\\":false,\\"hassilencer\\":false,\\"issilenced\\":false,\\"hastracers\\":false,\\"weptype\\":0,\\"ispainted\\":true,\\"player\\":\\"#9(CCSPlayer)\\",\\"itemDefinition\\":{\\"className\\":\\"weapon_knife_butterfly\\",\\"itemName\\":\\"Butterfly Knife\\"}}}",
  "[148734] game_event: {\\"name\\":\\"item_equip\\",\\"event\\":{\\"userid\\":7,\\"item\\":\\"knife\\",\\"defindex\\":507,\\"canzoom\\":false,\\"hassilencer\\":false,\\"issilenced\\":false,\\"hastracers\\":false,\\"weptype\\":0,\\"ispainted\\":true,\\"player\\":\\"#6(CCSPlayer)\\",\\"itemDefinition\\":{\\"className\\":\\"weapon_knife_karambit\\",\\"itemName\\":\\"Karambit\\"}}}",
  "[148736] game_event: {\\"name\\":\\"weapon_fire\\",\\"event\\":{\\"userid\\":11,\\"weapon\\":\\"weapon_mac10\\",\\"silenced\\":false,\\"player\\":\\"#10(CCSPlayer)\\"}}",
  "[148740] game_event: {\\"name\\":\\"inferno_startburn\\",\\"event\\":{\\"entityid\\":154,\\"x\\":-1806.0216064453125,\\"y\\":-335.5621643066406,\\"z\\":128.03125}}",
  "[148745] user_message: {\\"name\\":\\"Damage\\",\\"msg\\":{\\"amount\\":14,\\"inflictorWorldPos\\":{\\"x\\":-1064.2469482421875,\\"y\\":-64.94849395751953,\\"z\\":135.03125},\\"victimEntindex\\":12}}",
  "[148745] game_event: {\\"name\\":\\"weapon_fire\\",\\"event\\":{\\"userid\\":11,\\"weapon\\":\\"weapon_mac10\\",\\"silenced\\":false,\\"player\\":\\"#10(CCSPlayer)\\"}}",
  "[148745] game_event: {\\"name\\":\\"player_hurt\\",\\"event\\":{\\"userid\\":13,\\"attacker\\":11,\\"health\\":52,\\"armor\\":80,\\"weapon\\":\\"mac10\\",\\"dmg_health\\":14,\\"dmg_armor\\":5,\\"hitgroup\\":2,\\"player\\":\\"#12(CCSPlayer)\\",\\"attackerEntity\\":\\"#10(CCSPlayer)\\"}}",
  "[148755] user_message: {\\"name\\":\\"Damage\\",\\"msg\\":{\\"amount\\":14,\\"inflictorWorldPos\\":{\\"x\\":-1065.2115478515625,\\"y\\":-58.3405876159668,\\"z\\":135.03125},\\"victimEntindex\\":12}}",
  "[148755] game_event: {\\"name\\":\\"weapon_fire\\",\\"event\\":{\\"userid\\":11,\\"weapon\\":\\"weapon_mac10\\",\\"silenced\\":false,\\"player\\":\\"#10(CCSPlayer)\\"}}",
  "[148755] game_event: {\\"name\\":\\"player_hurt\\",\\"event\\":{\\"userid\\":13,\\"attacker\\":11,\\"health\\":38,\\"armor\\":74,\\"weapon\\":\\"mac10\\",\\"dmg_health\\":14,\\"dmg_armor\\":5,\\"hitgroup\\":2,\\"player\\":\\"#12(CCSPlayer)\\",\\"attackerEntity\\":\\"#10(CCSPlayer)\\"}}",
  "[148764] user_message: {\\"name\\":\\"Damage\\",\\"msg\\":{\\"amount\\":14,\\"inflictorWorldPos\\":{\\"x\\":-1066.2691650390625,\\"y\\":-58.6329460144043,\\"z\\":135.03125},\\"victimEntindex\\":12}}",
  "[148764] game_event: {\\"name\\":\\"weapon_fire\\",\\"event\\":{\\"userid\\":11,\\"weapon\\":\\"weapon_mac10\\",\\"silenced\\":false,\\"player\\":\\"#10(CCSPlayer)\\"}}",
  "[148764] game_event: {\\"name\\":\\"player_hurt\\",\\"event\\":{\\"userid\\":13,\\"attacker\\":11,\\"health\\":24,\\"armor\\":68,\\"weapon\\":\\"mac10\\",\\"dmg_health\\":14,\\"dmg_armor\\":5,\\"hitgroup\\":2,\\"player\\":\\"#12(CCSPlayer)\\",\\"attackerEntity\\":\\"#10(CCSPlayer)\\"}}",
  "[148766] user_message: {\\"name\\":\\"Damage\\",\\"msg\\":{\\"amount\\":82,\\"inflictorWorldPos\\":{\\"x\\":-1004.3014526367188,\\"y\\":149.66033935546875,\\"z\\":135.03125},\\"victimEntindex\\":10}}",
  "[148766] game_event: {\\"name\\":\\"weapon_fire\\",\\"event\\":{\\"userid\\":15,\\"weapon\\":\\"weapon_famas\\",\\"silenced\\":false,\\"player\\":\\"#13(CCSPlayer)\\"}}",
  "[148766] game_event: {\\"name\\":\\"player_hurt\\",\\"event\\":{\\"userid\\":11,\\"attacker\\":15,\\"health\\":18,\\"armor\\":82,\\"weapon\\":\\"famas\\",\\"dmg_health\\":82,\\"dmg_armor\\":17,\\"hitgroup\\":1,\\"player\\":\\"#10(CCSPlayer)\\",\\"attackerEntity\\":\\"#13(CCSPlayer)\\"}}",
  "[148774] game_event: {\\"name\\":\\"weapon_fire\\",\\"event\\":{\\"userid\\":11,\\"weapon\\":\\"weapon_mac10\\",\\"silenced\\":false,\\"player\\":\\"#10(CCSPlayer)\\"}}",
  "[148776] game_event: {\\"name\\":\\"flashbang_detonate\\",\\"event\\":{\\"userid\\":5,\\"entityid\\":268,\\"x\\":-600.1688842773438,\\"y\\":306.4549865722656,\\"z\\":51.88862609863281,\\"player\\":\\"#4(CCSPlayer)\\",\\"entity\\":\\"#268(CBaseCSGrenadeProjectile)\\"}}",
  "[148776] game_event: {\\"name\\":\\"player_blind\\",\\"event\\":{\\"userid\\":13,\\"attacker\\":5,\\"entityid\\":268,\\"blind_duration\\":0.9097913503646851,\\"player\\":\\"#12(CCSPlayer)\\",\\"attackerEntity\\":\\"#4(CCSPlayer)\\",\\"entity\\":\\"#268(CBaseCSGrenadeProjectile)\\"}}",
  "[148776] game_event: {\\"name\\":\\"player_blind\\",\\"event\\":{\\"userid\\":15,\\"attacker\\":5,\\"entityid\\":268,\\"blind_duration\\":0.9122874140739441,\\"player\\":\\"#13(CCSPlayer)\\",\\"attackerEntity\\":\\"#4(CCSPlayer)\\",\\"entity\\":\\"#268(CBaseCSGrenadeProjectile)\\"}}",
  "[148778] game_event: {\\"name\\":\\"weapon_fire\\",\\"event\\":{\\"userid\\":15,\\"weapon\\":\\"weapon_famas\\",\\"silenced\\":false,\\"player\\":\\"#13(CCSPlayer)\\"}}",
  "[148784] user_message: {\\"name\\":\\"Damage\\",\\"msg\\":{\\"amount\\":14,\\"inflictorWorldPos\\":{\\"x\\":-1067.234130859375,\\"y\\":-56.90568542480469,\\"z\\":135.03125},\\"victimEntindex\\":12}}",
  "[148784] game_event: {\\"name\\":\\"weapon_fire\\",\\"event\\":{\\"userid\\":11,\\"weapon\\":\\"weapon_mac10\\",\\"silenced\\":false,\\"player\\":\\"#10(CCSPlayer)\\"}}",
  "[148784] game_event: {\\"name\\":\\"player_hurt\\",\\"event\\":{\\"userid\\":13,\\"attacker\\":11,\\"health\\":10,\\"armor\\":62,\\"weapon\\":\\"mac10\\",\\"dmg_health\\":14,\\"dmg_armor\\":5,\\"hitgroup\\":2,\\"player\\":\\"#12(CCSPlayer)\\",\\"attackerEntity\\":\\"#10(CCSPlayer)\\"}}",
  "[148788] game_event: {\\"name\\":\\"weapon_fire\\",\\"event\\":{\\"userid\\":13,\\"weapon\\":\\"weapon_m4a1_silencer\\",\\"silenced\\":true,\\"player\\":\\"#12(CCSPlayer)\\"}}",
  "[148790] user_message: {\\"name\\":\\"Damage\\",\\"msg\\":{\\"amount\\":82,\\"inflictorWorldPos\\":{\\"x\\":-1002.6286010742188,\\"y\\":148.4683074951172,\\"z\\":135.03125},\\"victimEntindex\\":10}}",
  "[148790] game_event: {\\"name\\":\\"weapon_fire\\",\\"event\\":{\\"userid\\":15,\\"weapon\\":\\"weapon_famas\\",\\"silenced\\":false,\\"player\\":\\"#13(CCSPlayer)\\"}}",
  "[148790] game_event: {\\"name\\":\\"player_hurt\\",\\"event\\":{\\"userid\\":11,\\"attacker\\":15,\\"health\\":0,\\"armor\\":64,\\"weapon\\":\\"famas\\",\\"dmg_health\\":82,\\"dmg_armor\\":17,\\"hitgroup\\":1,\\"player\\":\\"#10(CCSPlayer)\\",\\"attackerEntity\\":\\"#13(CCSPlayer)\\"}}",
  "[148790] game_event: {\\"name\\":\\"item_remove\\",\\"event\\":{\\"userid\\":11,\\"item\\":\\"mac10\\",\\"defindex\\":17,\\"player\\":\\"#10(CCSPlayer)\\",\\"itemDefinition\\":{\\"className\\":\\"weapon_mac10\\",\\"itemName\\":\\"MAC-10\\"}}}",
  "[148790] game_event: {\\"name\\":\\"item_equip\\",\\"event\\":{\\"userid\\":11,\\"item\\":\\"glock\\",\\"defindex\\":4,\\"canzoom\\":false,\\"hassilencer\\":false,\\"issilenced\\":false,\\"hastracers\\":true,\\"weptype\\":1,\\"ispainted\\":true,\\"player\\":\\"#10(CCSPlayer)\\",\\"itemDefinition\\":{\\"className\\":\\"weapon_glock\\",\\"itemName\\":\\"Glock-18\\"}}}",
  "[148790] game_event: {\\"name\\":\\"item_remove\\",\\"event\\":{\\"userid\\":11,\\"item\\":\\"vesthelm\\",\\"defindex\\":0,\\"player\\":\\"#10(CCSPlayer)\\",\\"itemDefinition\\":null}}",
  "[148790] game_event: {\\"name\\":\\"item_remove\\",\\"event\\":{\\"userid\\":11,\\"item\\":\\"knife\\",\\"defindex\\":508,\\"player\\":\\"#10(CCSPlayer)\\",\\"itemDefinition\\":{\\"className\\":\\"weapon_knife_m9_bayonet\\",\\"itemName\\":\\"M9 Bayonet\\"}}}",
  "[148790] game_event: {\\"name\\":\\"item_remove\\",\\"event\\":{\\"userid\\":11,\\"item\\":\\"glock\\",\\"defindex\\":4,\\"player\\":\\"#10(CCSPlayer)\\",\\"itemDefinition\\":{\\"className\\":\\"weapon_glock\\",\\"itemName\\":\\"Glock-18\\"}}}",
  "[148790] game_event: {\\"name\\":\\"player_death\\",\\"event\\":{\\"userid\\":11,\\"attacker\\":15,\\"assister\\":12,\\"assistedflash\\":true,\\"weapon\\":\\"famas\\",\\"weapon_itemid\\":\\"0\\",\\"weapon_fauxitemid\\":\\"17293822569102704650\\",\\"weapon_originalowner_xuid\\":\\"76561198078771373\\",\\"headshot\\":true,\\"dominated\\":0,\\"revenge\\":0,\\"wipe\\":0,\\"penetrated\\":0,\\"noreplay\\":false,\\"noscope\\":false,\\"thrusmoke\\":false,\\"attackerblind\\":false,\\"distance\\":5.495571613311768,\\"player\\":\\"#10(CCSPlayer)\\",\\"attackerEntity\\":\\"#13(CCSPlayer)\\",\\"assisterEntity\\":\\"#11(CCSPlayer)\\",\\"itemDefinition\\":{\\"className\\":\\"weapon_famas\\",\\"itemName\\":\\"FAMAS\\"},\\"paintKit\\":{\\"name\\":\\"default\\",\\"tag\\":\\"-\\"},\\"originalOwner\\":\\"#13(CCSPlayer)\\"}}",
  "[148793] user_message: {\\"name\\":\\"Damage\\",\\"msg\\":{\\"amount\\":1,\\"inflictorWorldPos\\":{\\"x\\":-1806.0216064453125,\\"y\\":-335.5621643066406,\\"z\\":128.03125},\\"victimEntindex\\":4}}",
  "[148793] game_event: {\\"name\\":\\"player_hurt\\",\\"event\\":{\\"userid\\":5,\\"attacker\\":8,\\"health\\":99,\\"armor\\":100,\\"weapon\\":\\"inferno\\",\\"dmg_health\\":1,\\"dmg_armor\\":0,\\"hitgroup\\":0,\\"player\\":\\"#4(CCSPlayer)\\",\\"attackerEntity\\":\\"#7(CCSPlayer)\\"}}",
  "[148801] game_event: {\\"name\\":\\"weapon_fire\\",\\"event\\":{\\"userid\\":13,\\"weapon\\":\\"weapon_m4a1_silencer\\",\\"silenced\\":true,\\"player\\":\\"#12(CCSPlayer)\\"}}",
  "[148801] game_event: {\\"name\\":\\"weapon_fire\\",\\"event\\":{\\"userid\\":15,\\"weapon\\":\\"weapon_famas\\",\\"silenced\\":false,\\"player\\":\\"#13(CCSPlayer)\\"}}",
  "[148813] game_event: {\\"name\\":\\"weapon_fire\\",\\"event\\":{\\"userid\\":15,\\"weapon\\":\\"weapon_famas\\",\\"silenced\\":false,\\"player\\":\\"#13(CCSPlayer)\\"}}",
  "[148818] user_message: {\\"name\\":\\"Damage\\",\\"msg\\":{\\"amount\\":2,\\"inflictorWorldPos\\":{\\"x\\":-1806.0216064453125,\\"y\\":-335.5621643066406,\\"z\\":128.03125},\\"victimEntindex\\":4}}",
  "[148818] game_event: {\\"name\\":\\"player_hurt\\",\\"event\\":{\\"userid\\":5,\\"attacker\\":8,\\"health\\":97,\\"armor\\":100,\\"weapon\\":\\"inferno\\",\\"dmg_health\\":2,\\"dmg_armor\\":0,\\"hitgroup\\":0,\\"player\\":\\"#4(CCSPlayer)\\",\\"attackerEntity\\":\\"#7(CCSPlayer)\\"}}",
  "[148824] game_event: {\\"name\\":\\"weapon_fire\\",\\"event\\":{\\"userid\\":15,\\"weapon\\":\\"weapon_famas\\",\\"silenced\\":false,\\"player\\":\\"#13(CCSPlayer)\\"}}",
  "[148828] game_event: {\\"name\\":\\"flashbang_detonate\\",\\"event\\":{\\"userid\\":12,\\"entityid\\":401,\\"x\\":-1312.468994140625,\\"y\\":-498.87811279296875,\\"z\\":416.22393798828125,\\"player\\":\\"#11(CCSPlayer)\\",\\"entity\\":\\"#401(CBaseCSGrenadeProjectile)\\"}}",
  "[148828] game_event: {\\"name\\":\\"player_blind\\",\\"event\\":{\\"userid\\":2,\\"attacker\\":12,\\"entityid\\":401,\\"blind_duration\\":4.175513744354248,\\"player\\":\\"#1(CCSPlayer)\\",\\"attackerEntity\\":\\"#11(CCSPlayer)\\",\\"entity\\":\\"#401(CBaseCSGrenadeProjectile)\\"}}",
  "[148828] game_event: {\\"name\\":\\"player_blind\\",\\"event\\":{\\"userid\\":3,\\"attacker\\":12,\\"entityid\\":401,\\"blind_duration\\":4.175513744354248,\\"player\\":\\"#2(CCSPlayer)\\",\\"attackerEntity\\":\\"#11(CCSPlayer)\\",\\"entity\\":\\"#401(CBaseCSGrenadeProjectile)\\"}}",
  "[148828] game_event: {\\"name\\":\\"player_blind\\",\\"event\\":{\\"userid\\":8,\\"attacker\\":12,\\"entityid\\":401,\\"blind_duration\\":0.6025652289390564,\\"player\\":\\"#7(CCSPlayer)\\",\\"attackerEntity\\":\\"#11(CCSPlayer)\\",\\"entity\\":\\"#401(CBaseCSGrenadeProjectile)\\"}}",
  "[148828] game_event: {\\"name\\":\\"player_blind\\",\\"event\\":{\\"userid\\":9,\\"attacker\\":12,\\"entityid\\":401,\\"blind_duration\\":3.314570665359497,\\"player\\":\\"#8(CCSPlayer)\\",\\"attackerEntity\\":\\"#11(CCSPlayer)\\",\\"entity\\":\\"#401(CBaseCSGrenadeProjectile)\\"}}",
  "[148828] game_event: {\\"name\\":\\"player_blind\\",\\"event\\":{\\"userid\\":11,\\"attacker\\":12,\\"entityid\\":401,\\"blind_duration\\":0.8761208653450012,\\"player\\":\\"#10(CCSPlayer)\\",\\"attackerEntity\\":\\"#11(CCSPlayer)\\",\\"entity\\":\\"#401(CBaseCSGrenadeProjectile)\\"}}",
  "[148828] game_event: {\\"name\\":\\"player_blind\\",\\"event\\":{\\"userid\\":15,\\"attacker\\":12,\\"entityid\\":401,\\"blind_duration\\":3.997659683227539,\\"player\\":\\"#13(CCSPlayer)\\",\\"attackerEntity\\":\\"#11(CCSPlayer)\\",\\"entity\\":\\"#401(CBaseCSGrenadeProjectile)\\"}}",
  "[148828] game_event: {\\"name\\":\\"player_blind\\",\\"event\\":{\\"userid\\":16,\\"attacker\\":12,\\"entityid\\":401,\\"blind_duration\\":0.8761208653450012,\\"player\\":\\"#14(CCSPlayer)\\",\\"attackerEntity\\":\\"#11(CCSPlayer)\\",\\"entity\\":\\"#401(CBaseCSGrenadeProjectile)\\"}}",
  "[148831] game_event: {\\"name\\":\\"weapon_fire\\",\\"event\\":{\\"userid\\":13,\\"weapon\\":\\"weapon_m4a1_silencer\\",\\"silenced\\":true,\\"player\\":\\"#12(CCSPlayer)\\"}}",
  "[148844] user_message: {\\"name\\":\\"Damage\\",\\"msg\\":{\\"amount\\":3,\\"inflictorWorldPos\\":{\\"x\\":-1806.0216064453125,\\"y\\":-335.5621643066406,\\"z\\":128.03125},\\"victimEntindex\\":4}}",
  "[148844] game_event: {\\"name\\":\\"weapon_fire\\",\\"event\\":{\\"userid\\":13,\\"weapon\\":\\"weapon_m4a1_silencer\\",\\"silenced\\":true,\\"player\\":\\"#12(CCSPlayer)\\"}}",
  "[148844] game_event: {\\"name\\":\\"player_hurt\\",\\"event\\":{\\"userid\\":5,\\"attacker\\":8,\\"health\\":94,\\"armor\\":100,\\"weapon\\":\\"inferno\\",\\"dmg_health\\":3,\\"dmg_armor\\":0,\\"hitgroup\\":0,\\"player\\":\\"#4(CCSPlayer)\\",\\"attackerEntity\\":\\"#7(CCSPlayer)\\"}}",
  "[148849] game_event: {\\"name\\":\\"smokegrenade_detonate\\",\\"event\\":{\\"userid\\":9,\\"entityid\\":101,\\"x\\":-1812.5257568359375,\\"y\\":585.665771484375,\\"z\\":258.03125,\\"player\\":\\"#8(CCSPlayer)\\",\\"entity\\":\\"#101(CSmokeGrenadeProjectile)\\"}}",
  "[148869] user_message: {\\"name\\":\\"Damage\\",\\"msg\\":{\\"amount\\":4,\\"inflictorWorldPos\\":{\\"x\\":-1806.0216064453125,\\"y\\":-335.5621643066406,\\"z\\":128.03125},\\"victimEntindex\\":4}}",
  "[148869] game_event: {\\"name\\":\\"player_hurt\\",\\"event\\":{\\"userid\\":5,\\"attacker\\":8,\\"health\\":90,\\"armor\\":100,\\"weapon\\":\\"inferno\\",\\"dmg_health\\":4,\\"dmg_armor\\":0,\\"hitgroup\\":0,\\"player\\":\\"#4(CCSPlayer)\\",\\"attackerEntity\\":\\"#7(CCSPlayer)\\"}}",
  "[148870] game_event: {\\"name\\":\\"item_equip\\",\\"event\\":{\\"userid\\":7,\\"item\\":\\"famas\\",\\"defindex\\":10,\\"canzoom\\":false,\\"hassilencer\\":false,\\"issilenced\\":false,\\"hastracers\\":true,\\"weptype\\":3,\\"ispainted\\":false,\\"player\\":\\"#6(CCSPlayer)\\",\\"itemDefinition\\":{\\"className\\":\\"weapon_famas\\",\\"itemName\\":\\"FAMAS\\"}}}",
  "[148871] game_event: {\\"name\\":\\"weapon_fire\\",\\"event\\":{\\"userid\\":15,\\"weapon\\":\\"weapon_famas\\",\\"silenced\\":false,\\"player\\":\\"#13(CCSPlayer)\\"}}",
  "[148883] game_event: {\\"name\\":\\"weapon_fire\\",\\"event\\":{\\"userid\\":15,\\"weapon\\":\\"weapon_famas\\",\\"silenced\\":false,\\"player\\":\\"#13(CCSPlayer)\\"}}",
  "[148889] user_message: {\\"name\\":\\"Damage\\",\\"msg\\":{\\"amount\\":19,\\"inflictorWorldPos\\":{\\"x\\":-1861.09033203125,\\"y\\":-209.45201110839844,\\"z\\":164.03125},\\"victimEntindex\\":7}}",
  "[148889] game_event: {\\"name\\":\\"weapon_fire\\",\\"event\\":{\\"userid\\":5,\\"weapon\\":\\"weapon_famas\\",\\"silenced\\":false,\\"player\\":\\"#4(CCSPlayer)\\"}}",
  "[148889] game_event: {\\"name\\":\\"player_hurt\\",\\"event\\":{\\"userid\\":8,\\"attacker\\":5,\\"health\\":81,\\"armor\\":94,\\"weapon\\":\\"famas\\",\\"dmg_health\\":19,\\"dmg_armor\\":4,\\"hitgroup\\":2,\\"player\\":\\"#7(CCSPlayer)\\",\\"attackerEntity\\":\\"#4(CCSPlayer)\\"}}",
  "[148895] user_message: {\\"name\\":\\"Damage\\",\\"msg\\":{\\"amount\\":4,\\"inflictorWorldPos\\":{\\"x\\":-1806.0216064453125,\\"y\\":-335.5621643066406,\\"z\\":128.03125},\\"victimEntindex\\":4}}",
  "[148895] game_event: {\\"name\\":\\"player_hurt\\",\\"event\\":{\\"userid\\":5,\\"attacker\\":8,\\"health\\":86,\\"armor\\":100,\\"weapon\\":\\"inferno\\",\\"dmg_health\\":4,\\"dmg_armor\\":0,\\"hitgroup\\":0,\\"player\\":\\"#4(CCSPlayer)\\",\\"attackerEntity\\":\\"#7(CCSPlayer)\\"}}",
  "[148900] user_message: {\\"name\\":\\"Damage\\",\\"msg\\":{\\"amount\\":19,\\"inflictorWorldPos\\":{\\"x\\":-1865.077880859375,\\"y\\":-206.93215942382812,\\"z\\":164.03125},\\"victimEntindex\\":7}}",
  "[148900] game_event: {\\"name\\":\\"weapon_fire\\",\\"event\\":{\\"userid\\":5,\\"weapon\\":\\"weapon_famas\\",\\"silenced\\":false,\\"player\\":\\"#4(CCSPlayer)\\"}}",
  "[148900] game_event: {\\"name\\":\\"player_hurt\\",\\"event\\":{\\"userid\\":8,\\"attacker\\":5,\\"health\\":62,\\"armor\\":89,\\"weapon\\":\\"famas\\",\\"dmg_health\\":19,\\"dmg_armor\\":4,\\"hitgroup\\":2,\\"player\\":\\"#7(CCSPlayer)\\",\\"attackerEntity\\":\\"#4(CCSPlayer)\\"}}",
  "[148901] game_event: {\\"name\\":\\"item_equip\\",\\"event\\":{\\"userid\\":9,\\"item\\":\\"knife\\",\\"defindex\\":508,\\"canzoom\\":false,\\"hassilencer\\":false,\\"issilenced\\":false,\\"hastracers\\":false,\\"weptype\\":0,\\"ispainted\\":true,\\"player\\":\\"#8(CCSPlayer)\\",\\"itemDefinition\\":{\\"className\\":\\"weapon_knife_m9_bayonet\\",\\"itemName\\":\\"M9 Bayonet\\"}}}",
  "[148913] game_event: {\\"name\\":\\"weapon_fire\\",\\"event\\":{\\"userid\\":5,\\"weapon\\":\\"weapon_famas\\",\\"silenced\\":false,\\"player\\":\\"#4(CCSPlayer)\\"}}",
  "[148921] user_message: {\\"name\\":\\"Damage\\",\\"msg\\":{\\"amount\\":5,\\"inflictorWorldPos\\":{\\"x\\":-1806.0216064453125,\\"y\\":-335.5621643066406,\\"z\\":128.03125},\\"victimEntindex\\":4}}",
  "[148921] game_event: {\\"name\\":\\"weapon_fire\\",\\"event\\":{\\"userid\\":8,\\"weapon\\":\\"weapon_galilar\\",\\"silenced\\":false,\\"player\\":\\"#7(CCSPlayer)\\"}}",
  "[148921] game_event: {\\"name\\":\\"player_hurt\\",\\"event\\":{\\"userid\\":5,\\"attacker\\":8,\\"health\\":81,\\"armor\\":100,\\"weapon\\":\\"inferno\\",\\"dmg_health\\":5,\\"dmg_armor\\":0,\\"hitgroup\\":0,\\"player\\":\\"#4(CCSPlayer)\\",\\"attackerEntity\\":\\"#7(CCSPlayer)\\"}}",
  "[148924] user_message: {\\"name\\":\\"Damage\\",\\"msg\\":{\\"amount\\":19,\\"inflictorWorldPos\\":{\\"x\\":-1866.8133544921875,\\"y\\":-199.97056579589844,\\"z\\":164.03125},\\"victimEntindex\\":7}}",
  "[148924] game_event: {\\"name\\":\\"weapon_fire\\",\\"event\\":{\\"userid\\":5,\\"weapon\\":\\"weapon_famas\\",\\"silenced\\":false,\\"player\\":\\"#4(CCSPlayer)\\"}}",
  "[148924] game_event: {\\"name\\":\\"player_hurt\\",\\"event\\":{\\"userid\\":8,\\"attacker\\":5,\\"health\\":43,\\"armor\\":84,\\"weapon\\":\\"famas\\",\\"dmg_health\\":19,\\"dmg_armor\\":4,\\"hitgroup\\":2,\\"player\\":\\"#7(CCSPlayer)\\",\\"attackerEntity\\":\\"#4(CCSPlayer)\\"}}",
  "[148936] user_message: {\\"name\\":\\"Damage\\",\\"msg\\":{\\"amount\\":19,\\"inflictorWorldPos\\":{\\"x\\":-1866.830078125,\\"y\\":-195.61538696289062,\\"z\\":155.03125},\\"victimEntindex\\":7}}",
  "[148936] game_event: {\\"name\\":\\"weapon_fire\\",\\"event\\":{\\"userid\\":5,\\"weapon\\":\\"weapon_famas\\",\\"silenced\\":false,\\"player\\":\\"#4(CCSPlayer)\\"}}",
  "[148936] game_event: {\\"name\\":\\"player_hurt\\",\\"event\\":{\\"userid\\":8,\\"attacker\\":5,\\"health\\":24,\\"armor\\":79,\\"weapon\\":\\"famas\\",\\"dmg_health\\":19,\\"dmg_armor\\":4,\\"hitgroup\\":2,\\"player\\":\\"#7(CCSPlayer)\\",\\"attackerEntity\\":\\"#4(CCSPlayer)\\"}}",
  "[148946] user_message: {\\"name\\":\\"Damage\\",\\"msg\\":{\\"amount\\":6,\\"inflictorWorldPos\\":{\\"x\\":-1806.0216064453125,\\"y\\":-335.5621643066406,\\"z\\":128.03125},\\"victimEntindex\\":4}}",
  "[148946] game_event: {\\"name\\":\\"player_hurt\\",\\"event\\":{\\"userid\\":5,\\"attacker\\":8,\\"health\\":75,\\"armor\\":100,\\"weapon\\":\\"inferno\\",\\"dmg_health\\":6,\\"dmg_armor\\":0,\\"hitgroup\\":0,\\"player\\":\\"#4(CCSPlayer)\\",\\"attackerEntity\\":\\"#7(CCSPlayer)\\"}}",
  "[148947] game_event: {\\"name\\":\\"weapon_fire\\",\\"event\\":{\\"userid\\":5,\\"weapon\\":\\"weapon_famas\\",\\"silenced\\":false,\\"player\\":\\"#4(CCSPlayer)\\"}}",
  "[148949] game_event: {\\"name\\":\\"item_equip\\",\\"event\\":{\\"userid\\":9,\\"item\\":\\"ak47\\",\\"defindex\\":7,\\"canzoom\\":false,\\"hassilencer\\":false,\\"issilenced\\":false,\\"hastracers\\":true,\\"weptype\\":3,\\"ispainted\\":true,\\"player\\":\\"#8(CCSPlayer)\\",\\"itemDefinition\\":{\\"className\\":\\"weapon_ak47\\",\\"itemName\\":\\"AK-47\\"}}}",
  "[148959] user_message: {\\"name\\":\\"Damage\\",\\"msg\\":{\\"amount\\":19,\\"inflictorWorldPos\\":{\\"x\\":-1866.445556640625,\\"y\\":-186.01712036132812,\\"z\\":155.03125},\\"victimEntindex\\":7}}",
  "[148959] game_event: {\\"name\\":\\"weapon_fire\\",\\"event\\":{\\"userid\\":5,\\"weapon\\":\\"weapon_famas\\",\\"silenced\\":false,\\"player\\":\\"#4(CCSPlayer)\\"}}",
  "[148959] game_event: {\\"name\\":\\"player_hurt\\",\\"event\\":{\\"userid\\":8,\\"attacker\\":5,\\"health\\":5,\\"armor\\":74,\\"weapon\\":\\"famas\\",\\"dmg_health\\":19,\\"dmg_armor\\":4,\\"hitgroup\\":2,\\"player\\":\\"#7(CCSPlayer)\\",\\"attackerEntity\\":\\"#4(CCSPlayer)\\"}}",
  "[148970] game_event: {\\"name\\":\\"weapon_fire\\",\\"event\\":{\\"userid\\":5,\\"weapon\\":\\"weapon_famas\\",\\"silenced\\":false,\\"player\\":\\"#4(CCSPlayer)\\"}}",
  "[148972] user_message: {\\"name\\":\\"Damage\\",\\"msg\\":{\\"amount\\":7,\\"inflictorWorldPos\\":{\\"x\\":-1806.0216064453125,\\"y\\":-335.5621643066406,\\"z\\":128.03125},\\"victimEntindex\\":4}}",
  "[148972] game_event: {\\"name\\":\\"player_hurt\\",\\"event\\":{\\"userid\\":5,\\"attacker\\":8,\\"health\\":68,\\"armor\\":100,\\"weapon\\":\\"inferno\\",\\"dmg_health\\":7,\\"dmg_armor\\":0,\\"hitgroup\\":0,\\"player\\":\\"#4(CCSPlayer)\\",\\"attackerEntity\\":\\"#7(CCSPlayer)\\"}}",
  "[148982] user_message: {\\"name\\":\\"Damage\\",\\"msg\\":{\\"amount\\":24,\\"inflictorWorldPos\\":{\\"x\\":-1865.7652587890625,\\"y\\":-174.77017211914062,\\"z\\":155.03125},\\"victimEntindex\\":7}}",
  "[148982] game_event: {\\"name\\":\\"weapon_fire\\",\\"event\\":{\\"userid\\":5,\\"weapon\\":\\"weapon_famas\\",\\"silenced\\":false,\\"player\\":\\"#4(CCSPlayer)\\"}}",
  "[148982] game_event: {\\"name\\":\\"player_hurt\\",\\"event\\":{\\"userid\\":8,\\"attacker\\":5,\\"health\\":0,\\"armor\\":68,\\"weapon\\":\\"famas\\",\\"dmg_health\\":24,\\"dmg_armor\\":5,\\"hitgroup\\":3,\\"player\\":\\"#7(CCSPlayer)\\",\\"attackerEntity\\":\\"#4(CCSPlayer)\\"}}",
  "[148982] game_event: {\\"name\\":\\"item_remove\\",\\"event\\":{\\"userid\\":8,\\"item\\":\\"galilar\\",\\"defindex\\":13,\\"player\\":\\"#7(CCSPlayer)\\",\\"itemDefinition\\":{\\"className\\":\\"weapon_galilar\\",\\"itemName\\":\\"Galil AR\\"}}}",
  "[148982] game_event: {\\"name\\":\\"item_equip\\",\\"event\\":{\\"userid\\":8,\\"item\\":\\"glock\\",\\"defindex\\":4,\\"canzoom\\":false,\\"hassilencer\\":false,\\"issilenced\\":false,\\"hastracers\\":true,\\"weptype\\":1,\\"ispainted\\":true,\\"player\\":\\"#7(CCSPlayer)\\",\\"itemDefinition\\":{\\"className\\":\\"weapon_glock\\",\\"itemName\\":\\"Glock-18\\"}}}",
  "[148982] game_event: {\\"name\\":\\"item_remove\\",\\"event\\":{\\"userid\\":8,\\"item\\":\\"smokegrenade\\",\\"defindex\\":45,\\"player\\":\\"#7(CCSPlayer)\\",\\"itemDefinition\\":{\\"className\\":\\"weapon_smokegrenade\\",\\"itemName\\":\\"Smoke Grenade\\"}}}",
  "[148982] game_event: {\\"name\\":\\"item_remove\\",\\"event\\":{\\"userid\\":8,\\"item\\":\\"vesthelm\\",\\"defindex\\":0,\\"player\\":\\"#7(CCSPlayer)\\",\\"itemDefinition\\":null}}",
  "[148982] game_event: {\\"name\\":\\"item_remove\\",\\"event\\":{\\"userid\\":8,\\"item\\":\\"knife\\",\\"defindex\\":507,\\"player\\":\\"#7(CCSPlayer)\\",\\"itemDefinition\\":{\\"className\\":\\"weapon_knife_karambit\\",\\"itemName\\":\\"Karambit\\"}}}",
  "[148982] game_event: {\\"name\\":\\"item_remove\\",\\"event\\":{\\"userid\\":8,\\"item\\":\\"glock\\",\\"defindex\\":4,\\"player\\":\\"#7(CCSPlayer)\\",\\"itemDefinition\\":{\\"className\\":\\"weapon_glock\\",\\"itemName\\":\\"Glock-18\\"}}}",
  "[148982] game_event: {\\"name\\":\\"player_death\\",\\"event\\":{\\"userid\\":8,\\"attacker\\":5,\\"assister\\":0,\\"assistedflash\\":false,\\"weapon\\":\\"famas\\",\\"weapon_itemid\\":\\"23734893772\\",\\"weapon_fauxitemid\\":\\"17293822569162932234\\",\\"weapon_originalowner_xuid\\":\\"76561198068422762\\",\\"headshot\\":false,\\"dominated\\":0,\\"revenge\\":0,\\"wipe\\":0,\\"penetrated\\":0,\\"noreplay\\":false,\\"noscope\\":false,\\"thrusmoke\\":false,\\"attackerblind\\":false,\\"distance\\":25.180315017700195,\\"player\\":\\"#7(CCSPlayer)\\",\\"attackerEntity\\":\\"#4(CCSPlayer)\\",\\"assisterEntity\\":null,\\"itemDefinition\\":{\\"className\\":\\"weapon_famas\\",\\"itemName\\":\\"FAMAS\\"},\\"paintKit\\":{\\"name\\":\\"gs_famas_legacy_gold\\",\\"tag\\":\\"Commemoration\\"},\\"originalOwner\\":\\"#4(CCSPlayer)\\"}}",
  "[148992] game_event: {\\"name\\":\\"weapon_fire\\",\\"event\\":{\\"userid\\":5,\\"weapon\\":\\"weapon_famas\\",\\"silenced\\":false,\\"player\\":\\"#4(CCSPlayer)\\"}}",
  "[148997] user_message: {\\"name\\":\\"Damage\\",\\"msg\\":{\\"amount\\":8,\\"inflictorWorldPos\\":{\\"x\\":-1806.0216064453125,\\"y\\":-335.5621643066406,\\"z\\":128.03125},\\"victimEntindex\\":4}}",
  "[148997] game_event: {\\"name\\":\\"player_hurt\\",\\"event\\":{\\"userid\\":5,\\"attacker\\":8,\\"health\\":60,\\"armor\\":100,\\"weapon\\":\\"inferno\\",\\"dmg_health\\":8,\\"dmg_armor\\":0,\\"hitgroup\\":0,\\"player\\":\\"#4(CCSPlayer)\\",\\"attackerEntity\\":\\"#7(CCSPlayer)\\"}}",
  "[149004] game_event: {\\"name\\":\\"weapon_fire\\",\\"event\\":{\\"userid\\":5,\\"weapon\\":\\"weapon_famas\\",\\"silenced\\":false,\\"player\\":\\"#4(CCSPlayer)\\"}}",
  "[149016] game_event: {\\"name\\":\\"weapon_fire\\",\\"event\\":{\\"userid\\":5,\\"weapon\\":\\"weapon_famas\\",\\"silenced\\":false,\\"player\\":\\"#4(CCSPlayer)\\"}}",
  "[149023] user_message: {\\"name\\":\\"Damage\\",\\"msg\\":{\\"amount\\":8,\\"inflictorWorldPos\\":{\\"x\\":-1806.0216064453125,\\"y\\":-335.5621643066406,\\"z\\":128.03125},\\"victimEntindex\\":4}}",
  "[149023] game_event: {\\"name\\":\\"player_hurt\\",\\"event\\":{\\"userid\\":5,\\"attacker\\":8,\\"health\\":52,\\"armor\\":100,\\"weapon\\":\\"inferno\\",\\"dmg_health\\":8,\\"dmg_armor\\":0,\\"hitgroup\\":0,\\"player\\":\\"#4(CCSPlayer)\\",\\"attackerEntity\\":\\"#7(CCSPlayer)\\"}}",
  "[149049] user_message: {\\"name\\":\\"Damage\\",\\"msg\\":{\\"amount\\":8,\\"inflictorWorldPos\\":{\\"x\\":-1806.0216064453125,\\"y\\":-335.5621643066406,\\"z\\":128.03125},\\"victimEntindex\\":4}}",
  "[149049] game_event: {\\"name\\":\\"player_hurt\\",\\"event\\":{\\"userid\\":5,\\"attacker\\":8,\\"health\\":44,\\"armor\\":100,\\"weapon\\":\\"inferno\\",\\"dmg_health\\":8,\\"dmg_armor\\":0,\\"hitgroup\\":0,\\"player\\":\\"#4(CCSPlayer)\\",\\"attackerEntity\\":\\"#7(CCSPlayer)\\"}}",
  "[149075] game_event: {\\"name\\":\\"item_equip\\",\\"event\\":{\\"userid\\":10,\\"item\\":\\"smokegrenade\\",\\"defindex\\":45,\\"canzoom\\":false,\\"hassilencer\\":false,\\"issilenced\\":false,\\"hastracers\\":false,\\"weptype\\":9,\\"ispainted\\":false,\\"player\\":\\"#9(CCSPlayer)\\",\\"itemDefinition\\":{\\"className\\":\\"weapon_smokegrenade\\",\\"itemName\\":\\"Smoke Grenade\\"}}}",
  "[149093] game_event: {\\"name\\":\\"item_equip\\",\\"event\\":{\\"userid\\":10,\\"item\\":\\"knife\\",\\"defindex\\":515,\\"canzoom\\":false,\\"hassilencer\\":false,\\"issilenced\\":false,\\"hastracers\\":false,\\"weptype\\":0,\\"ispainted\\":true,\\"player\\":\\"#9(CCSPlayer)\\",\\"itemDefinition\\":{\\"className\\":\\"weapon_knife_butterfly\\",\\"itemName\\":\\"Butterfly Knife\\"}}}",
  "[149096] game_event: {\\"name\\":\\"weapon_fire\\",\\"event\\":{\\"userid\\":13,\\"weapon\\":\\"weapon_m4a1_silencer\\",\\"silenced\\":true,\\"player\\":\\"#12(CCSPlayer)\\"}}",
  "[149109] game_event: {\\"name\\":\\"weapon_fire\\",\\"event\\":{\\"userid\\":13,\\"weapon\\":\\"weapon_m4a1_silencer\\",\\"silenced\\":true,\\"player\\":\\"#12(CCSPlayer)\\"}}",
  "[149109] game_event: {\\"name\\":\\"weapon_fire\\",\\"event\\":{\\"userid\\":9,\\"weapon\\":\\"weapon_ak47\\",\\"silenced\\":false,\\"player\\":\\"#8(CCSPlayer)\\"}}",
  "[149121] game_event: {\\"name\\":\\"hltv_chase\\",\\"event\\":{\\"target1\\":11,\\"target2\\":13,\\"distance\\":112,\\"theta\\":-20,\\"phi\\":20,\\"inertia\\":0,\\"ineye\\":1}}",
  "[149122] user_message: {\\"name\\":\\"Damage\\",\\"msg\\":{\\"amount\\":26,\\"inflictorWorldPos\\":{\\"x\\":-872.021484375,\\"y\\":-140.30978393554688,\\"z\\":132.03125},\\"victimEntindex\\":8}}",
  "[149122] game_event: {\\"name\\":\\"weapon_fire\\",\\"event\\":{\\"userid\\":13,\\"weapon\\":\\"weapon_m4a1_silencer\\",\\"silenced\\":true,\\"player\\":\\"#12(CCSPlayer)\\"}}",
  "[149122] game_event: {\\"name\\":\\"player_hurt\\",\\"event\\":{\\"userid\\":9,\\"attacker\\":13,\\"health\\":74,\\"armor\\":94,\\"weapon\\":\\"m4a1\\",\\"dmg_health\\":26,\\"dmg_armor\\":5,\\"hitgroup\\":2,\\"player\\":\\"#8(CCSPlayer)\\",\\"attackerEntity\\":\\"#12(CCSPlayer)\\"}}",
  "[149122] game_event: {\\"name\\":\\"weapon_fire\\",\\"event\\":{\\"userid\\":9,\\"weapon\\":\\"weapon_ak47\\",\\"silenced\\":false,\\"player\\":\\"#8(CCSPlayer)\\"}}",
  "[149123] game_event: {\\"name\\":\\"weapon_fire\\",\\"event\\":{\\"userid\\":15,\\"weapon\\":\\"weapon_famas\\",\\"silenced\\":false,\\"player\\":\\"#13(CCSPlayer)\\"}}",
  "[149134] game_event: {\\"name\\":\\"weapon_fire\\",\\"event\\":{\\"userid\\":9,\\"weapon\\":\\"weapon_ak47\\",\\"silenced\\":false,\\"player\\":\\"#8(CCSPlayer)\\"}}",
  "[149135] user_message: {\\"name\\":\\"Damage\\",\\"msg\\":{\\"amount\\":26,\\"inflictorWorldPos\\":{\\"x\\":-875.0477905273438,\\"y\\":-140.86392211914062,\\"z\\":132.03125},\\"victimEntindex\\":8}}",
  "[149135] game_event: {\\"name\\":\\"weapon_fire\\",\\"event\\":{\\"userid\\":13,\\"weapon\\":\\"weapon_m4a1_silencer\\",\\"silenced\\":true,\\"player\\":\\"#12(CCSPlayer)\\"}}",
  "[149135] game_event: {\\"name\\":\\"player_hurt\\",\\"event\\":{\\"userid\\":9,\\"attacker\\":13,\\"health\\":48,\\"armor\\":88,\\"weapon\\":\\"m4a1\\",\\"dmg_health\\":26,\\"dmg_armor\\":5,\\"hitgroup\\":2,\\"player\\":\\"#8(CCSPlayer)\\",\\"attackerEntity\\":\\"#12(CCSPlayer)\\"}}",
  "[149136] game_event: {\\"name\\":\\"weapon_fire\\",\\"event\\":{\\"userid\\":15,\\"weapon\\":\\"weapon_famas\\",\\"silenced\\":false,\\"player\\":\\"#13(CCSPlayer)\\"}}",
  "[149148] user_message: {\\"name\\":\\"Damage\\",\\"msg\\":{\\"amount\\":26,\\"inflictorWorldPos\\":{\\"x\\":-876.6497192382812,\\"y\\":-140.76124572753906,\\"z\\":123.03125},\\"victimEntindex\\":8}}",
  "[149148] user_message: {\\"name\\":\\"Damage\\",\\"msg\\":{\\"amount\\":109,\\"inflictorWorldPos\\":{\\"x\\":-971.2579345703125,\\"y\\":-557.2796630859375,\\"z\\":123.03125},\\"victimEntindex\\":12}}",
  "[149148] game_event: {\\"name\\":\\"weapon_fire\\",\\"event\\":{\\"userid\\":13,\\"weapon\\":\\"weapon_m4a1_silencer\\",\\"silenced\\":true,\\"player\\":\\"#12(CCSPlayer)\\"}}",
  "[149148] game_event: {\\"name\\":\\"player_hurt\\",\\"event\\":{\\"userid\\":9,\\"attacker\\":13,\\"health\\":22,\\"armor\\":82,\\"weapon\\":\\"m4a1\\",\\"dmg_health\\":26,\\"dmg_armor\\":5,\\"hitgroup\\":2,\\"player\\":\\"#8(CCSPlayer)\\",\\"attackerEntity\\":\\"#12(CCSPlayer)\\"}}",
  "[149148] game_event: {\\"name\\":\\"weapon_fire\\",\\"event\\":{\\"userid\\":9,\\"weapon\\":\\"weapon_ak47\\",\\"silenced\\":false,\\"player\\":\\"#8(CCSPlayer)\\"}}",
  "[149148] game_event: {\\"name\\":\\"player_hurt\\",\\"event\\":{\\"userid\\":13,\\"attacker\\":9,\\"health\\":0,\\"armor\\":46,\\"weapon\\":\\"ak47\\",\\"dmg_health\\":109,\\"dmg_armor\\":15,\\"hitgroup\\":1,\\"player\\":\\"#12(CCSPlayer)\\",\\"attackerEntity\\":\\"#8(CCSPlayer)\\"}}",
  "[149148] game_event: {\\"name\\":\\"item_remove\\",\\"event\\":{\\"userid\\":13,\\"item\\":\\"m4a1\\",\\"defindex\\":60,\\"player\\":\\"#12(CCSPlayer)\\",\\"itemDefinition\\":{\\"className\\":\\"weapon_m4a1_silencer\\",\\"itemName\\":\\"M4A1-S\\"}}}",
  "[149148] game_event: {\\"name\\":\\"item_equip\\",\\"event\\":{\\"userid\\":13,\\"item\\":\\"hkp2000\\",\\"defindex\\":61,\\"canzoom\\":false,\\"hassilencer\\":true,\\"issilenced\\":true,\\"hastracers\\":true,\\"weptype\\":1,\\"ispainted\\":true,\\"player\\":\\"#12(CCSPlayer)\\",\\"itemDefinition\\":{\\"className\\":\\"weapon_usp_silencer\\",\\"itemName\\":\\"USP-S\\"}}}",
  "[149148] game_event: {\\"name\\":\\"item_remove\\",\\"event\\":{\\"userid\\":13,\\"item\\":\\"vesthelm\\",\\"defindex\\":0,\\"player\\":\\"#12(CCSPlayer)\\",\\"itemDefinition\\":null}}",
  "[149148] game_event: {\\"name\\":\\"item_remove\\",\\"event\\":{\\"userid\\":13,\\"item\\":\\"knife\\",\\"defindex\\":507,\\"player\\":\\"#12(CCSPlayer)\\",\\"itemDefinition\\":{\\"className\\":\\"weapon_knife_karambit\\",\\"itemName\\":\\"Karambit\\"}}}",
  "[149148] game_event: {\\"name\\":\\"item_remove\\",\\"event\\":{\\"userid\\":13,\\"item\\":\\"hkp2000\\",\\"defindex\\":61,\\"player\\":\\"#12(CCSPlayer)\\",\\"itemDefinition\\":{\\"className\\":\\"weapon_usp_silencer\\",\\"itemName\\":\\"USP-S\\"}}}",
  "[149148] game_event: {\\"name\\":\\"player_death\\",\\"event\\":{\\"userid\\":13,\\"attacker\\":9,\\"assister\\":11,\\"assistedflash\\":false,\\"weapon\\":\\"ak47\\",\\"weapon_itemid\\":\\"27334307702\\",\\"weapon_fauxitemid\\":\\"17293822569149038599\\",\\"weapon_originalowner_xuid\\":\\"76561198045433304\\",\\"headshot\\":true,\\"dominated\\":0,\\"revenge\\":0,\\"wipe\\":0,\\"penetrated\\":0,\\"noreplay\\":false,\\"noscope\\":false,\\"thrusmoke\\":false,\\"attackerblind\\":false,\\"distance\\":10.851156234741211,\\"player\\":\\"#12(CCSPlayer)\\",\\"attackerEntity\\":\\"#8(CCSPlayer)\\",\\"assisterEntity\\":\\"#10(CCSPlayer)\\",\\"itemDefinition\\":{\\"className\\":\\"weapon_ak47\\",\\"itemName\\":\\"AK-47\\"},\\"paintKit\\":{\\"name\\":\\"cu_ak_neon_rider\\",\\"tag\\":\\"Neon Rider\\"},\\"originalOwner\\":\\"#8(CCSPlayer)\\"}}",
  "[149148] game_event: {\\"name\\":\\"weapon_fire\\",\\"event\\":{\\"userid\\":15,\\"weapon\\":\\"weapon_famas\\",\\"silenced\\":false,\\"player\\":\\"#13(CCSPlayer)\\"}}",
  "[149159] user_message: {\\"name\\":\\"Damage\\",\\"msg\\":{\\"amount\\":21,\\"inflictorWorldPos\\":{\\"x\\":-1017.099853515625,\\"y\\":151.52134704589844,\\"z\\":126.03125},\\"victimEntindex\\":8}}",
  "[149159] game_event: {\\"name\\":\\"weapon_fire\\",\\"event\\":{\\"userid\\":15,\\"weapon\\":\\"weapon_famas\\",\\"silenced\\":false,\\"player\\":\\"#13(CCSPlayer)\\"}}",
  "[149159] game_event: {\\"name\\":\\"player_hurt\\",\\"event\\":{\\"userid\\":9,\\"attacker\\":15,\\"health\\":1,\\"armor\\":82,\\"weapon\\":\\"famas\\",\\"dmg_health\\":21,\\"dmg_armor\\":0,\\"hitgroup\\":7,\\"player\\":\\"#8(CCSPlayer)\\",\\"attackerEntity\\":\\"#13(CCSPlayer)\\"}}",
  "[149160] game_event: {\\"name\\":\\"weapon_fire\\",\\"event\\":{\\"userid\\":9,\\"weapon\\":\\"weapon_ak47\\",\\"silenced\\":false,\\"player\\":\\"#8(CCSPlayer)\\"}}",
  "[149171] user_message: {\\"name\\":\\"Damage\\",\\"msg\\":{\\"amount\\":21,\\"inflictorWorldPos\\":{\\"x\\":-1016.0994873046875,\\"y\\":151.58653259277344,\\"z\\":126.03125},\\"victimEntindex\\":8}}",
  "[149171] game_event: {\\"name\\":\\"weapon_fire\\",\\"event\\":{\\"userid\\":15,\\"weapon\\":\\"weapon_famas\\",\\"silenced\\":false,\\"player\\":\\"#13(CCSPlayer)\\"}}",
  "[149171] game_event: {\\"name\\":\\"player_hurt\\",\\"event\\":{\\"userid\\":9,\\"attacker\\":15,\\"health\\":0,\\"armor\\":82,\\"weapon\\":\\"famas\\",\\"dmg_health\\":21,\\"dmg_armor\\":0,\\"hitgroup\\":6,\\"player\\":\\"#8(CCSPlayer)\\",\\"attackerEntity\\":\\"#13(CCSPlayer)\\"}}",
  "[149171] game_event: {\\"name\\":\\"item_remove\\",\\"event\\":{\\"userid\\":9,\\"item\\":\\"ak47\\",\\"defindex\\":7,\\"player\\":\\"#8(CCSPlayer)\\",\\"itemDefinition\\":{\\"className\\":\\"weapon_ak47\\",\\"itemName\\":\\"AK-47\\"}}}",
  "[149171] game_event: {\\"name\\":\\"item_equip\\",\\"event\\":{\\"userid\\":9,\\"item\\":\\"glock\\",\\"defindex\\":4,\\"canzoom\\":false,\\"hassilencer\\":false,\\"issilenced\\":false,\\"hastracers\\":true,\\"weptype\\":1,\\"ispainted\\":true,\\"player\\":\\"#8(CCSPlayer)\\",\\"itemDefinition\\":{\\"className\\":\\"weapon_glock\\",\\"itemName\\":\\"Glock-18\\"}}}",
  "[149171] game_event: {\\"name\\":\\"item_remove\\",\\"event\\":{\\"userid\\":9,\\"item\\":\\"vesthelm\\",\\"defindex\\":0,\\"player\\":\\"#8(CCSPlayer)\\",\\"itemDefinition\\":null}}",
  "[149171] game_event: {\\"name\\":\\"item_remove\\",\\"event\\":{\\"userid\\":9,\\"item\\":\\"knife\\",\\"defindex\\":508,\\"player\\":\\"#8(CCSPlayer)\\",\\"itemDefinition\\":{\\"className\\":\\"weapon_knife_m9_bayonet\\",\\"itemName\\":\\"M9 Bayonet\\"}}}",
  "[149171] game_event: {\\"name\\":\\"item_remove\\",\\"event\\":{\\"userid\\":9,\\"item\\":\\"glock\\",\\"defindex\\":4,\\"player\\":\\"#8(CCSPlayer)\\",\\"itemDefinition\\":{\\"className\\":\\"weapon_glock\\",\\"itemName\\":\\"Glock-18\\"}}}",
  "[149171] game_event: {\\"name\\":\\"player_death\\",\\"event\\":{\\"userid\\":9,\\"attacker\\":15,\\"assister\\":13,\\"assistedflash\\":false,\\"weapon\\":\\"famas\\",\\"weapon_itemid\\":\\"0\\",\\"weapon_fauxitemid\\":\\"17293822569102704650\\",\\"weapon_originalowner_xuid\\":\\"76561198078771373\\",\\"headshot\\":false,\\"dominated\\":0,\\"revenge\\":0,\\"wipe\\":0,\\"penetrated\\":0,\\"noreplay\\":false,\\"noscope\\":false,\\"thrusmoke\\":false,\\"attackerblind\\":false,\\"distance\\":18.05525779724121,\\"player\\":\\"#8(CCSPlayer)\\",\\"attackerEntity\\":\\"#13(CCSPlayer)\\",\\"assisterEntity\\":\\"#12(CCSPlayer)\\",\\"itemDefinition\\":{\\"className\\":\\"weapon_famas\\",\\"itemName\\":\\"FAMAS\\"},\\"paintKit\\":{\\"name\\":\\"default\\",\\"tag\\":\\"-\\"},\\"originalOwner\\":\\"#13(CCSPlayer)\\"}}",
  "[149182] game_event: {\\"name\\":\\"weapon_fire\\",\\"event\\":{\\"userid\\":15,\\"weapon\\":\\"weapon_famas\\",\\"silenced\\":false,\\"player\\":\\"#13(CCSPlayer)\\"}}",
  "[149194] game_event: {\\"name\\":\\"weapon_fire\\",\\"event\\":{\\"userid\\":15,\\"weapon\\":\\"weapon_famas\\",\\"silenced\\":false,\\"player\\":\\"#13(CCSPlayer)\\"}}",
  "[149205] game_event: {\\"name\\":\\"weapon_fire\\",\\"event\\":{\\"userid\\":15,\\"weapon\\":\\"weapon_famas\\",\\"silenced\\":false,\\"player\\":\\"#13(CCSPlayer)\\"}}",
  "[149294] game_event: {\\"name\\":\\"item_equip\\",\\"event\\":{\\"userid\\":7,\\"item\\":\\"knife\\",\\"defindex\\":507,\\"canzoom\\":false,\\"hassilencer\\":false,\\"issilenced\\":false,\\"hastracers\\":false,\\"weptype\\":0,\\"ispainted\\":true,\\"player\\":\\"#6(CCSPlayer)\\",\\"itemDefinition\\":{\\"className\\":\\"weapon_knife_karambit\\",\\"itemName\\":\\"Karambit\\"}}}",
  "[149300] user_message: {\\"name\\":\\"Damage\\",\\"msg\\":{\\"amount\\":20,\\"inflictorWorldPos\\":{\\"x\\":-935.5292358398438,\\"y\\":230.47694396972656,\\"z\\":132.03125},\\"victimEntindex\\":11}}",
  "[149300] game_event: {\\"name\\":\\"weapon_fire\\",\\"event\\":{\\"userid\\":15,\\"weapon\\":\\"weapon_famas\\",\\"silenced\\":false,\\"player\\":\\"#13(CCSPlayer)\\"}}",
  "[149300] game_event: {\\"name\\":\\"player_hurt\\",\\"event\\":{\\"userid\\":12,\\"attacker\\":15,\\"health\\":80,\\"armor\\":95,\\"weapon\\":\\"famas\\",\\"dmg_health\\":20,\\"dmg_armor\\":4,\\"hitgroup\\":2,\\"player\\":\\"#11(CCSPlayer)\\",\\"attackerEntity\\":\\"#13(CCSPlayer)\\"}}",
  "[149309] game_event: {\\"name\\":\\"weapon_fire\\",\\"event\\":{\\"userid\\":12,\\"weapon\\":\\"weapon_tec9\\",\\"silenced\\":false,\\"player\\":\\"#11(CCSPlayer)\\"}}",
  "[149312] game_event: {\\"name\\":\\"weapon_fire\\",\\"event\\":{\\"userid\\":15,\\"weapon\\":\\"weapon_famas\\",\\"silenced\\":false,\\"player\\":\\"#13(CCSPlayer)\\"}}",
  "[149324] user_message: {\\"name\\":\\"Damage\\",\\"msg\\":{\\"amount\\":20,\\"inflictorWorldPos\\":{\\"x\\":-935.0197143554688,\\"y\\":232.30520629882812,\\"z\\":132.03125},\\"victimEntindex\\":11}}",
  "[149324] game_event: {\\"name\\":\\"weapon_fire\\",\\"event\\":{\\"userid\\":15,\\"weapon\\":\\"weapon_famas\\",\\"silenced\\":false,\\"player\\":\\"#13(CCSPlayer)\\"}}",
  "[149324] game_event: {\\"name\\":\\"player_hurt\\",\\"event\\":{\\"userid\\":12,\\"attacker\\":15,\\"health\\":60,\\"armor\\":90,\\"weapon\\":\\"famas\\",\\"dmg_health\\":20,\\"dmg_armor\\":4,\\"hitgroup\\":2,\\"player\\":\\"#11(CCSPlayer)\\",\\"attackerEntity\\":\\"#13(CCSPlayer)\\"}}",
  "[149332] game_event: {\\"name\\":\\"weapon_fire\\",\\"event\\":{\\"userid\\":12,\\"weapon\\":\\"weapon_tec9\\",\\"silenced\\":false,\\"player\\":\\"#11(CCSPlayer)\\"}}",
  "[149335] game_event: {\\"name\\":\\"weapon_fire\\",\\"event\\":{\\"userid\\":15,\\"weapon\\":\\"weapon_famas\\",\\"silenced\\":false,\\"player\\":\\"#13(CCSPlayer)\\"}}",
  "[149347] user_message: {\\"name\\":\\"Damage\\",\\"msg\\":{\\"amount\\":21,\\"inflictorWorldPos\\":{\\"x\\":-936.8220825195312,\\"y\\":230.48928833007812,\\"z\\":123.03125},\\"victimEntindex\\":11}}",
  "[149347] game_event: {\\"name\\":\\"weapon_fire\\",\\"event\\":{\\"userid\\":15,\\"weapon\\":\\"weapon_famas\\",\\"silenced\\":false,\\"player\\":\\"#13(CCSPlayer)\\"}}",
  "[149347] game_event: {\\"name\\":\\"player_hurt\\",\\"event\\":{\\"userid\\":12,\\"attacker\\":15,\\"health\\":39,\\"armor\\":90,\\"weapon\\":\\"famas\\",\\"dmg_health\\":21,\\"dmg_armor\\":0,\\"hitgroup\\":7,\\"player\\":\\"#11(CCSPlayer)\\",\\"attackerEntity\\":\\"#13(CCSPlayer)\\"}}",
  "[149355] game_event: {\\"name\\":\\"weapon_fire\\",\\"event\\":{\\"userid\\":12,\\"weapon\\":\\"weapon_tec9\\",\\"silenced\\":false,\\"player\\":\\"#11(CCSPlayer)\\"}}",
  "[149358] user_message: {\\"name\\":\\"Damage\\",\\"msg\\":{\\"amount\\":25,\\"inflictorWorldPos\\":{\\"x\\":-938.1142578125,\\"y\\":229.21990966796875,\\"z\\":123.03125},\\"victimEntindex\\":11}}",
  "[149358] game_event: {\\"name\\":\\"weapon_fire\\",\\"event\\":{\\"userid\\":15,\\"weapon\\":\\"weapon_famas\\",\\"silenced\\":false,\\"player\\":\\"#13(CCSPlayer)\\"}}",
  "[149358] game_event: {\\"name\\":\\"player_hurt\\",\\"event\\":{\\"userid\\":12,\\"attacker\\":15,\\"health\\":14,\\"armor\\":84,\\"weapon\\":\\"famas\\",\\"dmg_health\\":25,\\"dmg_armor\\":5,\\"hitgroup\\":3,\\"player\\":\\"#11(CCSPlayer)\\",\\"attackerEntity\\":\\"#13(CCSPlayer)\\"}}",
  "[149370] game_event: {\\"name\\":\\"weapon_fire\\",\\"event\\":{\\"userid\\":15,\\"weapon\\":\\"weapon_famas\\",\\"silenced\\":false,\\"player\\":\\"#13(CCSPlayer)\\"}}",
  "[149376] user_message: {\\"name\\":\\"Damage\\",\\"msg\\":{\\"amount\\":28,\\"inflictorWorldPos\\":{\\"x\\":-575.2042846679688,\\"y\\":-172.5876007080078,\\"z\\":41.011680603027344},\\"victimEntindex\\":13}}",
  "[149376] game_event: {\\"name\\":\\"weapon_fire\\",\\"event\\":{\\"userid\\":12,\\"weapon\\":\\"weapon_tec9\\",\\"silenced\\":false,\\"player\\":\\"#11(CCSPlayer)\\"}}",
  "[149376] game_event: {\\"name\\":\\"player_hurt\\",\\"event\\":{\\"userid\\":15,\\"attacker\\":12,\\"health\\":72,\\"armor\\":98,\\"weapon\\":\\"tec9\\",\\"dmg_health\\":28,\\"dmg_armor\\":1,\\"hitgroup\\":3,\\"player\\":\\"#13(CCSPlayer)\\",\\"attackerEntity\\":\\"#11(CCSPlayer)\\"}}",
  "[149381] user_message: {\\"name\\":\\"Damage\\",\\"msg\\":{\\"amount\\":21,\\"inflictorWorldPos\\":{\\"x\\":-941.5408325195312,\\"y\\":226.0190887451172,\\"z\\":123.03125},\\"victimEntindex\\":11}}",
  "[149381] game_event: {\\"name\\":\\"weapon_fire\\",\\"event\\":{\\"userid\\":15,\\"weapon\\":\\"weapon_famas\\",\\"silenced\\":false,\\"player\\":\\"#13(CCSPlayer)\\"}}",
  "[149381] game_event: {\\"name\\":\\"player_hurt\\",\\"event\\":{\\"userid\\":12,\\"attacker\\":15,\\"health\\":0,\\"armor\\":84,\\"weapon\\":\\"famas\\",\\"dmg_health\\":21,\\"dmg_armor\\":0,\\"hitgroup\\":7,\\"player\\":\\"#11(CCSPlayer)\\",\\"attackerEntity\\":\\"#13(CCSPlayer)\\"}}",
  "[149381] game_event: {\\"name\\":\\"bomb_dropped\\",\\"event\\":{\\"userid\\":12,\\"entindex\\":680,\\"player\\":\\"#11(CCSPlayer)\\",\\"entity\\":\\"#680(CC4)\\"}}",
  "[149381] game_event: {\\"name\\":\\"item_remove\\",\\"event\\":{\\"userid\\":12,\\"item\\":\\"c4\\",\\"defindex\\":49,\\"player\\":\\"#11(CCSPlayer)\\",\\"itemDefinition\\":{\\"className\\":\\"weapon_c4\\",\\"itemName\\":\\"C4 Explosive\\"}}}",
  "[149381] game_event: {\\"name\\":\\"item_remove\\",\\"event\\":{\\"userid\\":12,\\"item\\":\\"tec9\\",\\"defindex\\":30,\\"player\\":\\"#11(CCSPlayer)\\",\\"itemDefinition\\":{\\"className\\":\\"weapon_tec9\\",\\"itemName\\":\\"Tec-9\\"}}}",
  "[149381] game_event: {\\"name\\":\\"item_equip\\",\\"event\\":{\\"userid\\":12,\\"item\\":\\"knife\\",\\"defindex\\":522,\\"canzoom\\":false,\\"hassilencer\\":false,\\"issilenced\\":false,\\"hastracers\\":false,\\"weptype\\":0,\\"ispainted\\":true,\\"player\\":\\"#11(CCSPlayer)\\",\\"itemDefinition\\":{\\"className\\":\\"weapon_knife_stiletto\\",\\"itemName\\":\\"Stiletto Knife\\"}}}",
  "[149381] game_event: {\\"name\\":\\"item_remove\\",\\"event\\":{\\"userid\\":12,\\"item\\":\\"molotov\\",\\"defindex\\":46,\\"player\\":\\"#11(CCSPlayer)\\",\\"itemDefinition\\":{\\"className\\":\\"weapon_molotov\\",\\"itemName\\":\\"Molotov\\"}}}",
  "[149381] game_event: {\\"name\\":\\"item_remove\\",\\"event\\":{\\"userid\\":12,\\"item\\":\\"vesthelm\\",\\"defindex\\":0,\\"player\\":\\"#11(CCSPlayer)\\",\\"itemDefinition\\":null}}",
  "[149381] game_event: {\\"name\\":\\"item_remove\\",\\"event\\":{\\"userid\\":12,\\"item\\":\\"knife\\",\\"defindex\\":522,\\"player\\":\\"#11(CCSPlayer)\\",\\"itemDefinition\\":{\\"className\\":\\"weapon_knife_stiletto\\",\\"itemName\\":\\"Stiletto Knife\\"}}}",
  "[149381] game_event: {\\"name\\":\\"item_remove\\",\\"event\\":{\\"userid\\":12,\\"item\\":\\"smokegrenade\\",\\"defindex\\":45,\\"player\\":\\"#11(CCSPlayer)\\",\\"itemDefinition\\":{\\"className\\":\\"weapon_smokegrenade\\",\\"itemName\\":\\"Smoke Grenade\\"}}}",
  "[149381] game_event: {\\"name\\":\\"player_death\\",\\"event\\":{\\"userid\\":12,\\"attacker\\":15,\\"assister\\":0,\\"assistedflash\\":false,\\"weapon\\":\\"famas\\",\\"weapon_itemid\\":\\"0\\",\\"weapon_fauxitemid\\":\\"17293822569102704650\\",\\"weapon_originalowner_xuid\\":\\"76561198078771373\\",\\"headshot\\":false,\\"dominated\\":0,\\"revenge\\":0,\\"wipe\\":0,\\"penetrated\\":0,\\"noreplay\\":false,\\"noscope\\":false,\\"thrusmoke\\":false,\\"attackerblind\\":false,\\"distance\\":13.944576263427734,\\"player\\":\\"#11(CCSPlayer)\\",\\"attackerEntity\\":\\"#13(CCSPlayer)\\",\\"assisterEntity\\":null,\\"itemDefinition\\":{\\"className\\":\\"weapon_famas\\",\\"itemName\\":\\"FAMAS\\"},\\"paintKit\\":{\\"name\\":\\"default\\",\\"tag\\":\\"-\\"},\\"originalOwner\\":\\"#13(CCSPlayer)\\"}}",
  "[149393] game_event: {\\"name\\":\\"weapon_fire\\",\\"event\\":{\\"userid\\":15,\\"weapon\\":\\"weapon_famas\\",\\"silenced\\":false,\\"player\\":\\"#13(CCSPlayer)\\"}}",
  "[149431] game_event: {\\"name\\":\\"item_equip\\",\\"event\\":{\\"userid\\":17,\\"item\\":\\"knife\\",\\"defindex\\":515,\\"canzoom\\":false,\\"hassilencer\\":false,\\"issilenced\\":false,\\"hastracers\\":false,\\"weptype\\":0,\\"ispainted\\":true,\\"player\\":\\"#3(CCSPlayer)\\",\\"itemDefinition\\":{\\"className\\":\\"weapon_knife_butterfly\\",\\"itemName\\":\\"Butterfly Knife\\"}}}",
  "[149435] game_event: {\\"name\\":\\"player_jump\\",\\"event\\":{\\"userid\\":17,\\"player\\":\\"#3(CCSPlayer)\\"}}",
  "[149467] game_event: {\\"name\\":\\"item_equip\\",\\"event\\":{\\"userid\\":10,\\"item\\":\\"smokegrenade\\",\\"defindex\\":45,\\"canzoom\\":false,\\"hassilencer\\":false,\\"issilenced\\":false,\\"hastracers\\":false,\\"weptype\\":9,\\"ispainted\\":false,\\"player\\":\\"#9(CCSPlayer)\\",\\"itemDefinition\\":{\\"className\\":\\"weapon_smokegrenade\\",\\"itemName\\":\\"Smoke Grenade\\"}}}",
  "[149476] user_message: {\\"name\\":\\"WeaponSound\\",\\"msg\\":{\\"entidx\\":13,\\"originX\\":-957.7056274414062,\\"originY\\":179.41659545898438,\\"originZ\\":96.03125,\\"sound\\":\\"Weapon_FAMAS.Clipout\\",\\"timestamp\\":1167.796875}}",
  "[149484] game_event: {\\"name\\":\\"item_equip\\",\\"event\\":{\\"userid\\":10,\\"item\\":\\"knife\\",\\"defindex\\":515,\\"canzoom\\":false,\\"hassilencer\\":false,\\"issilenced\\":false,\\"hastracers\\":false,\\"weptype\\":0,\\"ispainted\\":true,\\"player\\":\\"#9(CCSPlayer)\\",\\"itemDefinition\\":{\\"className\\":\\"weapon_knife_butterfly\\",\\"itemName\\":\\"Butterfly Knife\\"}}}",
  "[149534] game_event: {\\"name\\":\\"player_jump\\",\\"event\\":{\\"userid\\":10,\\"player\\":\\"#9(CCSPlayer)\\"}}",
  "[149570] game_event: {\\"name\\":\\"item_equip\\",\\"event\\":{\\"userid\\":7,\\"item\\":\\"famas\\",\\"defindex\\":10,\\"canzoom\\":false,\\"hassilencer\\":false,\\"issilenced\\":false,\\"hastracers\\":true,\\"weptype\\":3,\\"ispainted\\":false,\\"player\\":\\"#6(CCSPlayer)\\",\\"itemDefinition\\":{\\"className\\":\\"weapon_famas\\",\\"itemName\\":\\"FAMAS\\"}}}",
  "[149604] user_message: {\\"name\\":\\"WeaponSound\\",\\"msg\\":{\\"entidx\\":13,\\"originX\\":-969.6751098632812,\\"originY\\":155.0422821044922,\\"originZ\\":96.03125,\\"sound\\":\\"Weapon_FAMAS.Clipin\\",\\"timestamp\\":1168.796875}}",
  "[149605] game_event: {\\"name\\":\\"player_jump\\",\\"event\\":{\\"userid\\":17,\\"player\\":\\"#3(CCSPlayer)\\"}}",
  "[149615] game_event: {\\"name\\":\\"item_equip\\",\\"event\\":{\\"userid\\":17,\\"item\\":\\"galilar\\",\\"defindex\\":13,\\"canzoom\\":false,\\"hassilencer\\":false,\\"issilenced\\":false,\\"hastracers\\":true,\\"weptype\\":3,\\"ispainted\\":false,\\"player\\":\\"#3(CCSPlayer)\\",\\"itemDefinition\\":{\\"className\\":\\"weapon_galilar\\",\\"itemName\\":\\"Galil AR\\"}}}",
  "[149637] game_event: {\\"name\\":\\"inferno_expire\\",\\"event\\":{\\"entityid\\":154,\\"x\\":-1806.0216064453125,\\"y\\":-335.5621643066406,\\"z\\":128.03125,\\"entity\\":\\"#154(CInferno)\\"}}",
  "[149640] game_event: {\\"name\\":\\"item_equip\\",\\"event\\":{\\"userid\\":15,\\"item\\":\\"knife\\",\\"defindex\\":523,\\"canzoom\\":false,\\"hassilencer\\":false,\\"issilenced\\":false,\\"hastracers\\":false,\\"weptype\\":0,\\"ispainted\\":true,\\"player\\":\\"#13(CCSPlayer)\\",\\"itemDefinition\\":{\\"className\\":\\"weapon_knife_widowmaker\\",\\"itemName\\":\\"Talon Knife\\"}}}",
  "[149646] game_event: {\\"name\\":\\"item_equip\\",\\"event\\":{\\"userid\\":15,\\"item\\":\\"famas\\",\\"defindex\\":10,\\"canzoom\\":false,\\"hassilencer\\":false,\\"issilenced\\":false,\\"hastracers\\":true,\\"weptype\\":3,\\"ispainted\\":false,\\"player\\":\\"#13(CCSPlayer)\\",\\"itemDefinition\\":{\\"className\\":\\"weapon_famas\\",\\"itemName\\":\\"FAMAS\\"}}}",
  "[149715] game_event: {\\"name\\":\\"hltv_status\\",\\"event\\":{\\"clients\\":12,\\"slots\\":860,\\"proxies\\":4,\\"master\\":\\"\\",\\"externaltotal\\":0,\\"externallinked\\":0}}",
  "[149716] game_event: {\\"name\\":\\"hltv_status\\",\\"event\\":{\\"clients\\":12,\\"slots\\":860,\\"proxies\\":4,\\"master\\":\\"\\",\\"externaltotal\\":0,\\"externallinked\\":0}}",
  "[149889] game_event: {\\"name\\":\\"hltv_chase\\",\\"event\\":{\\"target1\\":4,\\"target2\\":9,\\"distance\\":112,\\"theta\\":20,\\"phi\\":20,\\"inertia\\":0,\\"ineye\\":1}}",
  "[1088553216] end: {\\"incomplete\\":false}",
]
`;
