// Jest Snapshot v1, https://goo.gl/fbAQLP

exports[`public matchmaking chat can be decrypted: timeline 1`] = `
Array [
  "[0] start: {\\"magic\\":\\"HL2DEMO\\",\\"protocol\\":4,\\"networkProtocol\\":13775,\\"serverName\\":\\"Valve CS:GO EU North Server (srcds106.188.41)\\",\\"clientName\\":\\"GOTV Demo\\",\\"mapName\\":\\"de_mirage\\",\\"gameDirectory\\":\\"csgo\\",\\"playbackTime\\":2843.296875,\\"playbackTicks\\":181971,\\"playbackFrames\\":90920,\\"signonLength\\":564847}",
  "[5327] SayText2: \\"Cstrike_Chat_All Black_Yuzia lol  \\"",
  "[6949] SayText2: \\"Cstrike_Chat_All lil bo peep glhf  \\"",
  "[23156] SayText2: \\"Cstrike_Chat_AllDead lil bo peep НИХУЯ ПАПОРОТНИК ТВОРИТ РЕПЧИНУ ПОД БИТ  \\"",
  "[41342] SayText2: \\"Cstrike_Chat_AllDead Black_Yuzia ns  \\"",
  "[50163] SayText2: \\"Cstrike_Chat_AllDead ?*The|Game*? =| уебак  \\"",
  "[50455] SayText2: \\"Cstrike_Chat_AllDead sss бавает  \\"",
  "[50779] SayText2: \\"Cstrike_Chat_AllDead ?*The|Game*? =| найс  \\"",
  "[51163] SayText2: \\"Cstrike_Chat_AllDead ?*The|Game*? =| та ты жуе врубвй  \\"",
  "[51331] SayText2: \\"Cstrike_Chat_AllDead ?*The|Game*? =| ты чего  \\"",
  "[51535] SayText2: \\"Cstrike_Chat_AllDead sss та я уже  \\"",
  "[51963] SayText2: \\"Cstrike_Chat_AllDead lil bo peep аоаооаоаооаоаоаооаоаоаооаоаоаоаооаоаоао  \\"",
  "[52951] SayText2: \\"Cstrike_Chat_All Папоротник Уволен  \\"",
  "[53461] SayText2: \\"Cstrike_Chat_All sss ок  \\"",
  "[54477] SayText2: \\"Cstrike_Chat_All ?*The|Game*? =| ффффффффффффффн  \\"",
  "[57997] SayText2: \\"Cstrike_Chat_AllDead sss Уволен  \\"",
  "[58575] SayText2: \\"Cstrike_Chat_AllDead Папоротник 1-1  \\"",
  "[58746] SayText2: \\"Cstrike_Chat_All sss )))  \\"",
  "[59154] SayText2: \\"Cstrike_Chat_All Папоротник Ну бот   \\"",
  "[59368] SayText2: \\"Cstrike_Chat_All Папоротник -100 к карме  \\"",
  "[59578] SayText2: \\"Cstrike_Chat_All sss зхвазпавзхва  \\"",
  "[59632] SayText2: \\"Cstrike_Chat_All sss сыглы  \\"",
  "[64868] SayText2: \\"Cstrike_Chat_All Папоротник флеш бл  \\"",
  "[65680] SayText2: \\"Cstrike_Chat_All 𝙵𝙻𝚇𝚈 niggers  \\"",
  "[92586] SayText2: \\"Cstrike_Chat_All lil bo peep HP?  \\"",
  "[93076] SayText2: \\"Cstrike_Chat_All Black_Yuzia dont' saw  \\"",
  "[100443] SayText2: \\"Cstrike_Chat_AllDead sss ты сука  \\"",
  "[100627] SayText2: \\"Cstrike_Chat_AllDead sss противная(  \\"",
  "[102011] SayText2: \\"Cstrike_Chat_AllDead sss Уволен0  \\"",
  "[102103] SayText2: \\"Cstrike_Chat_AllDead sss )))  \\"",
  "[102331] SayText2: \\"Cstrike_Chat_All lil bo peep ЗАБАНИЛИ  \\"",
  "[102411] SayText2: \\"Cstrike_Chat_All Папоротник ВСЮ ОБОЙМУ  \\"",
  "[102495] SayText2: \\"Cstrike_Chat_All lil bo peep НАХОЙ  \\"",
  "[102521] SayText2: \\"Cstrike_Chat_All Папоротник ВСЮ СУКА  \\"",
  "[102631] SayText2: \\"Cstrike_Chat_All ✪sndels28 Ɑ͞ ̶͞ ̶͞ ̶͞ ̶͞ ̶͞ ̶͞ ̶͞ ̶͞͞ ﻝﮞ  \\"",
  "[102673] SayText2: \\"Cstrike_Chat_All sss ХЗАЗВЫХЗХАВЫЗХАВЫЗХЫАВХЗАЫВЗХЫВА  \\"",
  "[102675] SayText2: \\"Cstrike_Chat_All Папоротник 13 ПУЛЬ  \\"",
  "[102683] SayText2: \\"Cstrike_Chat_All ✪sndels28 Ɑ͞ ̶͞ ̶͞ ̶͞ ̶͞ ̶͞ ̶͞ ̶͞ ̶͞͞ ﻝﮞ  \\"",
  "[102729] SayText2: \\"Cstrike_Chat_All ✪sndels28 Ɑ͞ ̶͞ ̶͞ ̶͞ ̶͞ ̶͞ ̶͞ ̶͞ ̶͞͞ ﻝﮞ  \\"",
  "[102781] SayText2: \\"Cstrike_Chat_All ✪sndels28 Ɑ͞ ̶͞ ̶͞ ̶͞ ̶͞ ̶͞ ̶͞ ̶͞ ̶͞͞ ﻝﮞ  \\"",
  "[102785] SayText2: \\"Cstrike_Chat_All Папоротник -57  \\"",
  "[102835] SayText2: \\"Cstrike_Chat_All ✪sndels28 Ɑ͞ ̶͞ ̶͞ ̶͞ ̶͞ ̶͞ ̶͞ ̶͞ ̶͞͞ ﻝﮞ  \\"",
  "[102887] SayText2: \\"Cstrike_Chat_All ✪sndels28 Ɑ͞ ̶͞ ̶͞ ̶͞ ̶͞ ̶͞ ̶͞ ̶͞ ̶͞͞ ﻝﮞ  \\"",
  "[102959] SayText2: \\"Cstrike_Chat_All ✪sndels28 Ɑ͞ ̶͞ ̶͞ ̶͞ ̶͞ ̶͞ ̶͞ ̶͞ ̶͞͞ ﻝﮞ  \\"",
  "[103017] SayText2: \\"Cstrike_Chat_All ✪sndels28 Ɑ͞ ̶͞ ̶͞ ̶͞ ̶͞ ̶͞ ̶͞ ̶͞ ̶͞͞ ﻝﮞ  \\"",
  "[122140] SayText2: \\"Cstrike_Chat_All Папоротник Ну тут прям лак шо пи было у тебя)  \\"",
  "[129400] SayText2: \\"Cstrike_Chat_All lil bo peep У МЕНЯ ЕСТЬ ПИСТОЛЕТ ВОДНЫЙ ВОДНЫЙ ПИСТОЛЕТ  У МЕНЯ ЕСТЬ АВТОМАТ ВОДНЫЙ ВОДНЫЙ АВТОМАТ У МЕНЯ ЕСТЬ АППАРАТ ВОДНЫЙ ВОДНЫЙ АППАРА  \\"",
  "[137740] SayText2: \\"Cstrike_Chat_AllDead Папоротник красава  \\"",
  "[138383] SayText2: \\"Cstrike_Chat_All lil bo peep Я ЗНАЮ  \\"",
  "[138623] SayText2: \\"Cstrike_Chat_All lil bo peep Я ЛУЧШИЙ  \\"",
  "[138629] SayText2: \\"Cstrike_Chat_All Папоротник Не ты  \\"",
  "[148030] SayText2: \\"Cstrike_Chat_AllDead sss cerf  \\"",
  "[148152] SayText2: \\"Cstrike_Chat_AllDead sss СУКА  \\"",
  "[156371] SayText2: \\"Cstrike_Chat_All Папоротник тайминг штука интересная  \\"",
  "[156671] SayText2: \\"Cstrike_Chat_All sss +  \\"",
  "[156919] SayText2: \\"Cstrike_Chat_All ruf +++  \\"",
  "[156957] SayText2: \\"Cstrike_Chat_All lil bo peep +  \\"",
  "[157091] SayText2: \\"Cstrike_Chat_All sss я в своего хуярил(  \\"",
  "[163179] SayText2: \\"Cstrike_Chat_AllDead 𝙵𝙻𝚇𝚈 ????????????????????  \\"",
  "[164869] SayText2: \\"Cstrike_Chat_AllDead lil bo peep НИХУЯ ТЫ ЧИКЕН КРЫЛЫШКА  \\"",
  "[165843] SayText2: \\"Cstrike_Chat_AllDead lil bo peep ПАПОРОТНИК Я ЕБАТЬ САТИВА БРАТАН  \\"",
  "[179103] SayText2: \\"Cstrike_Chat_AllDead lil bo peep BRUH  \\"",
  "[180919] SayText2: \\"Cstrike_Chat_All ?*The|Game*? =| gg  \\"",
  "[180939] SayText2: \\"Cstrike_Chat_All Black_Yuzia gg  \\"",
  "[180943] SayText2: \\"Cstrike_Chat_All Папоротник gg  \\"",
  "[181107] SayText2: \\"Cstrike_Chat_AllDead ✪sndels28 gg u noob  \\"",
]
`;
