// Jest Snapshot v1, https://goo.gl/fbAQLP

exports[`usercmds are emitted: timeline 1`] = `
Array [
  "[-1] start: {\\"magic\\":\\"HL2DEMO\\",\\"protocol\\":4,\\"networkProtocol\\":13637,\\"serverName\\":\\"=[A:1:2901688322:9953]:0\\",\\"clientName\\":\\"Haegemonia76\\",\\"mapName\\":\\"de_inferno\\",\\"gameDirectory\\":\\"csgo\\",\\"playbackTime\\":2832.78125,\\"playbackTicks\\":181298,\\"playbackFrames\\":179417,\\"signonLength\\":343573}",
  "[42] usercmd: {\\"commandNumber\\":663,\\"tickCount\\":3000,\\"viewAngles\\":{\\"x\\":0,\\"y\\":-108.5,\\"z\\":0},\\"aimDirection\\":{\\"x\\":0,\\"y\\":0,\\"z\\":0},\\"forwardMove\\":0,\\"sideMove\\":0,\\"upMove\\":0,\\"buttons\\":[],\\"impulse\\":0,\\"weaponSelect\\":0,\\"weaponSubType\\":0,\\"randomSeed\\":0,\\"mouseDeltaX\\":0,\\"mouseDeltaY\\":0}",
  "[1042] usercmd: {\\"commandNumber\\":1663,\\"tickCount\\":4000,\\"viewAngles\\":{\\"x\\":1.8633995056152344,\\"y\\":-123.3067626953125,\\"z\\":0},\\"aimDirection\\":{\\"x\\":0,\\"y\\":0,\\"z\\":0},\\"forwardMove\\":450,\\"sideMove\\":-450,\\"upMove\\":0,\\"buttons\\":[\\"forward\\",\\"moveleft\\"],\\"impulse\\":0,\\"weaponSelect\\":0,\\"weaponSubType\\":0,\\"randomSeed\\":0,\\"mouseDeltaX\\":10,\\"mouseDeltaY\\":3}",
  "[2042] usercmd: {\\"commandNumber\\":2663,\\"tickCount\\":5000,\\"viewAngles\\":{\\"x\\":0.2694999873638153,\\"y\\":-125.35369873046875,\\"z\\":0},\\"aimDirection\\":{\\"x\\":0,\\"y\\":0,\\"z\\":0},\\"forwardMove\\":0,\\"sideMove\\":0,\\"upMove\\":0,\\"buttons\\":[],\\"impulse\\":0,\\"weaponSelect\\":0,\\"weaponSubType\\":0,\\"randomSeed\\":0,\\"mouseDeltaX\\":0,\\"mouseDeltaY\\":0}",
  "[3042] usercmd: {\\"commandNumber\\":3663,\\"tickCount\\":6000,\\"viewAngles\\":{\\"x\\":4.042500972747803,\\"y\\":-153.65113830566406,\\"z\\":0},\\"aimDirection\\":{\\"x\\":0,\\"y\\":0,\\"z\\":0},\\"forwardMove\\":450,\\"sideMove\\":0,\\"upMove\\":0,\\"buttons\\":[\\"forward\\"],\\"impulse\\":0,\\"weaponSelect\\":0,\\"weaponSubType\\":0,\\"randomSeed\\":0,\\"mouseDeltaX\\":0,\\"mouseDeltaY\\":0}",
  "[4042] usercmd: {\\"commandNumber\\":4663,\\"tickCount\\":7000,\\"viewAngles\\":{\\"x\\":10.079296112060547,\\"y\\":-55.37578201293945,\\"z\\":0},\\"aimDirection\\":{\\"x\\":0,\\"y\\":0,\\"z\\":0},\\"forwardMove\\":450,\\"sideMove\\":-450,\\"upMove\\":0,\\"buttons\\":[\\"forward\\",\\"moveleft\\"],\\"impulse\\":0,\\"weaponSelect\\":0,\\"weaponSubType\\":0,\\"randomSeed\\":0,\\"mouseDeltaX\\":29,\\"mouseDeltaY\\":-3}",
  "[5042] usercmd: {\\"commandNumber\\":5663,\\"tickCount\\":8000,\\"viewAngles\\":{\\"x\\":-0.16939996182918549,\\"y\\":-105.49948120117188,\\"z\\":0},\\"aimDirection\\":{\\"x\\":0,\\"y\\":0,\\"z\\":0},\\"forwardMove\\":0,\\"sideMove\\":0,\\"upMove\\":0,\\"buttons\\":[],\\"impulse\\":0,\\"weaponSelect\\":0,\\"weaponSubType\\":0,\\"randomSeed\\":0,\\"mouseDeltaX\\":0,\\"mouseDeltaY\\":1}",
  "[6042] usercmd: {\\"commandNumber\\":6663,\\"tickCount\\":9000,\\"viewAngles\\":{\\"x\\":6.144614219665527,\\"y\\":-148.3652801513672,\\"z\\":0},\\"aimDirection\\":{\\"x\\":0,\\"y\\":0,\\"z\\":0},\\"forwardMove\\":450,\\"sideMove\\":-450,\\"upMove\\":0,\\"buttons\\":[\\"forward\\",\\"moveleft\\"],\\"impulse\\":0,\\"weaponSelect\\":0,\\"weaponSubType\\":0,\\"randomSeed\\":0,\\"mouseDeltaX\\":0,\\"mouseDeltaY\\":0}",
  "[7042] usercmd: {\\"commandNumber\\":7663,\\"tickCount\\":10000,\\"viewAngles\\":{\\"x\\":1.2011997699737549,\\"y\\":-174.8921661376953,\\"z\\":0},\\"aimDirection\\":{\\"x\\":0,\\"y\\":0,\\"z\\":0},\\"forwardMove\\":0,\\"sideMove\\":0,\\"upMove\\":0,\\"buttons\\":[],\\"impulse\\":0,\\"weaponSelect\\":0,\\"weaponSubType\\":0,\\"randomSeed\\":0,\\"mouseDeltaX\\":0,\\"mouseDeltaY\\":0}",
  "[8042] usercmd: {\\"commandNumber\\":8663,\\"tickCount\\":11000,\\"viewAngles\\":{\\"x\\":0.7237998843193054,\\"y\\":152.49078369140625,\\"z\\":0},\\"aimDirection\\":{\\"x\\":0,\\"y\\":0,\\"z\\":0},\\"forwardMove\\":450,\\"sideMove\\":0,\\"upMove\\":0,\\"buttons\\":[\\"forward\\"],\\"impulse\\":0,\\"weaponSelect\\":0,\\"weaponSubType\\":0,\\"randomSeed\\":0,\\"mouseDeltaX\\":-1,\\"mouseDeltaY\\":0}",
  "[9042] usercmd: {\\"commandNumber\\":9663,\\"tickCount\\":12000,\\"viewAngles\\":{\\"x\\":4.858702182769775,\\"y\\":-110.91268157958984,\\"z\\":0},\\"aimDirection\\":{\\"x\\":0,\\"y\\":0,\\"z\\":0},\\"forwardMove\\":450,\\"sideMove\\":0,\\"upMove\\":0,\\"buttons\\":[\\"forward\\"],\\"impulse\\":0,\\"weaponSelect\\":0,\\"weaponSubType\\":0,\\"randomSeed\\":0,\\"mouseDeltaX\\":0,\\"mouseDeltaY\\":0}",
  "[10042] usercmd: {\\"commandNumber\\":10663,\\"tickCount\\":13000,\\"viewAngles\\":{\\"x\\":-7.145598888397217,\\"y\\":-58.05982971191406,\\"z\\":0},\\"aimDirection\\":{\\"x\\":0,\\"y\\":0,\\"z\\":0},\\"forwardMove\\":0,\\"sideMove\\":0,\\"upMove\\":0,\\"buttons\\":[],\\"impulse\\":0,\\"weaponSelect\\":0,\\"weaponSubType\\":0,\\"randomSeed\\":0,\\"mouseDeltaX\\":0,\\"mouseDeltaY\\":0}",
  "[11042] usercmd: {\\"commandNumber\\":11663,\\"tickCount\\":14000,\\"viewAngles\\":{\\"x\\":-1.708132266998291,\\"y\\":-70.9606704711914,\\"z\\":-5.338458208825614e-8},\\"aimDirection\\":{\\"x\\":0,\\"y\\":0,\\"z\\":0},\\"forwardMove\\":0,\\"sideMove\\":0,\\"upMove\\":0,\\"buttons\\":[],\\"impulse\\":0,\\"weaponSelect\\":0,\\"weaponSubType\\":0,\\"randomSeed\\":0,\\"mouseDeltaX\\":0,\\"mouseDeltaY\\":0}",
  "[12042] usercmd: {\\"commandNumber\\":12663,\\"tickCount\\":15000,\\"viewAngles\\":{\\"x\\":10.5853271484375,\\"y\\":-46.46566390991211,\\"z\\":0},\\"aimDirection\\":{\\"x\\":0,\\"y\\":0,\\"z\\":0},\\"forwardMove\\":0,\\"sideMove\\":0,\\"upMove\\":0,\\"buttons\\":[],\\"impulse\\":0,\\"weaponSelect\\":0,\\"weaponSubType\\":0,\\"randomSeed\\":0,\\"mouseDeltaX\\":0,\\"mouseDeltaY\\":0}",
  "[13042] usercmd: {\\"commandNumber\\":13663,\\"tickCount\\":16000,\\"viewAngles\\":{\\"x\\":-6.954345703125,\\"y\\":-68.3624267578125,\\"z\\":0},\\"aimDirection\\":{\\"x\\":0,\\"y\\":0,\\"z\\":0},\\"forwardMove\\":0,\\"sideMove\\":0,\\"upMove\\":0,\\"buttons\\":[],\\"impulse\\":0,\\"weaponSelect\\":0,\\"weaponSubType\\":0,\\"randomSeed\\":0,\\"mouseDeltaX\\":0,\\"mouseDeltaY\\":0}",
  "[14042] usercmd: {\\"commandNumber\\":14663,\\"tickCount\\":17000,\\"viewAngles\\":{\\"x\\":-1.0272216796875,\\"y\\":5.1416015625,\\"z\\":0},\\"aimDirection\\":{\\"x\\":0,\\"y\\":0,\\"z\\":0},\\"forwardMove\\":0,\\"sideMove\\":0,\\"upMove\\":0,\\"buttons\\":[],\\"impulse\\":0,\\"weaponSelect\\":0,\\"weaponSubType\\":0,\\"randomSeed\\":0,\\"mouseDeltaX\\":0,\\"mouseDeltaY\\":0}",
  "[15042] usercmd: {\\"commandNumber\\":15663,\\"tickCount\\":18000,\\"viewAngles\\":{\\"x\\":0.03849999979138374,\\"y\\":70.10009002685547,\\"z\\":0},\\"aimDirection\\":{\\"x\\":0,\\"y\\":0,\\"z\\":0},\\"forwardMove\\":0,\\"sideMove\\":0,\\"upMove\\":0,\\"buttons\\":[],\\"impulse\\":0,\\"weaponSelect\\":0,\\"weaponSubType\\":0,\\"randomSeed\\":0,\\"mouseDeltaX\\":0,\\"mouseDeltaY\\":0}",
  "[16042] usercmd: {\\"commandNumber\\":16663,\\"tickCount\\":19000,\\"viewAngles\\":{\\"x\\":-1.4937981367111206,\\"y\\":-175.23138427734375,\\"z\\":0},\\"aimDirection\\":{\\"x\\":0,\\"y\\":0,\\"z\\":0},\\"forwardMove\\":450,\\"sideMove\\":0,\\"upMove\\":0,\\"buttons\\":[\\"forward\\"],\\"impulse\\":0,\\"weaponSelect\\":0,\\"weaponSubType\\":0,\\"randomSeed\\":0,\\"mouseDeltaX\\":0,\\"mouseDeltaY\\":0}",
  "[17042] usercmd: {\\"commandNumber\\":17663,\\"tickCount\\":20000,\\"viewAngles\\":{\\"x\\":7.207210063934326,\\"y\\":-50.059959411621094,\\"z\\":0},\\"aimDirection\\":{\\"x\\":0,\\"y\\":0,\\"z\\":0},\\"forwardMove\\":0,\\"sideMove\\":-450,\\"upMove\\":0,\\"buttons\\":[\\"moveleft\\"],\\"impulse\\":0,\\"weaponSelect\\":0,\\"weaponSubType\\":0,\\"randomSeed\\":0,\\"mouseDeltaX\\":-30,\\"mouseDeltaY\\":-7}",
  "[18042] usercmd: {\\"commandNumber\\":18663,\\"tickCount\\":21000,\\"viewAngles\\":{\\"x\\":9.594208717346191,\\"y\\":127.326904296875,\\"z\\":0},\\"aimDirection\\":{\\"x\\":0,\\"y\\":0,\\"z\\":0},\\"forwardMove\\":450,\\"sideMove\\":450,\\"upMove\\":0,\\"buttons\\":[\\"forward\\",\\"moveright\\"],\\"impulse\\":0,\\"weaponSelect\\":0,\\"weaponSubType\\":0,\\"randomSeed\\":0,\\"mouseDeltaX\\":29,\\"mouseDeltaY\\":0}",
  "[19042] usercmd: {\\"commandNumber\\":19663,\\"tickCount\\":22000,\\"viewAngles\\":{\\"x\\":4.943419933319092,\\"y\\":-27.281259536743164,\\"z\\":0},\\"aimDirection\\":{\\"x\\":0,\\"y\\":0,\\"z\\":0},\\"forwardMove\\":450,\\"sideMove\\":-450,\\"upMove\\":0,\\"buttons\\":[\\"forward\\",\\"moveleft\\"],\\"impulse\\":0,\\"weaponSelect\\":0,\\"weaponSubType\\":0,\\"randomSeed\\":0,\\"mouseDeltaX\\":0,\\"mouseDeltaY\\":0}",
  "[20042] usercmd: {\\"commandNumber\\":20663,\\"tickCount\\":23000,\\"viewAngles\\":{\\"x\\":0.30800002813339233,\\"y\\":103.98011016845703,\\"z\\":0},\\"aimDirection\\":{\\"x\\":0,\\"y\\":0,\\"z\\":0},\\"forwardMove\\":0,\\"sideMove\\":0,\\"upMove\\":0,\\"buttons\\":[],\\"impulse\\":0,\\"weaponSelect\\":0,\\"weaponSubType\\":0,\\"randomSeed\\":0,\\"mouseDeltaX\\":0,\\"mouseDeltaY\\":0}",
  "[21042] usercmd: {\\"commandNumber\\":21663,\\"tickCount\\":24000,\\"viewAngles\\":{\\"x\\":3.388011932373047,\\"y\\":143.80459594726562,\\"z\\":0},\\"aimDirection\\":{\\"x\\":0,\\"y\\":0,\\"z\\":0},\\"forwardMove\\":450,\\"sideMove\\":0,\\"upMove\\":0,\\"buttons\\":[\\"forward\\"],\\"impulse\\":0,\\"weaponSelect\\":0,\\"weaponSubType\\":0,\\"randomSeed\\":0,\\"mouseDeltaX\\":7,\\"mouseDeltaY\\":0}",
  "[22042] usercmd: {\\"commandNumber\\":22663,\\"tickCount\\":25000,\\"viewAngles\\":{\\"x\\":5.474719524383545,\\"y\\":-114.31657409667969,\\"z\\":0},\\"aimDirection\\":{\\"x\\":0,\\"y\\":0,\\"z\\":0},\\"forwardMove\\":450,\\"sideMove\\":450,\\"upMove\\":0,\\"buttons\\":[\\"forward\\",\\"moveright\\"],\\"impulse\\":0,\\"weaponSelect\\":0,\\"weaponSubType\\":0,\\"randomSeed\\":0,\\"mouseDeltaX\\":-1,\\"mouseDeltaY\\":0}",
  "[23042] usercmd: {\\"commandNumber\\":23663,\\"tickCount\\":26000,\\"viewAngles\\":{\\"x\\":2.7642898559570312,\\"y\\":-85.17189025878906,\\"z\\":0},\\"aimDirection\\":{\\"x\\":0,\\"y\\":0,\\"z\\":0},\\"forwardMove\\":0,\\"sideMove\\":-450,\\"upMove\\":0,\\"buttons\\":[\\"moveleft\\"],\\"impulse\\":0,\\"weaponSelect\\":0,\\"weaponSubType\\":0,\\"randomSeed\\":0,\\"mouseDeltaX\\":17,\\"mouseDeltaY\\":3}",
  "[24042] usercmd: {\\"commandNumber\\":24663,\\"tickCount\\":27000,\\"viewAngles\\":{\\"x\\":16.19304847717285,\\"y\\":-176.21658325195312,\\"z\\":0},\\"aimDirection\\":{\\"x\\":0,\\"y\\":0,\\"z\\":0},\\"forwardMove\\":450,\\"sideMove\\":0,\\"upMove\\":0,\\"buttons\\":[\\"forward\\",\\"score\\"],\\"impulse\\":0,\\"weaponSelect\\":0,\\"weaponSubType\\":0,\\"randomSeed\\":0,\\"mouseDeltaX\\":0,\\"mouseDeltaY\\":0}",
  "[25042] usercmd: {\\"commandNumber\\":25663,\\"tickCount\\":28000,\\"viewAngles\\":{\\"x\\":0.31570830941200256,\\"y\\":124.08515930175781,\\"z\\":0},\\"aimDirection\\":{\\"x\\":0,\\"y\\":0,\\"z\\":0},\\"forwardMove\\":0,\\"sideMove\\":450,\\"upMove\\":0,\\"buttons\\":[\\"moveright\\"],\\"impulse\\":0,\\"weaponSelect\\":0,\\"weaponSubType\\":0,\\"randomSeed\\":0,\\"mouseDeltaX\\":0,\\"mouseDeltaY\\":0}",
  "[26042] usercmd: {\\"commandNumber\\":26663,\\"tickCount\\":29000,\\"viewAngles\\":{\\"x\\":6.298625946044922,\\"y\\":-136.98472595214844,\\"z\\":0},\\"aimDirection\\":{\\"x\\":0,\\"y\\":0,\\"z\\":0},\\"forwardMove\\":450,\\"sideMove\\":0,\\"upMove\\":0,\\"buttons\\":[\\"forward\\"],\\"impulse\\":0,\\"weaponSelect\\":0,\\"weaponSubType\\":0,\\"randomSeed\\":0,\\"mouseDeltaX\\":-3,\\"mouseDeltaY\\":0}",
  "[27042] usercmd: {\\"commandNumber\\":27663,\\"tickCount\\":30000,\\"viewAngles\\":{\\"x\\":-2.8566930294036865,\\"y\\":-77.19420623779297,\\"z\\":0},\\"aimDirection\\":{\\"x\\":0,\\"y\\":0,\\"z\\":0},\\"forwardMove\\":0,\\"sideMove\\":450,\\"upMove\\":0,\\"buttons\\":[\\"moveright\\"],\\"impulse\\":0,\\"weaponSelect\\":0,\\"weaponSubType\\":0,\\"randomSeed\\":0,\\"mouseDeltaX\\":-7,\\"mouseDeltaY\\":-8}",
  "[28042] usercmd: {\\"commandNumber\\":28663,\\"tickCount\\":31000,\\"viewAngles\\":{\\"x\\":8.131239891052246,\\"y\\":159.66744995117188,\\"z\\":0},\\"aimDirection\\":{\\"x\\":0,\\"y\\":0,\\"z\\":0},\\"forwardMove\\":0,\\"sideMove\\":450,\\"upMove\\":0,\\"buttons\\":[\\"attack\\",\\"duck\\",\\"moveright\\"],\\"impulse\\":0,\\"weaponSelect\\":0,\\"weaponSubType\\":0,\\"randomSeed\\":0,\\"mouseDeltaX\\":12,\\"mouseDeltaY\\":1}",
  "[29042] usercmd: {\\"commandNumber\\":29663,\\"tickCount\\":32000,\\"viewAngles\\":{\\"x\\":12.963523864746094,\\"y\\":47.186279296875,\\"z\\":0},\\"aimDirection\\":{\\"x\\":0,\\"y\\":0,\\"z\\":0},\\"forwardMove\\":0,\\"sideMove\\":0,\\"upMove\\":0,\\"buttons\\":[],\\"impulse\\":0,\\"weaponSelect\\":0,\\"weaponSubType\\":0,\\"randomSeed\\":0,\\"mouseDeltaX\\":0,\\"mouseDeltaY\\":0}",
  "[30042] usercmd: {\\"commandNumber\\":30663,\\"tickCount\\":33000,\\"viewAngles\\":{\\"x\\":5.2511210441589355,\\"y\\":53.5089111328125,\\"z\\":0},\\"aimDirection\\":{\\"x\\":0,\\"y\\":0,\\"z\\":0},\\"forwardMove\\":0,\\"sideMove\\":0,\\"upMove\\":0,\\"buttons\\":[],\\"impulse\\":0,\\"weaponSelect\\":0,\\"weaponSubType\\":0,\\"randomSeed\\":0,\\"mouseDeltaX\\":0,\\"mouseDeltaY\\":0}",
  "[31042] usercmd: {\\"commandNumber\\":31663,\\"tickCount\\":34000,\\"viewAngles\\":{\\"x\\":30.32927131652832,\\"y\\":47.32130432128906,\\"z\\":0.0000010104663488164078},\\"aimDirection\\":{\\"x\\":0,\\"y\\":0,\\"z\\":0},\\"forwardMove\\":0,\\"sideMove\\":0,\\"upMove\\":0,\\"buttons\\":[],\\"impulse\\":0,\\"weaponSelect\\":0,\\"weaponSubType\\":0,\\"randomSeed\\":0,\\"mouseDeltaX\\":0,\\"mouseDeltaY\\":0}",
  "[32043] usercmd: {\\"commandNumber\\":32663,\\"tickCount\\":35000,\\"viewAngles\\":{\\"x\\":0.9086001515388489,\\"y\\":122.51631164550781,\\"z\\":0},\\"aimDirection\\":{\\"x\\":0,\\"y\\":0,\\"z\\":0},\\"forwardMove\\":0,\\"sideMove\\":0,\\"upMove\\":0,\\"buttons\\":[],\\"impulse\\":0,\\"weaponSelect\\":0,\\"weaponSubType\\":0,\\"randomSeed\\":0,\\"mouseDeltaX\\":-9,\\"mouseDeltaY\\":0}",
  "[33043] usercmd: {\\"commandNumber\\":33663,\\"tickCount\\":36000,\\"viewAngles\\":{\\"x\\":0.15399271249771118,\\"y\\":-136.20521545410156,\\"z\\":0},\\"aimDirection\\":{\\"x\\":0,\\"y\\":0,\\"z\\":0},\\"forwardMove\\":0,\\"sideMove\\":0,\\"upMove\\":0,\\"buttons\\":[],\\"impulse\\":0,\\"weaponSelect\\":0,\\"weaponSubType\\":0,\\"randomSeed\\":0,\\"mouseDeltaX\\":17,\\"mouseDeltaY\\":-2}",
  "[34043] usercmd: {\\"commandNumber\\":34663,\\"tickCount\\":37000,\\"viewAngles\\":{\\"x\\":-0.6237101554870605,\\"y\\":-86.96358489990234,\\"z\\":0},\\"aimDirection\\":{\\"x\\":0,\\"y\\":0,\\"z\\":0},\\"forwardMove\\":-450,\\"sideMove\\":-450,\\"upMove\\":0,\\"buttons\\":[\\"back\\",\\"moveleft\\",\\"speed\\"],\\"impulse\\":0,\\"weaponSelect\\":0,\\"weaponSubType\\":0,\\"randomSeed\\":0,\\"mouseDeltaX\\":0,\\"mouseDeltaY\\":0}",
  "[35043] usercmd: {\\"commandNumber\\":35663,\\"tickCount\\":38000,\\"viewAngles\\":{\\"x\\":0.9163016080856323,\\"y\\":-100.761962890625,\\"z\\":0},\\"aimDirection\\":{\\"x\\":0,\\"y\\":0,\\"z\\":0},\\"forwardMove\\":450,\\"sideMove\\":-450,\\"upMove\\":0,\\"buttons\\":[\\"forward\\",\\"moveleft\\",\\"speed\\"],\\"impulse\\":0,\\"weaponSelect\\":0,\\"weaponSubType\\":0,\\"randomSeed\\":0,\\"mouseDeltaX\\":14,\\"mouseDeltaY\\":0}",
  "[36043] usercmd: {\\"commandNumber\\":36663,\\"tickCount\\":39000,\\"viewAngles\\":{\\"x\\":-0.31569796800613403,\\"y\\":-89.04251861572266,\\"z\\":0},\\"aimDirection\\":{\\"x\\":0,\\"y\\":0,\\"z\\":0},\\"forwardMove\\":0,\\"sideMove\\":0,\\"upMove\\":0,\\"buttons\\":[\\"speed\\"],\\"impulse\\":0,\\"weaponSelect\\":0,\\"weaponSubType\\":0,\\"randomSeed\\":0,\\"mouseDeltaX\\":0,\\"mouseDeltaY\\":0}",
  "[37043] usercmd: {\\"commandNumber\\":37663,\\"tickCount\\":40000,\\"viewAngles\\":{\\"x\\":-12.1563720703125,\\"y\\":-13.5736083984375,\\"z\\":0},\\"aimDirection\\":{\\"x\\":0,\\"y\\":0,\\"z\\":0},\\"forwardMove\\":0,\\"sideMove\\":0,\\"upMove\\":0,\\"buttons\\":[],\\"impulse\\":0,\\"weaponSelect\\":0,\\"weaponSubType\\":0,\\"randomSeed\\":0,\\"mouseDeltaX\\":0,\\"mouseDeltaY\\":0}",
  "[38042] usercmd: {\\"commandNumber\\":38663,\\"tickCount\\":41000,\\"viewAngles\\":{\\"x\\":8.778076171875,\\"y\\":175.8526611328125,\\"z\\":0},\\"aimDirection\\":{\\"x\\":0,\\"y\\":0,\\"z\\":0},\\"forwardMove\\":0,\\"sideMove\\":0,\\"upMove\\":0,\\"buttons\\":[],\\"impulse\\":0,\\"weaponSelect\\":0,\\"weaponSubType\\":0,\\"randomSeed\\":0,\\"mouseDeltaX\\":0,\\"mouseDeltaY\\":0}",
  "[39042] usercmd: {\\"commandNumber\\":39663,\\"tickCount\\":42000,\\"viewAngles\\":{\\"x\\":1.062599778175354,\\"y\\":122.7799072265625,\\"z\\":0},\\"aimDirection\\":{\\"x\\":0,\\"y\\":0,\\"z\\":0},\\"forwardMove\\":0,\\"sideMove\\":0,\\"upMove\\":0,\\"buttons\\":[],\\"impulse\\":0,\\"weaponSelect\\":0,\\"weaponSubType\\":0,\\"randomSeed\\":0,\\"mouseDeltaX\\":0,\\"mouseDeltaY\\":0}",
  "[40043] usercmd: {\\"commandNumber\\":40663,\\"tickCount\\":43000,\\"viewAngles\\":{\\"x\\":-3.91160249710083,\\"y\\":-127.04796600341797,\\"z\\":0},\\"aimDirection\\":{\\"x\\":0,\\"y\\":0,\\"z\\":0},\\"forwardMove\\":450,\\"sideMove\\":-450,\\"upMove\\":0,\\"buttons\\":[\\"forward\\",\\"moveleft\\"],\\"impulse\\":0,\\"weaponSelect\\":0,\\"weaponSubType\\":0,\\"randomSeed\\":0,\\"mouseDeltaX\\":1,\\"mouseDeltaY\\":0}",
  "[41043] usercmd: {\\"commandNumber\\":41663,\\"tickCount\\":44000,\\"viewAngles\\":{\\"x\\":3.765298366546631,\\"y\\":-111.06349182128906,\\"z\\":0},\\"aimDirection\\":{\\"x\\":0,\\"y\\":0,\\"z\\":0},\\"forwardMove\\":450,\\"sideMove\\":0,\\"upMove\\":0,\\"buttons\\":[\\"forward\\",\\"speed\\"],\\"impulse\\":0,\\"weaponSelect\\":0,\\"weaponSubType\\":0,\\"randomSeed\\":0,\\"mouseDeltaX\\":0,\\"mouseDeltaY\\":0}",
  "[42042] usercmd: {\\"commandNumber\\":42663,\\"tickCount\\":45000,\\"viewAngles\\":{\\"x\\":8.924304962158203,\\"y\\":-108.88494873046875,\\"z\\":0},\\"aimDirection\\":{\\"x\\":0,\\"y\\":0,\\"z\\":0},\\"forwardMove\\":-450,\\"sideMove\\":0,\\"upMove\\":0,\\"buttons\\":[\\"back\\"],\\"impulse\\":0,\\"weaponSelect\\":0,\\"weaponSubType\\":0,\\"randomSeed\\":0,\\"mouseDeltaX\\":0,\\"mouseDeltaY\\":0}",
  "[43043] usercmd: {\\"commandNumber\\":43663,\\"tickCount\\":46000,\\"viewAngles\\":{\\"x\\":11.003304481506348,\\"y\\":-116.30747985839844,\\"z\\":0},\\"aimDirection\\":{\\"x\\":0,\\"y\\":0,\\"z\\":0},\\"forwardMove\\":-450,\\"sideMove\\":-450,\\"upMove\\":0,\\"buttons\\":[\\"back\\",\\"moveleft\\"],\\"impulse\\":0,\\"weaponSelect\\":0,\\"weaponSubType\\":0,\\"randomSeed\\":0,\\"mouseDeltaX\\":0,\\"mouseDeltaY\\":0}",
  "[44043] usercmd: {\\"commandNumber\\":44663,\\"tickCount\\":47000,\\"viewAngles\\":{\\"x\\":0.5929068326950073,\\"y\\":-134.47352600097656,\\"z\\":0},\\"aimDirection\\":{\\"x\\":0,\\"y\\":0,\\"z\\":0},\\"forwardMove\\":-450,\\"sideMove\\":-450,\\"upMove\\":0,\\"buttons\\":[\\"back\\",\\"moveleft\\"],\\"impulse\\":0,\\"weaponSelect\\":0,\\"weaponSubType\\":0,\\"randomSeed\\":0,\\"mouseDeltaX\\":2,\\"mouseDeltaY\\":0}",
  "[45043] usercmd: {\\"commandNumber\\":45663,\\"tickCount\\":48000,\\"viewAngles\\":{\\"x\\":5.085848808288574,\\"y\\":-30.847997665405273,\\"z\\":0},\\"aimDirection\\":{\\"x\\":0,\\"y\\":0,\\"z\\":0},\\"forwardMove\\":0,\\"sideMove\\":0,\\"upMove\\":0,\\"buttons\\":[],\\"impulse\\":0,\\"weaponSelect\\":0,\\"weaponSubType\\":0,\\"randomSeed\\":0,\\"mouseDeltaX\\":2,\\"mouseDeltaY\\":-1}",
  "[46043] usercmd: {\\"commandNumber\\":46663,\\"tickCount\\":49000,\\"viewAngles\\":{\\"x\\":4.9713134765625,\\"y\\":101.0357666015625,\\"z\\":0},\\"aimDirection\\":{\\"x\\":0,\\"y\\":0,\\"z\\":0},\\"forwardMove\\":0,\\"sideMove\\":0,\\"upMove\\":0,\\"buttons\\":[],\\"impulse\\":0,\\"weaponSelect\\":0,\\"weaponSubType\\":0,\\"randomSeed\\":0,\\"mouseDeltaX\\":0,\\"mouseDeltaY\\":0}",
  "[47043] usercmd: {\\"commandNumber\\":47663,\\"tickCount\\":50000,\\"viewAngles\\":{\\"x\\":1.065673828125,\\"y\\":-179.6539306640625,\\"z\\":0},\\"aimDirection\\":{\\"x\\":0,\\"y\\":0,\\"z\\":0},\\"forwardMove\\":0,\\"sideMove\\":0,\\"upMove\\":0,\\"buttons\\":[],\\"impulse\\":0,\\"weaponSelect\\":0,\\"weaponSubType\\":0,\\"randomSeed\\":0,\\"mouseDeltaX\\":0,\\"mouseDeltaY\\":0}",
  "[48043] usercmd: {\\"commandNumber\\":48663,\\"tickCount\\":51000,\\"viewAngles\\":{\\"x\\":49.9383544921875,\\"y\\":-70.411376953125,\\"z\\":0},\\"aimDirection\\":{\\"x\\":0,\\"y\\":0,\\"z\\":0},\\"forwardMove\\":0,\\"sideMove\\":0,\\"upMove\\":0,\\"buttons\\":[\\"score\\"],\\"impulse\\":0,\\"weaponSelect\\":0,\\"weaponSubType\\":0,\\"randomSeed\\":0,\\"mouseDeltaX\\":0,\\"mouseDeltaY\\":0}",
  "[49043] usercmd: {\\"commandNumber\\":49663,\\"tickCount\\":52000,\\"viewAngles\\":{\\"x\\":1.1780999898910522,\\"y\\":-109.50102996826172,\\"z\\":0},\\"aimDirection\\":{\\"x\\":0,\\"y\\":0,\\"z\\":0},\\"forwardMove\\":0,\\"sideMove\\":0,\\"upMove\\":0,\\"buttons\\":[],\\"impulse\\":0,\\"weaponSelect\\":0,\\"weaponSubType\\":0,\\"randomSeed\\":0,\\"mouseDeltaX\\":0,\\"mouseDeltaY\\":0}",
  "[50043] usercmd: {\\"commandNumber\\":50663,\\"tickCount\\":53000,\\"viewAngles\\":{\\"x\\":0.3618989586830139,\\"y\\":162.20350646972656,\\"z\\":0},\\"aimDirection\\":{\\"x\\":0,\\"y\\":0,\\"z\\":0},\\"forwardMove\\":450,\\"sideMove\\":0,\\"upMove\\":0,\\"buttons\\":[\\"forward\\"],\\"impulse\\":0,\\"weaponSelect\\":0,\\"weaponSubType\\":0,\\"randomSeed\\":0,\\"mouseDeltaX\\":-2,\\"mouseDeltaY\\":0}",
  "[51043] usercmd: {\\"commandNumber\\":51663,\\"tickCount\\":54000,\\"viewAngles\\":{\\"x\\":5.644087791442871,\\"y\\":-139.946533203125,\\"z\\":0},\\"aimDirection\\":{\\"x\\":0,\\"y\\":0,\\"z\\":0},\\"forwardMove\\":0,\\"sideMove\\":0,\\"upMove\\":0,\\"buttons\\":[],\\"impulse\\":0,\\"weaponSelect\\":0,\\"weaponSubType\\":0,\\"randomSeed\\":0,\\"mouseDeltaX\\":-28,\\"mouseDeltaY\\":0}",
  "[52043] usercmd: {\\"commandNumber\\":52663,\\"tickCount\\":55000,\\"viewAngles\\":{\\"x\\":3.3263566493988037,\\"y\\":-30.59117889404297,\\"z\\":0},\\"aimDirection\\":{\\"x\\":0,\\"y\\":0,\\"z\\":0},\\"forwardMove\\":450,\\"sideMove\\":-450,\\"upMove\\":0,\\"buttons\\":[\\"forward\\",\\"moveleft\\"],\\"impulse\\":0,\\"weaponSelect\\":0,\\"weaponSubType\\":0,\\"randomSeed\\":0,\\"mouseDeltaX\\":-6,\\"mouseDeltaY\\":-1}",
  "[53043] usercmd: {\\"commandNumber\\":53663,\\"tickCount\\":56000,\\"viewAngles\\":{\\"x\\":4.766255855560303,\\"y\\":163.2816925048828,\\"z\\":0},\\"aimDirection\\":{\\"x\\":0,\\"y\\":0,\\"z\\":0},\\"forwardMove\\":0,\\"sideMove\\":-450,\\"upMove\\":0,\\"buttons\\":[\\"moveleft\\"],\\"impulse\\":0,\\"weaponSelect\\":0,\\"weaponSubType\\":0,\\"randomSeed\\":0,\\"mouseDeltaX\\":0,\\"mouseDeltaY\\":0}",
  "[54043] usercmd: {\\"commandNumber\\":54663,\\"tickCount\\":57000,\\"viewAngles\\":{\\"x\\":-4.481452465057373,\\"y\\":162.91970825195312,\\"z\\":0},\\"aimDirection\\":{\\"x\\":0,\\"y\\":0,\\"z\\":0},\\"forwardMove\\":450,\\"sideMove\\":450,\\"upMove\\":0,\\"buttons\\":[\\"duck\\",\\"forward\\",\\"moveright\\"],\\"impulse\\":0,\\"weaponSelect\\":0,\\"weaponSubType\\":0,\\"randomSeed\\":0,\\"mouseDeltaX\\":0,\\"mouseDeltaY\\":1}",
  "[55043] usercmd: {\\"commandNumber\\":55663,\\"tickCount\\":58000,\\"viewAngles\\":{\\"x\\":4.712396144866943,\\"y\\":94.2054214477539,\\"z\\":0},\\"aimDirection\\":{\\"x\\":0,\\"y\\":0,\\"z\\":0},\\"forwardMove\\":0,\\"sideMove\\":0,\\"upMove\\":0,\\"buttons\\":[],\\"impulse\\":0,\\"weaponSelect\\":0,\\"weaponSubType\\":0,\\"randomSeed\\":0,\\"mouseDeltaX\\":0,\\"mouseDeltaY\\":0}",
  "[56043] usercmd: {\\"commandNumber\\":56663,\\"tickCount\\":59000,\\"viewAngles\\":{\\"x\\":-0.9625012278556824,\\"y\\":-124.41461944580078,\\"z\\":0},\\"aimDirection\\":{\\"x\\":0,\\"y\\":0,\\"z\\":0},\\"forwardMove\\":450,\\"sideMove\\":0,\\"upMove\\":0,\\"buttons\\":[\\"forward\\"],\\"impulse\\":0,\\"weaponSelect\\":0,\\"weaponSubType\\":0,\\"randomSeed\\":0,\\"mouseDeltaX\\":0,\\"mouseDeltaY\\":-1}",
  "[57043] usercmd: {\\"commandNumber\\":57663,\\"tickCount\\":60000,\\"viewAngles\\":{\\"x\\":5.2020263671875,\\"y\\":-148.0517578125,\\"z\\":0},\\"aimDirection\\":{\\"x\\":0,\\"y\\":0,\\"z\\":0},\\"forwardMove\\":0,\\"sideMove\\":0,\\"upMove\\":0,\\"buttons\\":[],\\"impulse\\":0,\\"weaponSelect\\":0,\\"weaponSubType\\":0,\\"randomSeed\\":0,\\"mouseDeltaX\\":0,\\"mouseDeltaY\\":0}",
  "[58043] usercmd: {\\"commandNumber\\":58663,\\"tickCount\\":61000,\\"viewAngles\\":{\\"x\\":-6.712646484375,\\"y\\":-178.3245849609375,\\"z\\":0},\\"aimDirection\\":{\\"x\\":0,\\"y\\":0,\\"z\\":0},\\"forwardMove\\":0,\\"sideMove\\":0,\\"upMove\\":0,\\"buttons\\":[],\\"impulse\\":0,\\"weaponSelect\\":0,\\"weaponSubType\\":0,\\"randomSeed\\":0,\\"mouseDeltaX\\":0,\\"mouseDeltaY\\":0}",
  "[59043] usercmd: {\\"commandNumber\\":59663,\\"tickCount\\":62000,\\"viewAngles\\":{\\"x\\":-22.56591796875,\\"y\\":-176.934814453125,\\"z\\":0},\\"aimDirection\\":{\\"x\\":0,\\"y\\":0,\\"z\\":0},\\"forwardMove\\":0,\\"sideMove\\":0,\\"upMove\\":0,\\"buttons\\":[],\\"impulse\\":0,\\"weaponSelect\\":0,\\"weaponSubType\\":0,\\"randomSeed\\":0,\\"mouseDeltaX\\":0,\\"mouseDeltaY\\":0}",
  "[60043] usercmd: {\\"commandNumber\\":60663,\\"tickCount\\":63000,\\"viewAngles\\":{\\"x\\":-5.4437255859375,\\"y\\":-160.718994140625,\\"z\\":0},\\"aimDirection\\":{\\"x\\":0,\\"y\\":0,\\"z\\":0},\\"forwardMove\\":0,\\"sideMove\\":0,\\"upMove\\":0,\\"buttons\\":[],\\"impulse\\":0,\\"weaponSelect\\":0,\\"weaponSubType\\":0,\\"randomSeed\\":0,\\"mouseDeltaX\\":0,\\"mouseDeltaY\\":0}",
  "[61043] usercmd: {\\"commandNumber\\":61663,\\"tickCount\\":64000,\\"viewAngles\\":{\\"x\\":-4.8394775390625,\\"y\\":84.0179443359375,\\"z\\":0},\\"aimDirection\\":{\\"x\\":0,\\"y\\":0,\\"z\\":0},\\"forwardMove\\":0,\\"sideMove\\":0,\\"upMove\\":0,\\"buttons\\":[],\\"impulse\\":0,\\"weaponSelect\\":0,\\"weaponSubType\\":0,\\"randomSeed\\":0,\\"mouseDeltaX\\":0,\\"mouseDeltaY\\":0}",
  "[62043] usercmd: {\\"commandNumber\\":62663,\\"tickCount\\":65000,\\"viewAngles\\":{\\"x\\":-3.8671875,\\"y\\":90.1318359375,\\"z\\":0},\\"aimDirection\\":{\\"x\\":0,\\"y\\":0,\\"z\\":0},\\"forwardMove\\":0,\\"sideMove\\":0,\\"upMove\\":0,\\"buttons\\":[],\\"impulse\\":0,\\"weaponSelect\\":0,\\"weaponSubType\\":0,\\"randomSeed\\":0,\\"mouseDeltaX\\":0,\\"mouseDeltaY\\":0}",
  "[63043] usercmd: {\\"commandNumber\\":63663,\\"tickCount\\":66000,\\"viewAngles\\":{\\"x\\":-2.1748244762420654,\\"y\\":126.85598754882812,\\"z\\":-0.0000011747849839593982},\\"aimDirection\\":{\\"x\\":0,\\"y\\":0,\\"z\\":0},\\"forwardMove\\":0,\\"sideMove\\":0,\\"upMove\\":0,\\"buttons\\":[],\\"impulse\\":0,\\"weaponSelect\\":0,\\"weaponSubType\\":0,\\"randomSeed\\":0,\\"mouseDeltaX\\":0,\\"mouseDeltaY\\":0}",
  "[64043] usercmd: {\\"commandNumber\\":64663,\\"tickCount\\":67000,\\"viewAngles\\":{\\"x\\":-1.8864953517913818,\\"y\\":106.41327667236328,\\"z\\":0},\\"aimDirection\\":{\\"x\\":0,\\"y\\":0,\\"z\\":0},\\"forwardMove\\":450,\\"sideMove\\":0,\\"upMove\\":0,\\"buttons\\":[\\"forward\\"],\\"impulse\\":0,\\"weaponSelect\\":0,\\"weaponSubType\\":0,\\"randomSeed\\":0,\\"mouseDeltaX\\":1,\\"mouseDeltaY\\":0}",
  "[65043] usercmd: {\\"commandNumber\\":65663,\\"tickCount\\":68000,\\"viewAngles\\":{\\"x\\":5.659509658813477,\\"y\\":140.1549072265625,\\"z\\":0},\\"aimDirection\\":{\\"x\\":0,\\"y\\":0,\\"z\\":0},\\"forwardMove\\":0,\\"sideMove\\":-450,\\"upMove\\":0,\\"buttons\\":[\\"duck\\",\\"moveleft\\"],\\"impulse\\":0,\\"weaponSelect\\":0,\\"weaponSubType\\":0,\\"randomSeed\\":0,\\"mouseDeltaX\\":21,\\"mouseDeltaY\\":0}",
  "[66043] usercmd: {\\"commandNumber\\":66663,\\"tickCount\\":69000,\\"viewAngles\\":{\\"x\\":4.820216178894043,\\"y\\":-144.95513916015625,\\"z\\":0},\\"aimDirection\\":{\\"x\\":0,\\"y\\":0,\\"z\\":0},\\"forwardMove\\":450,\\"sideMove\\":-450,\\"upMove\\":0,\\"buttons\\":[\\"forward\\",\\"moveleft\\",\\"speed\\"],\\"impulse\\":0,\\"weaponSelect\\":0,\\"weaponSubType\\":0,\\"randomSeed\\":0,\\"mouseDeltaX\\":5,\\"mouseDeltaY\\":2}",
  "[67043] usercmd: {\\"commandNumber\\":67663,\\"tickCount\\":70000,\\"viewAngles\\":{\\"x\\":2.071316957473755,\\"y\\":-83.92455291748047,\\"z\\":0},\\"aimDirection\\":{\\"x\\":0,\\"y\\":0,\\"z\\":0},\\"forwardMove\\":0,\\"sideMove\\":-450,\\"upMove\\":0,\\"buttons\\":[\\"attack\\",\\"moveleft\\"],\\"impulse\\":0,\\"weaponSelect\\":0,\\"weaponSubType\\":0,\\"randomSeed\\":0,\\"mouseDeltaX\\":-4,\\"mouseDeltaY\\":0}",
  "[68043] usercmd: {\\"commandNumber\\":68663,\\"tickCount\\":71000,\\"viewAngles\\":{\\"x\\":-3.903876543045044,\\"y\\":-90.8619384765625,\\"z\\":0},\\"aimDirection\\":{\\"x\\":0,\\"y\\":0,\\"z\\":0},\\"forwardMove\\":450,\\"sideMove\\":0,\\"upMove\\":0,\\"buttons\\":[\\"duck\\",\\"forward\\"],\\"impulse\\":0,\\"weaponSelect\\":0,\\"weaponSubType\\":0,\\"randomSeed\\":0,\\"mouseDeltaX\\":0,\\"mouseDeltaY\\":0}",
  "[69043] usercmd: {\\"commandNumber\\":69663,\\"tickCount\\":72000,\\"viewAngles\\":{\\"x\\":4.435220241546631,\\"y\\":-104.25239562988281,\\"z\\":0},\\"aimDirection\\":{\\"x\\":0,\\"y\\":0,\\"z\\":0},\\"forwardMove\\":0,\\"sideMove\\":0,\\"upMove\\":0,\\"buttons\\":[\\"speed\\"],\\"impulse\\":0,\\"weaponSelect\\":0,\\"weaponSubType\\":0,\\"randomSeed\\":0,\\"mouseDeltaX\\":1,\\"mouseDeltaY\\":0}",
  "[70043] usercmd: {\\"commandNumber\\":70663,\\"tickCount\\":73000,\\"viewAngles\\":{\\"x\\":5.905903339385986,\\"y\\":115.31109619140625,\\"z\\":0},\\"aimDirection\\":{\\"x\\":0,\\"y\\":0,\\"z\\":0},\\"forwardMove\\":0,\\"sideMove\\":0,\\"upMove\\":0,\\"buttons\\":[],\\"impulse\\":0,\\"weaponSelect\\":0,\\"weaponSubType\\":0,\\"randomSeed\\":0,\\"mouseDeltaX\\":1,\\"mouseDeltaY\\":0}",
  "[71043] usercmd: {\\"commandNumber\\":71663,\\"tickCount\\":74000,\\"viewAngles\\":{\\"x\\":-5.744176387786865,\\"y\\":-124.18344116210938,\\"z\\":0},\\"aimDirection\\":{\\"x\\":0,\\"y\\":0,\\"z\\":0},\\"forwardMove\\":450,\\"sideMove\\":0,\\"upMove\\":0,\\"buttons\\":[\\"forward\\"],\\"impulse\\":0,\\"weaponSelect\\":0,\\"weaponSubType\\":0,\\"randomSeed\\":0,\\"mouseDeltaX\\":0,\\"mouseDeltaY\\":-1}",
  "[72043] usercmd: {\\"commandNumber\\":72663,\\"tickCount\\":75000,\\"viewAngles\\":{\\"x\\":9.648126602172852,\\"y\\":-122.69001770019531,\\"z\\":0},\\"aimDirection\\":{\\"x\\":0,\\"y\\":0,\\"z\\":0},\\"forwardMove\\":450,\\"sideMove\\":-450,\\"upMove\\":0,\\"buttons\\":[\\"forward\\",\\"moveleft\\"],\\"impulse\\":0,\\"weaponSelect\\":0,\\"weaponSubType\\":0,\\"randomSeed\\":0,\\"mouseDeltaX\\":13,\\"mouseDeltaY\\":3}",
  "[73043] usercmd: {\\"commandNumber\\":73663,\\"tickCount\\":76000,\\"viewAngles\\":{\\"x\\":5.159010887145996,\\"y\\":159.80174255371094,\\"z\\":0},\\"aimDirection\\":{\\"x\\":0,\\"y\\":0,\\"z\\":0},\\"forwardMove\\":450,\\"sideMove\\":0,\\"upMove\\":0,\\"buttons\\":[\\"forward\\",\\"speed\\"],\\"impulse\\":0,\\"weaponSelect\\":0,\\"weaponSubType\\":0,\\"randomSeed\\":0,\\"mouseDeltaX\\":0,\\"mouseDeltaY\\":0}",
  "[74043] usercmd: {\\"commandNumber\\":74663,\\"tickCount\\":77000,\\"viewAngles\\":{\\"x\\":-19.54256820678711,\\"y\\":-101.35295104980469,\\"z\\":0},\\"aimDirection\\":{\\"x\\":0,\\"y\\":0,\\"z\\":0},\\"forwardMove\\":0,\\"sideMove\\":0,\\"upMove\\":0,\\"buttons\\":[],\\"impulse\\":0,\\"weaponSelect\\":0,\\"weaponSubType\\":0,\\"randomSeed\\":0,\\"mouseDeltaX\\":0,\\"mouseDeltaY\\":0}",
  "[75043] usercmd: {\\"commandNumber\\":75663,\\"tickCount\\":78000,\\"viewAngles\\":{\\"x\\":0.1593017578125,\\"y\\":-83.86425018310547,\\"z\\":0},\\"aimDirection\\":{\\"x\\":0,\\"y\\":0,\\"z\\":0},\\"forwardMove\\":0,\\"sideMove\\":0,\\"upMove\\":0,\\"buttons\\":[],\\"impulse\\":0,\\"weaponSelect\\":0,\\"weaponSubType\\":0,\\"randomSeed\\":0,\\"mouseDeltaX\\":0,\\"mouseDeltaY\\":0}",
  "[76043] usercmd: {\\"commandNumber\\":76663,\\"tickCount\\":79000,\\"viewAngles\\":{\\"x\\":1.065673828125,\\"y\\":84.2431640625,\\"z\\":0},\\"aimDirection\\":{\\"x\\":0,\\"y\\":0,\\"z\\":0},\\"forwardMove\\":0,\\"sideMove\\":0,\\"upMove\\":0,\\"buttons\\":[],\\"impulse\\":0,\\"weaponSelect\\":0,\\"weaponSubType\\":0,\\"randomSeed\\":0,\\"mouseDeltaX\\":0,\\"mouseDeltaY\\":0}",
  "[77043] usercmd: {\\"commandNumber\\":77663,\\"tickCount\\":80000,\\"viewAngles\\":{\\"x\\":22.907075881958008,\\"y\\":-165.993896484375,\\"z\\":0.0009713586769066751},\\"aimDirection\\":{\\"x\\":0,\\"y\\":0,\\"z\\":0},\\"forwardMove\\":0,\\"sideMove\\":0,\\"upMove\\":0,\\"buttons\\":[],\\"impulse\\":0,\\"weaponSelect\\":0,\\"weaponSubType\\":0,\\"randomSeed\\":0,\\"mouseDeltaX\\":0,\\"mouseDeltaY\\":0}",
  "[78043] usercmd: {\\"commandNumber\\":78663,\\"tickCount\\":81000,\\"viewAngles\\":{\\"x\\":4.219598293304443,\\"y\\":142.36509704589844,\\"z\\":0},\\"aimDirection\\":{\\"x\\":0,\\"y\\":0,\\"z\\":0},\\"forwardMove\\":0,\\"sideMove\\":0,\\"upMove\\":0,\\"buttons\\":[],\\"impulse\\":0,\\"weaponSelect\\":0,\\"weaponSubType\\":0,\\"randomSeed\\":0,\\"mouseDeltaX\\":0,\\"mouseDeltaY\\":0}",
  "[79044] usercmd: {\\"commandNumber\\":79663,\\"tickCount\\":82000,\\"viewAngles\\":{\\"x\\":3.565113067626953,\\"y\\":-169.4242706298828,\\"z\\":0},\\"aimDirection\\":{\\"x\\":0,\\"y\\":0,\\"z\\":0},\\"forwardMove\\":0,\\"sideMove\\":-450,\\"upMove\\":0,\\"buttons\\":[\\"moveleft\\"],\\"impulse\\":0,\\"weaponSelect\\":0,\\"weaponSubType\\":0,\\"randomSeed\\":0,\\"mouseDeltaX\\":26,\\"mouseDeltaY\\":0}",
  "[80043] usercmd: {\\"commandNumber\\":80663,\\"tickCount\\":83000,\\"viewAngles\\":{\\"x\\":6.190801620483398,\\"y\\":168.6075439453125,\\"z\\":0},\\"aimDirection\\":{\\"x\\":0,\\"y\\":0,\\"z\\":0},\\"forwardMove\\":450,\\"sideMove\\":-450,\\"upMove\\":0,\\"buttons\\":[\\"forward\\",\\"moveleft\\"],\\"impulse\\":0,\\"weaponSelect\\":0,\\"weaponSubType\\":0,\\"randomSeed\\":0,\\"mouseDeltaX\\":3,\\"mouseDeltaY\\":0}",
  "[81043] usercmd: {\\"commandNumber\\":81663,\\"tickCount\\":84000,\\"viewAngles\\":{\\"x\\":1.42822265625,\\"y\\":-72.5811767578125,\\"z\\":0},\\"aimDirection\\":{\\"x\\":0,\\"y\\":0,\\"z\\":0},\\"forwardMove\\":0,\\"sideMove\\":0,\\"upMove\\":0,\\"buttons\\":[],\\"impulse\\":0,\\"weaponSelect\\":0,\\"weaponSubType\\":0,\\"randomSeed\\":0,\\"mouseDeltaX\\":0,\\"mouseDeltaY\\":0}",
  "[82043] usercmd: {\\"commandNumber\\":82663,\\"tickCount\\":85000,\\"viewAngles\\":{\\"x\\":2.070923089981079,\\"y\\":-45.08216857910156,\\"z\\":5.3395730503780214e-8},\\"aimDirection\\":{\\"x\\":0,\\"y\\":0,\\"z\\":0},\\"forwardMove\\":0,\\"sideMove\\":0,\\"upMove\\":0,\\"buttons\\":[],\\"impulse\\":0,\\"weaponSelect\\":0,\\"weaponSubType\\":0,\\"randomSeed\\":0,\\"mouseDeltaX\\":0,\\"mouseDeltaY\\":0}",
  "[83043] usercmd: {\\"commandNumber\\":83663,\\"tickCount\\":86000,\\"viewAngles\\":{\\"x\\":1.0217286348342896,\\"y\\":-110.24661254882812,\\"z\\":0},\\"aimDirection\\":{\\"x\\":0,\\"y\\":0,\\"z\\":0},\\"forwardMove\\":0,\\"sideMove\\":0,\\"upMove\\":0,\\"buttons\\":[],\\"impulse\\":0,\\"weaponSelect\\":0,\\"weaponSubType\\":0,\\"randomSeed\\":0,\\"mouseDeltaX\\":0,\\"mouseDeltaY\\":0}",
  "[84043] usercmd: {\\"commandNumber\\":84663,\\"tickCount\\":87000,\\"viewAngles\\":{\\"x\\":1.724853515625,\\"y\\":-73.3502197265625,\\"z\\":0},\\"aimDirection\\":{\\"x\\":0,\\"y\\":0,\\"z\\":0},\\"forwardMove\\":0,\\"sideMove\\":0,\\"upMove\\":0,\\"buttons\\":[],\\"impulse\\":0,\\"weaponSelect\\":0,\\"weaponSubType\\":0,\\"randomSeed\\":0,\\"mouseDeltaX\\":0,\\"mouseDeltaY\\":0}",
  "[85043] usercmd: {\\"commandNumber\\":85663,\\"tickCount\\":88000,\\"viewAngles\\":{\\"x\\":0,\\"y\\":70,\\"z\\":0},\\"aimDirection\\":{\\"x\\":0,\\"y\\":0,\\"z\\":0},\\"forwardMove\\":0,\\"sideMove\\":0,\\"upMove\\":0,\\"buttons\\":[],\\"impulse\\":0,\\"weaponSelect\\":0,\\"weaponSubType\\":0,\\"randomSeed\\":0,\\"mouseDeltaX\\":0,\\"mouseDeltaY\\":0}",
  "[86043] usercmd: {\\"commandNumber\\":86663,\\"tickCount\\":89000,\\"viewAngles\\":{\\"x\\":0.9856048226356506,\\"y\\":141.902587890625,\\"z\\":0},\\"aimDirection\\":{\\"x\\":0,\\"y\\":0,\\"z\\":0},\\"forwardMove\\":450,\\"sideMove\\":0,\\"upMove\\":0,\\"buttons\\":[\\"forward\\"],\\"impulse\\":0,\\"weaponSelect\\":0,\\"weaponSubType\\":0,\\"randomSeed\\":0,\\"mouseDeltaX\\":8,\\"mouseDeltaY\\":0}",
  "[87043] usercmd: {\\"commandNumber\\":87663,\\"tickCount\\":90000,\\"viewAngles\\":{\\"x\\":4.427515506744385,\\"y\\":-138.7638702392578,\\"z\\":0},\\"aimDirection\\":{\\"x\\":0,\\"y\\":0,\\"z\\":0},\\"forwardMove\\":450,\\"sideMove\\":0,\\"upMove\\":0,\\"buttons\\":[\\"forward\\"],\\"impulse\\":0,\\"weaponSelect\\":0,\\"weaponSubType\\":0,\\"randomSeed\\":0,\\"mouseDeltaX\\":8,\\"mouseDeltaY\\":1}",
  "[88043] usercmd: {\\"commandNumber\\":88663,\\"tickCount\\":91000,\\"viewAngles\\":{\\"x\\":11.719402313232422,\\"y\\":-138.00918579101562,\\"z\\":0},\\"aimDirection\\":{\\"x\\":0,\\"y\\":0,\\"z\\":0},\\"forwardMove\\":0,\\"sideMove\\":0,\\"upMove\\":0,\\"buttons\\":[],\\"impulse\\":0,\\"weaponSelect\\":0,\\"weaponSubType\\":0,\\"randomSeed\\":0,\\"mouseDeltaX\\":0,\\"mouseDeltaY\\":0}",
  "[89043] usercmd: {\\"commandNumber\\":89663,\\"tickCount\\":92000,\\"viewAngles\\":{\\"x\\":11.52690315246582,\\"y\\":147.2242889404297,\\"z\\":0},\\"aimDirection\\":{\\"x\\":0,\\"y\\":0,\\"z\\":0},\\"forwardMove\\":0,\\"sideMove\\":450,\\"upMove\\":0,\\"buttons\\":[\\"moveright\\",\\"speed\\"],\\"impulse\\":0,\\"weaponSelect\\":0,\\"weaponSubType\\":0,\\"randomSeed\\":0,\\"mouseDeltaX\\":-9,\\"mouseDeltaY\\":1}",
  "[90043] usercmd: {\\"commandNumber\\":90663,\\"tickCount\\":93000,\\"viewAngles\\":{\\"x\\":-1.6862984895706177,\\"y\\":51.65951156616211,\\"z\\":0},\\"aimDirection\\":{\\"x\\":0,\\"y\\":0,\\"z\\":0},\\"forwardMove\\":0,\\"sideMove\\":0,\\"upMove\\":0,\\"buttons\\":[\\"duck\\"],\\"impulse\\":0,\\"weaponSelect\\":0,\\"weaponSubType\\":0,\\"randomSeed\\":0,\\"mouseDeltaX\\":0,\\"mouseDeltaY\\":0}",
  "[91043] usercmd: {\\"commandNumber\\":91663,\\"tickCount\\":94000,\\"viewAngles\\":{\\"x\\":-1.7016983032226562,\\"y\\":50.55815505981445,\\"z\\":0},\\"aimDirection\\":{\\"x\\":0,\\"y\\":0,\\"z\\":0},\\"forwardMove\\":0,\\"sideMove\\":0,\\"upMove\\":0,\\"buttons\\":[\\"duck\\"],\\"impulse\\":0,\\"weaponSelect\\":0,\\"weaponSubType\\":0,\\"randomSeed\\":0,\\"mouseDeltaX\\":0,\\"mouseDeltaY\\":0}",
  "[92043] usercmd: {\\"commandNumber\\":92663,\\"tickCount\\":95000,\\"viewAngles\\":{\\"x\\":1.5323015451431274,\\"y\\":-3.380352258682251,\\"z\\":0},\\"aimDirection\\":{\\"x\\":0,\\"y\\":0,\\"z\\":0},\\"forwardMove\\":0,\\"sideMove\\":0,\\"upMove\\":0,\\"buttons\\":[\\"duck\\"],\\"impulse\\":0,\\"weaponSelect\\":0,\\"weaponSubType\\":0,\\"randomSeed\\":0,\\"mouseDeltaX\\":3,\\"mouseDeltaY\\":0}",
  "[93043] usercmd: {\\"commandNumber\\":93663,\\"tickCount\\":96000,\\"viewAngles\\":{\\"x\\":3.2571027278900146,\\"y\\":18.533756256103516,\\"z\\":0},\\"aimDirection\\":{\\"x\\":0,\\"y\\":0,\\"z\\":0},\\"forwardMove\\":0,\\"sideMove\\":0,\\"upMove\\":0,\\"buttons\\":[\\"duck\\"],\\"impulse\\":0,\\"weaponSelect\\":0,\\"weaponSubType\\":0,\\"randomSeed\\":0,\\"mouseDeltaX\\":0,\\"mouseDeltaY\\":0}",
  "[94043] usercmd: {\\"commandNumber\\":94663,\\"tickCount\\":97000,\\"viewAngles\\":{\\"x\\":1.3860005140304565,\\"y\\":134.72166442871094,\\"z\\":0},\\"aimDirection\\":{\\"x\\":0,\\"y\\":0,\\"z\\":0},\\"forwardMove\\":0,\\"sideMove\\":0,\\"upMove\\":0,\\"buttons\\":[],\\"impulse\\":0,\\"weaponSelect\\":0,\\"weaponSubType\\":0,\\"randomSeed\\":0,\\"mouseDeltaX\\":0,\\"mouseDeltaY\\":0}",
  "[95043] usercmd: {\\"commandNumber\\":95663,\\"tickCount\\":98000,\\"viewAngles\\":{\\"x\\":-0.60060054063797,\\"y\\":-164.26296997070312,\\"z\\":0},\\"aimDirection\\":{\\"x\\":0,\\"y\\":0,\\"z\\":0},\\"forwardMove\\":450,\\"sideMove\\":0,\\"upMove\\":0,\\"buttons\\":[\\"forward\\"],\\"impulse\\":0,\\"weaponSelect\\":0,\\"weaponSubType\\":0,\\"randomSeed\\":0,\\"mouseDeltaX\\":-3,\\"mouseDeltaY\\":0}",
  "[96043] usercmd: {\\"commandNumber\\":96663,\\"tickCount\\":99000,\\"viewAngles\\":{\\"x\\":17.532909393310547,\\"y\\":17.642057418823242,\\"z\\":0},\\"aimDirection\\":{\\"x\\":0,\\"y\\":0,\\"z\\":0},\\"forwardMove\\":0,\\"sideMove\\":450,\\"upMove\\":0,\\"buttons\\":[\\"attack\\",\\"moveright\\"],\\"impulse\\":0,\\"weaponSelect\\":0,\\"weaponSubType\\":0,\\"randomSeed\\":0,\\"mouseDeltaX\\":-6,\\"mouseDeltaY\\":5}",
  "[97043] usercmd: {\\"commandNumber\\":97663,\\"tickCount\\":100000,\\"viewAngles\\":{\\"x\\":6.139334201812744,\\"y\\":17.09177589416504,\\"z\\":-0.0019486016826704144},\\"aimDirection\\":{\\"x\\":0,\\"y\\":0,\\"z\\":0},\\"forwardMove\\":0,\\"sideMove\\":0,\\"upMove\\":0,\\"buttons\\":[],\\"impulse\\":0,\\"weaponSelect\\":0,\\"weaponSubType\\":0,\\"randomSeed\\":0,\\"mouseDeltaX\\":0,\\"mouseDeltaY\\":0}",
  "[98043] usercmd: {\\"commandNumber\\":98663,\\"tickCount\\":101000,\\"viewAngles\\":{\\"x\\":-0.9512497782707214,\\"y\\":147.92849731445312,\\"z\\":0.00019535124010872096},\\"aimDirection\\":{\\"x\\":0,\\"y\\":0,\\"z\\":0},\\"forwardMove\\":0,\\"sideMove\\":0,\\"upMove\\":0,\\"buttons\\":[],\\"impulse\\":0,\\"weaponSelect\\":0,\\"weaponSubType\\":0,\\"randomSeed\\":0,\\"mouseDeltaX\\":0,\\"mouseDeltaY\\":0}",
  "[99043] usercmd: {\\"commandNumber\\":99663,\\"tickCount\\":102000,\\"viewAngles\\":{\\"x\\":0.3114745616912842,\\"y\\":-85.13018798828125,\\"z\\":0},\\"aimDirection\\":{\\"x\\":0,\\"y\\":0,\\"z\\":0},\\"forwardMove\\":0,\\"sideMove\\":0,\\"upMove\\":0,\\"buttons\\":[],\\"impulse\\":0,\\"weaponSelect\\":0,\\"weaponSubType\\":0,\\"randomSeed\\":0,\\"mouseDeltaX\\":0,\\"mouseDeltaY\\":0}",
  "[100043] usercmd: {\\"commandNumber\\":100663,\\"tickCount\\":103000,\\"viewAngles\\":{\\"x\\":0.41579997539520264,\\"y\\":-136.4230194091797,\\"z\\":0},\\"aimDirection\\":{\\"x\\":0,\\"y\\":0,\\"z\\":0},\\"forwardMove\\":0,\\"sideMove\\":0,\\"upMove\\":0,\\"buttons\\":[],\\"impulse\\":0,\\"weaponSelect\\":0,\\"weaponSubType\\":0,\\"randomSeed\\":0,\\"mouseDeltaX\\":0,\\"mouseDeltaY\\":0}",
  "[101043] usercmd: {\\"commandNumber\\":101663,\\"tickCount\\":104000,\\"viewAngles\\":{\\"x\\":-1.0240927934646606,\\"y\\":156.42481994628906,\\"z\\":0},\\"aimDirection\\":{\\"x\\":0,\\"y\\":0,\\"z\\":0},\\"forwardMove\\":450,\\"sideMove\\":0,\\"upMove\\":0,\\"buttons\\":[\\"forward\\"],\\"impulse\\":0,\\"weaponSelect\\":0,\\"weaponSubType\\":0,\\"randomSeed\\":0,\\"mouseDeltaX\\":0,\\"mouseDeltaY\\":0}",
  "[102043] usercmd: {\\"commandNumber\\":102663,\\"tickCount\\":105000,\\"viewAngles\\":{\\"x\\":4.935705661773682,\\"y\\":-158.5379180908203,\\"z\\":0},\\"aimDirection\\":{\\"x\\":0,\\"y\\":0,\\"z\\":0},\\"forwardMove\\":0,\\"sideMove\\":450,\\"upMove\\":0,\\"buttons\\":[\\"moveright\\",\\"speed\\"],\\"impulse\\":0,\\"weaponSelect\\":0,\\"weaponSubType\\":0,\\"randomSeed\\":0,\\"mouseDeltaX\\":0,\\"mouseDeltaY\\":0}",
  "[103043] usercmd: {\\"commandNumber\\":103663,\\"tickCount\\":106000,\\"viewAngles\\":{\\"x\\":5.836601734161377,\\"y\\":-160.0087432861328,\\"z\\":0},\\"aimDirection\\":{\\"x\\":0,\\"y\\":0,\\"z\\":0},\\"forwardMove\\":0,\\"sideMove\\":0,\\"upMove\\":0,\\"buttons\\":[\\"speed\\"],\\"impulse\\":0,\\"weaponSelect\\":0,\\"weaponSubType\\":0,\\"randomSeed\\":0,\\"mouseDeltaX\\":0,\\"mouseDeltaY\\":0}",
  "[104043] usercmd: {\\"commandNumber\\":104663,\\"tickCount\\":107000,\\"viewAngles\\":{\\"x\\":0.4158041775226593,\\"y\\":55.73938751220703,\\"z\\":0},\\"aimDirection\\":{\\"x\\":0,\\"y\\":0,\\"z\\":0},\\"forwardMove\\":0,\\"sideMove\\":0,\\"upMove\\":0,\\"buttons\\":[\\"duck\\"],\\"impulse\\":0,\\"weaponSelect\\":0,\\"weaponSubType\\":0,\\"randomSeed\\":0,\\"mouseDeltaX\\":0,\\"mouseDeltaY\\":0}",
  "[105043] usercmd: {\\"commandNumber\\":105663,\\"tickCount\\":108000,\\"viewAngles\\":{\\"x\\":5.305344104766846,\\"y\\":-100.36436462402344,\\"z\\":0},\\"aimDirection\\":{\\"x\\":0,\\"y\\":0,\\"z\\":0},\\"forwardMove\\":450,\\"sideMove\\":450,\\"upMove\\":0,\\"buttons\\":[\\"forward\\",\\"moveright\\",\\"speed\\"],\\"impulse\\":0,\\"weaponSelect\\":0,\\"weaponSubType\\":0,\\"randomSeed\\":0,\\"mouseDeltaX\\":1,\\"mouseDeltaY\\":0}",
  "[106043] usercmd: {\\"commandNumber\\":106663,\\"tickCount\\":109000,\\"viewAngles\\":{\\"x\\":9.224630355834961,\\"y\\":-163.59661865234375,\\"z\\":0},\\"aimDirection\\":{\\"x\\":0,\\"y\\":0,\\"z\\":0},\\"forwardMove\\":0,\\"sideMove\\":0,\\"upMove\\":0,\\"buttons\\":[],\\"impulse\\":0,\\"weaponSelect\\":0,\\"weaponSubType\\":0,\\"randomSeed\\":0,\\"mouseDeltaX\\":0,\\"mouseDeltaY\\":0}",
  "[107043] usercmd: {\\"commandNumber\\":107663,\\"tickCount\\":110000,\\"viewAngles\\":{\\"x\\":3.6498494148254395,\\"y\\":-20.00706672668457,\\"z\\":0},\\"aimDirection\\":{\\"x\\":0,\\"y\\":0,\\"z\\":0},\\"forwardMove\\":-450,\\"sideMove\\":0,\\"upMove\\":0,\\"buttons\\":[\\"back\\",\\"speed\\"],\\"impulse\\":0,\\"weaponSelect\\":0,\\"weaponSubType\\":0,\\"randomSeed\\":0,\\"mouseDeltaX\\":-3,\\"mouseDeltaY\\":0}",
  "[108043] usercmd: {\\"commandNumber\\":108663,\\"tickCount\\":111000,\\"viewAngles\\":{\\"x\\":36.01285171508789,\\"y\\":-12.816999435424805,\\"z\\":0},\\"aimDirection\\":{\\"x\\":0,\\"y\\":0,\\"z\\":0},\\"forwardMove\\":0,\\"sideMove\\":0,\\"upMove\\":0,\\"buttons\\":[],\\"impulse\\":0,\\"weaponSelect\\":0,\\"weaponSubType\\":0,\\"randomSeed\\":0,\\"mouseDeltaX\\":0,\\"mouseDeltaY\\":0}",
  "[109043] usercmd: {\\"commandNumber\\":109663,\\"tickCount\\":112000,\\"viewAngles\\":{\\"x\\":-0.7545784115791321,\\"y\\":-176.81381225585938,\\"z\\":0},\\"aimDirection\\":{\\"x\\":0,\\"y\\":0,\\"z\\":0},\\"forwardMove\\":450,\\"sideMove\\":0,\\"upMove\\":0,\\"buttons\\":[\\"forward\\"],\\"impulse\\":0,\\"weaponSelect\\":0,\\"weaponSubType\\":0,\\"randomSeed\\":0,\\"mouseDeltaX\\":0,\\"mouseDeltaY\\":0}",
  "[110043] usercmd: {\\"commandNumber\\":110663,\\"tickCount\\":113000,\\"viewAngles\\":{\\"x\\":2.994746208190918,\\"y\\":-106.25751495361328,\\"z\\":0},\\"aimDirection\\":{\\"x\\":0,\\"y\\":0,\\"z\\":0},\\"forwardMove\\":0,\\"sideMove\\":0,\\"upMove\\":0,\\"buttons\\":[],\\"impulse\\":0,\\"weaponSelect\\":0,\\"weaponSubType\\":0,\\"randomSeed\\":0,\\"mouseDeltaX\\":0,\\"mouseDeltaY\\":0}",
  "[111043] usercmd: {\\"commandNumber\\":111663,\\"tickCount\\":114000,\\"viewAngles\\":{\\"x\\":7.800045967102051,\\"y\\":-88.85719299316406,\\"z\\":0},\\"aimDirection\\":{\\"x\\":0,\\"y\\":0,\\"z\\":0},\\"forwardMove\\":0,\\"sideMove\\":0,\\"upMove\\":0,\\"buttons\\":[\\"duck\\"],\\"impulse\\":0,\\"weaponSelect\\":0,\\"weaponSubType\\":0,\\"randomSeed\\":0,\\"mouseDeltaX\\":9,\\"mouseDeltaY\\":-2}",
  "[112043] usercmd: {\\"commandNumber\\":112663,\\"tickCount\\":115000,\\"viewAngles\\":{\\"x\\":0.13940255343914032,\\"y\\":-87.41281127929688,\\"z\\":0},\\"aimDirection\\":{\\"x\\":0,\\"y\\":0,\\"z\\":0},\\"forwardMove\\":0,\\"sideMove\\":-450,\\"upMove\\":0,\\"buttons\\":[\\"moveleft\\"],\\"impulse\\":0,\\"weaponSelect\\":0,\\"weaponSubType\\":0,\\"randomSeed\\":0,\\"mouseDeltaX\\":0,\\"mouseDeltaY\\":0}",
  "[113043] usercmd: {\\"commandNumber\\":113663,\\"tickCount\\":116000,\\"viewAngles\\":{\\"x\\":3.935844898223877,\\"y\\":174.378662109375,\\"z\\":0},\\"aimDirection\\":{\\"x\\":0,\\"y\\":0,\\"z\\":0},\\"forwardMove\\":-450,\\"sideMove\\":-450,\\"upMove\\":0,\\"buttons\\":[\\"back\\",\\"moveleft\\",\\"speed\\"],\\"impulse\\":0,\\"weaponSelect\\":0,\\"weaponSubType\\":0,\\"randomSeed\\":0,\\"mouseDeltaX\\":9,\\"mouseDeltaY\\":0}",
  "[114043] usercmd: {\\"commandNumber\\":114663,\\"tickCount\\":117000,\\"viewAngles\\":{\\"x\\":4.613368034362793,\\"y\\":163.65077209472656,\\"z\\":0},\\"aimDirection\\":{\\"x\\":0,\\"y\\":0,\\"z\\":0},\\"forwardMove\\":0,\\"sideMove\\":0,\\"upMove\\":0,\\"buttons\\":[\\"speed\\"],\\"impulse\\":0,\\"weaponSelect\\":0,\\"weaponSubType\\":0,\\"randomSeed\\":0,\\"mouseDeltaX\\":0,\\"mouseDeltaY\\":0}",
  "[115043] usercmd: {\\"commandNumber\\":115663,\\"tickCount\\":118000,\\"viewAngles\\":{\\"x\\":8.457123756408691,\\"y\\":-157.7596435546875,\\"z\\":0},\\"aimDirection\\":{\\"x\\":0,\\"y\\":0,\\"z\\":0},\\"forwardMove\\":-450,\\"sideMove\\":450,\\"upMove\\":0,\\"buttons\\":[\\"back\\",\\"moveright\\"],\\"impulse\\":0,\\"weaponSelect\\":0,\\"weaponSubType\\":0,\\"randomSeed\\":0,\\"mouseDeltaX\\":0,\\"mouseDeltaY\\":0}",
  "[116043] usercmd: {\\"commandNumber\\":116663,\\"tickCount\\":119000,\\"viewAngles\\":{\\"x\\":-1.8321337699890137,\\"y\\":77.04234313964844,\\"z\\":0.0013021331978961825},\\"aimDirection\\":{\\"x\\":0,\\"y\\":0,\\"z\\":0},\\"forwardMove\\":0,\\"sideMove\\":0,\\"upMove\\":0,\\"buttons\\":[],\\"impulse\\":0,\\"weaponSelect\\":0,\\"weaponSubType\\":0,\\"randomSeed\\":0,\\"mouseDeltaX\\":0,\\"mouseDeltaY\\":0}",
  "[117043] usercmd: {\\"commandNumber\\":117663,\\"tickCount\\":120000,\\"viewAngles\\":{\\"x\\":-0.31569984555244446,\\"y\\":3.1232006549835205,\\"z\\":0},\\"aimDirection\\":{\\"x\\":0,\\"y\\":0,\\"z\\":0},\\"forwardMove\\":0,\\"sideMove\\":0,\\"upMove\\":0,\\"buttons\\":[],\\"impulse\\":0,\\"weaponSelect\\":0,\\"weaponSubType\\":0,\\"randomSeed\\":0,\\"mouseDeltaX\\":0,\\"mouseDeltaY\\":0}",
  "[118043] usercmd: {\\"commandNumber\\":118663,\\"tickCount\\":121000,\\"viewAngles\\":{\\"x\\":-2.333097457885742,\\"y\\":48.607093811035156,\\"z\\":0},\\"aimDirection\\":{\\"x\\":0,\\"y\\":0,\\"z\\":0},\\"forwardMove\\":450,\\"sideMove\\":-450,\\"upMove\\":0,\\"buttons\\":[\\"forward\\",\\"moveleft\\"],\\"impulse\\":0,\\"weaponSelect\\":0,\\"weaponSubType\\":0,\\"randomSeed\\":0,\\"mouseDeltaX\\":0,\\"mouseDeltaY\\":0}",
  "[119043] usercmd: {\\"commandNumber\\":119663,\\"tickCount\\":122000,\\"viewAngles\\":{\\"x\\":0.6544972062110901,\\"y\\":-2.6057701110839844,\\"z\\":0},\\"aimDirection\\":{\\"x\\":0,\\"y\\":0,\\"z\\":0},\\"forwardMove\\":0,\\"sideMove\\":-450,\\"upMove\\":0,\\"buttons\\":[\\"attack\\",\\"moveleft\\"],\\"impulse\\":0,\\"weaponSelect\\":0,\\"weaponSubType\\":0,\\"randomSeed\\":0,\\"mouseDeltaX\\":-1,\\"mouseDeltaY\\":0}",
  "[120043] usercmd: {\\"commandNumber\\":120663,\\"tickCount\\":123000,\\"viewAngles\\":{\\"x\\":8.088469505310059,\\"y\\":25.977170944213867,\\"z\\":2.155881020371453e-7},\\"aimDirection\\":{\\"x\\":0,\\"y\\":0,\\"z\\":0},\\"forwardMove\\":0,\\"sideMove\\":0,\\"upMove\\":0,\\"buttons\\":[],\\"impulse\\":0,\\"weaponSelect\\":0,\\"weaponSubType\\":0,\\"randomSeed\\":0,\\"mouseDeltaX\\":0,\\"mouseDeltaY\\":0}",
  "[121043] usercmd: {\\"commandNumber\\":121663,\\"tickCount\\":124000,\\"viewAngles\\":{\\"x\\":-14.224431037902832,\\"y\\":-165.2211456298828,\\"z\\":-0.0005470748292282224},\\"aimDirection\\":{\\"x\\":0,\\"y\\":0,\\"z\\":0},\\"forwardMove\\":0,\\"sideMove\\":0,\\"upMove\\":0,\\"buttons\\":[],\\"impulse\\":0,\\"weaponSelect\\":0,\\"weaponSubType\\":0,\\"randomSeed\\":0,\\"mouseDeltaX\\":0,\\"mouseDeltaY\\":0}",
  "[122043] usercmd: {\\"commandNumber\\":122663,\\"tickCount\\":125000,\\"viewAngles\\":{\\"x\\":9.692357063293457,\\"y\\":16.163799285888672,\\"z\\":-0.0010115819750353694},\\"aimDirection\\":{\\"x\\":0,\\"y\\":0,\\"z\\":0},\\"forwardMove\\":0,\\"sideMove\\":0,\\"upMove\\":0,\\"buttons\\":[],\\"impulse\\":0,\\"weaponSelect\\":0,\\"weaponSubType\\":0,\\"randomSeed\\":0,\\"mouseDeltaX\\":0,\\"mouseDeltaY\\":0}",
  "[123043] usercmd: {\\"commandNumber\\":123663,\\"tickCount\\":126000,\\"viewAngles\\":{\\"x\\":8.8824462890625,\\"y\\":10.9423828125,\\"z\\":0},\\"aimDirection\\":{\\"x\\":0,\\"y\\":0,\\"z\\":0},\\"forwardMove\\":0,\\"sideMove\\":0,\\"upMove\\":0,\\"buttons\\":[],\\"impulse\\":0,\\"weaponSelect\\":0,\\"weaponSubType\\":0,\\"randomSeed\\":0,\\"mouseDeltaX\\":0,\\"mouseDeltaY\\":0}",
  "[124043] usercmd: {\\"commandNumber\\":124663,\\"tickCount\\":127000,\\"viewAngles\\":{\\"x\\":4.158003330230713,\\"y\\":-81.79841613769531,\\"z\\":0},\\"aimDirection\\":{\\"x\\":0,\\"y\\":0,\\"z\\":0},\\"forwardMove\\":0,\\"sideMove\\":0,\\"upMove\\":0,\\"buttons\\":[],\\"impulse\\":0,\\"weaponSelect\\":0,\\"weaponSubType\\":0,\\"randomSeed\\":0,\\"mouseDeltaX\\":0,\\"mouseDeltaY\\":0}",
  "[125043] usercmd: {\\"commandNumber\\":125663,\\"tickCount\\":128000,\\"viewAngles\\":{\\"x\\":-0.8700655698776245,\\"y\\":67.9973373413086,\\"z\\":0},\\"aimDirection\\":{\\"x\\":0,\\"y\\":0,\\"z\\":0},\\"forwardMove\\":450,\\"sideMove\\":0,\\"upMove\\":0,\\"buttons\\":[\\"forward\\"],\\"impulse\\":0,\\"weaponSelect\\":0,\\"weaponSubType\\":0,\\"randomSeed\\":0,\\"mouseDeltaX\\":2,\\"mouseDeltaY\\":0}",
  "[126043] usercmd: {\\"commandNumber\\":126663,\\"tickCount\\":129000,\\"viewAngles\\":{\\"x\\":6.013733386993408,\\"y\\":149.32473754882812,\\"z\\":0},\\"aimDirection\\":{\\"x\\":0,\\"y\\":0,\\"z\\":0},\\"forwardMove\\":0,\\"sideMove\\":0,\\"upMove\\":0,\\"buttons\\":[],\\"impulse\\":0,\\"weaponSelect\\":0,\\"weaponSubType\\":0,\\"randomSeed\\":0,\\"mouseDeltaX\\":2,\\"mouseDeltaY\\":0}",
  "[127043] usercmd: {\\"commandNumber\\":127663,\\"tickCount\\":130000,\\"viewAngles\\":{\\"x\\":-0.6544694900512695,\\"y\\":63.29283905029297,\\"z\\":0},\\"aimDirection\\":{\\"x\\":0,\\"y\\":0,\\"z\\":0},\\"forwardMove\\":0,\\"sideMove\\":0,\\"upMove\\":0,\\"buttons\\":[],\\"impulse\\":0,\\"weaponSelect\\":0,\\"weaponSubType\\":0,\\"randomSeed\\":0,\\"mouseDeltaX\\":2,\\"mouseDeltaY\\":1}",
  "[128043] usercmd: {\\"commandNumber\\":128663,\\"tickCount\\":131000,\\"viewAngles\\":{\\"x\\":-1.455254316329956,\\"y\\":-159.16793823242188,\\"z\\":0},\\"aimDirection\\":{\\"x\\":0,\\"y\\":0,\\"z\\":0},\\"forwardMove\\":0,\\"sideMove\\":0,\\"upMove\\":0,\\"buttons\\":[],\\"impulse\\":0,\\"weaponSelect\\":0,\\"weaponSubType\\":0,\\"randomSeed\\":0,\\"mouseDeltaX\\":0,\\"mouseDeltaY\\":0}",
  "[129043] usercmd: {\\"commandNumber\\":129663,\\"tickCount\\":132000,\\"viewAngles\\":{\\"x\\":6.9708251953125,\\"y\\":57.216796875,\\"z\\":0},\\"aimDirection\\":{\\"x\\":0,\\"y\\":0,\\"z\\":0},\\"forwardMove\\":0,\\"sideMove\\":0,\\"upMove\\":0,\\"buttons\\":[],\\"impulse\\":0,\\"weaponSelect\\":0,\\"weaponSubType\\":0,\\"randomSeed\\":0,\\"mouseDeltaX\\":0,\\"mouseDeltaY\\":0}",
  "[130043] usercmd: {\\"commandNumber\\":130663,\\"tickCount\\":133000,\\"viewAngles\\":{\\"x\\":24.862060546875,\\"y\\":168.3270263671875,\\"z\\":0},\\"aimDirection\\":{\\"x\\":0,\\"y\\":0,\\"z\\":0},\\"forwardMove\\":0,\\"sideMove\\":0,\\"upMove\\":0,\\"buttons\\":[],\\"impulse\\":0,\\"weaponSelect\\":0,\\"weaponSubType\\":0,\\"randomSeed\\":0,\\"mouseDeltaX\\":0,\\"mouseDeltaY\\":0}",
  "[131043] usercmd: {\\"commandNumber\\":131663,\\"tickCount\\":134000,\\"viewAngles\\":{\\"x\\":5.7403564453125,\\"y\\":-82.3008804321289,\\"z\\":0},\\"aimDirection\\":{\\"x\\":0,\\"y\\":0,\\"z\\":0},\\"forwardMove\\":0,\\"sideMove\\":0,\\"upMove\\":0,\\"buttons\\":[],\\"impulse\\":0,\\"weaponSelect\\":0,\\"weaponSubType\\":0,\\"randomSeed\\":0,\\"mouseDeltaX\\":0,\\"mouseDeltaY\\":0}",
  "[132044] usercmd: {\\"commandNumber\\":132663,\\"tickCount\\":135000,\\"viewAngles\\":{\\"x\\":1.2551000118255615,\\"y\\":-73.79060363769531,\\"z\\":0},\\"aimDirection\\":{\\"x\\":0,\\"y\\":0,\\"z\\":0},\\"forwardMove\\":0,\\"sideMove\\":0,\\"upMove\\":0,\\"buttons\\":[],\\"impulse\\":0,\\"weaponSelect\\":0,\\"weaponSubType\\":0,\\"randomSeed\\":0,\\"mouseDeltaX\\":0,\\"mouseDeltaY\\":0}",
  "[133044] usercmd: {\\"commandNumber\\":133663,\\"tickCount\\":136000,\\"viewAngles\\":{\\"x\\":-10.88779067993164,\\"y\\":5.334675312042236,\\"z\\":0},\\"aimDirection\\":{\\"x\\":0,\\"y\\":0,\\"z\\":0},\\"forwardMove\\":450,\\"sideMove\\":0,\\"upMove\\":0,\\"buttons\\":[\\"forward\\"],\\"impulse\\":0,\\"weaponSelect\\":0,\\"weaponSubType\\":0,\\"randomSeed\\":0,\\"mouseDeltaX\\":1,\\"mouseDeltaY\\":-12}",
  "[134044] usercmd: {\\"commandNumber\\":134663,\\"tickCount\\":137000,\\"viewAngles\\":{\\"x\\":3.002984046936035,\\"y\\":44.88176345825195,\\"z\\":0},\\"aimDirection\\":{\\"x\\":0,\\"y\\":0,\\"z\\":0},\\"forwardMove\\":450,\\"sideMove\\":-450,\\"upMove\\":0,\\"buttons\\":[\\"forward\\",\\"moveleft\\"],\\"impulse\\":0,\\"weaponSelect\\":0,\\"weaponSubType\\":0,\\"randomSeed\\":0,\\"mouseDeltaX\\":-22,\\"mouseDeltaY\\":-5}",
  "[135044] usercmd: {\\"commandNumber\\":135663,\\"tickCount\\":138000,\\"viewAngles\\":{\\"x\\":14.677735328674316,\\"y\\":9.794309616088867,\\"z\\":-1.1032191338244957e-7},\\"aimDirection\\":{\\"x\\":0,\\"y\\":0,\\"z\\":0},\\"forwardMove\\":0,\\"sideMove\\":0,\\"upMove\\":0,\\"buttons\\":[],\\"impulse\\":0,\\"weaponSelect\\":0,\\"weaponSubType\\":0,\\"randomSeed\\":0,\\"mouseDeltaX\\":0,\\"mouseDeltaY\\":0}",
  "[136044] usercmd: {\\"commandNumber\\":136663,\\"tickCount\\":139000,\\"viewAngles\\":{\\"x\\":3.746337890625,\\"y\\":153.09808349609375,\\"z\\":0},\\"aimDirection\\":{\\"x\\":0,\\"y\\":0,\\"z\\":0},\\"forwardMove\\":0,\\"sideMove\\":0,\\"upMove\\":0,\\"buttons\\":[],\\"impulse\\":0,\\"weaponSelect\\":0,\\"weaponSubType\\":0,\\"randomSeed\\":0,\\"mouseDeltaX\\":0,\\"mouseDeltaY\\":0}",
  "[137043] usercmd: {\\"commandNumber\\":137663,\\"tickCount\\":140000,\\"viewAngles\\":{\\"x\\":9.986659049987793,\\"y\\":-89.87360382080078,\\"z\\":0.000013437088455248158},\\"aimDirection\\":{\\"x\\":0,\\"y\\":0,\\"z\\":0},\\"forwardMove\\":0,\\"sideMove\\":0,\\"upMove\\":0,\\"buttons\\":[],\\"impulse\\":0,\\"weaponSelect\\":0,\\"weaponSubType\\":0,\\"randomSeed\\":0,\\"mouseDeltaX\\":0,\\"mouseDeltaY\\":0}",
  "[138044] usercmd: {\\"commandNumber\\":138663,\\"tickCount\\":141000,\\"viewAngles\\":{\\"x\\":4.003999710083008,\\"y\\":-75.7839584350586,\\"z\\":0},\\"aimDirection\\":{\\"x\\":0,\\"y\\":0,\\"z\\":0},\\"forwardMove\\":0,\\"sideMove\\":0,\\"upMove\\":0,\\"buttons\\":[],\\"impulse\\":0,\\"weaponSelect\\":0,\\"weaponSubType\\":0,\\"randomSeed\\":0,\\"mouseDeltaX\\":0,\\"mouseDeltaY\\":0}",
  "[139043] usercmd: {\\"commandNumber\\":139663,\\"tickCount\\":142000,\\"viewAngles\\":{\\"x\\":-0.5928959250450134,\\"y\\":70.36970520019531,\\"z\\":0},\\"aimDirection\\":{\\"x\\":0,\\"y\\":0,\\"z\\":0},\\"forwardMove\\":0,\\"sideMove\\":0,\\"upMove\\":0,\\"buttons\\":[],\\"impulse\\":0,\\"weaponSelect\\":0,\\"weaponSubType\\":0,\\"randomSeed\\":0,\\"mouseDeltaX\\":0,\\"mouseDeltaY\\":0}",
  "[140043] usercmd: {\\"commandNumber\\":140663,\\"tickCount\\":143000,\\"viewAngles\\":{\\"x\\":10.261144638061523,\\"y\\":81.57295227050781,\\"z\\":-0.00015878010890446603},\\"aimDirection\\":{\\"x\\":0,\\"y\\":0,\\"z\\":0},\\"forwardMove\\":0,\\"sideMove\\":0,\\"upMove\\":0,\\"buttons\\":[],\\"impulse\\":0,\\"weaponSelect\\":0,\\"weaponSubType\\":0,\\"randomSeed\\":0,\\"mouseDeltaX\\":0,\\"mouseDeltaY\\":0}",
  "[141043] usercmd: {\\"commandNumber\\":141663,\\"tickCount\\":144000,\\"viewAngles\\":{\\"x\\":8.267254829406738,\\"y\\":92.5472640991211,\\"z\\":-0.00016392044199164957},\\"aimDirection\\":{\\"x\\":0,\\"y\\":0,\\"z\\":0},\\"forwardMove\\":0,\\"sideMove\\":0,\\"upMove\\":0,\\"buttons\\":[],\\"impulse\\":0,\\"weaponSelect\\":0,\\"weaponSubType\\":0,\\"randomSeed\\":0,\\"mouseDeltaX\\":0,\\"mouseDeltaY\\":0}",
  "[142044] usercmd: {\\"commandNumber\\":142663,\\"tickCount\\":145000,\\"viewAngles\\":{\\"x\\":-2.8839111328125,\\"y\\":78.8323974609375,\\"z\\":0},\\"aimDirection\\":{\\"x\\":0,\\"y\\":0,\\"z\\":0},\\"forwardMove\\":0,\\"sideMove\\":0,\\"upMove\\":0,\\"buttons\\":[],\\"impulse\\":0,\\"weaponSelect\\":0,\\"weaponSubType\\":0,\\"randomSeed\\":0,\\"mouseDeltaX\\":0,\\"mouseDeltaY\\":0}",
  "[143044] usercmd: {\\"commandNumber\\":143663,\\"tickCount\\":146000,\\"viewAngles\\":{\\"x\\":10.74462890625,\\"y\\":18.65478515625,\\"z\\":0},\\"aimDirection\\":{\\"x\\":0,\\"y\\":0,\\"z\\":0},\\"forwardMove\\":0,\\"sideMove\\":0,\\"upMove\\":0,\\"buttons\\":[],\\"impulse\\":0,\\"weaponSelect\\":0,\\"weaponSubType\\":0,\\"randomSeed\\":0,\\"mouseDeltaX\\":0,\\"mouseDeltaY\\":0}",
  "[144044] usercmd: {\\"commandNumber\\":144663,\\"tickCount\\":147000,\\"viewAngles\\":{\\"x\\":-0.92901611328125,\\"y\\":23.4942626953125,\\"z\\":0},\\"aimDirection\\":{\\"x\\":0,\\"y\\":0,\\"z\\":0},\\"forwardMove\\":0,\\"sideMove\\":0,\\"upMove\\":0,\\"buttons\\":[],\\"impulse\\":0,\\"weaponSelect\\":0,\\"weaponSubType\\":0,\\"randomSeed\\":0,\\"mouseDeltaX\\":0,\\"mouseDeltaY\\":0}",
  "[145044] usercmd: {\\"commandNumber\\":145663,\\"tickCount\\":148000,\\"viewAngles\\":{\\"x\\":1.4937939643859863,\\"y\\":-75.8755111694336,\\"z\\":0},\\"aimDirection\\":{\\"x\\":0,\\"y\\":0,\\"z\\":0},\\"forwardMove\\":0,\\"sideMove\\":0,\\"upMove\\":0,\\"buttons\\":[\\"score\\"],\\"impulse\\":0,\\"weaponSelect\\":0,\\"weaponSubType\\":0,\\"randomSeed\\":0,\\"mouseDeltaX\\":0,\\"mouseDeltaY\\":0}",
  "[146044] usercmd: {\\"commandNumber\\":146663,\\"tickCount\\":149000,\\"viewAngles\\":{\\"x\\":-2.171409845352173,\\"y\\":74.7519302368164,\\"z\\":0},\\"aimDirection\\":{\\"x\\":0,\\"y\\":0,\\"z\\":0},\\"forwardMove\\":450,\\"sideMove\\":450,\\"upMove\\":0,\\"buttons\\":[\\"duck\\",\\"forward\\",\\"moveright\\"],\\"impulse\\":0,\\"weaponSelect\\":0,\\"weaponSubType\\":0,\\"randomSeed\\":0,\\"mouseDeltaX\\":-1,\\"mouseDeltaY\\":0}",
  "[147044] usercmd: {\\"commandNumber\\":147663,\\"tickCount\\":150000,\\"viewAngles\\":{\\"x\\":4.227280139923096,\\"y\\":51.513362884521484,\\"z\\":0},\\"aimDirection\\":{\\"x\\":0,\\"y\\":0,\\"z\\":0},\\"forwardMove\\":450,\\"sideMove\\":0,\\"upMove\\":0,\\"buttons\\":[\\"forward\\"],\\"impulse\\":0,\\"weaponSelect\\":0,\\"weaponSubType\\":0,\\"randomSeed\\":0,\\"mouseDeltaX\\":0,\\"mouseDeltaY\\":0}",
  "[148044] usercmd: {\\"commandNumber\\":148663,\\"tickCount\\":151000,\\"viewAngles\\":{\\"x\\":3.4649791717529297,\\"y\\":112.25816345214844,\\"z\\":0},\\"aimDirection\\":{\\"x\\":0,\\"y\\":0,\\"z\\":0},\\"forwardMove\\":450,\\"sideMove\\":0,\\"upMove\\":0,\\"buttons\\":[\\"forward\\"],\\"impulse\\":0,\\"weaponSelect\\":0,\\"weaponSubType\\":0,\\"randomSeed\\":0,\\"mouseDeltaX\\":0,\\"mouseDeltaY\\":0}",
  "[149044] usercmd: {\\"commandNumber\\":149663,\\"tickCount\\":152000,\\"viewAngles\\":{\\"x\\":6.360163688659668,\\"y\\":-79.65680694580078,\\"z\\":0},\\"aimDirection\\":{\\"x\\":0,\\"y\\":0,\\"z\\":0},\\"forwardMove\\":450,\\"sideMove\\":450,\\"upMove\\":0,\\"buttons\\":[\\"forward\\",\\"moveright\\"],\\"impulse\\":0,\\"weaponSelect\\":0,\\"weaponSubType\\":0,\\"randomSeed\\":0,\\"mouseDeltaX\\":16,\\"mouseDeltaY\\":-9}",
  "[150044] usercmd: {\\"commandNumber\\":150663,\\"tickCount\\":153000,\\"viewAngles\\":{\\"x\\":51.913421630859375,\\"y\\":-48.779685974121094,\\"z\\":0},\\"aimDirection\\":{\\"x\\":0,\\"y\\":0,\\"z\\":0},\\"forwardMove\\":0,\\"sideMove\\":0,\\"upMove\\":0,\\"buttons\\":[\\"attack\\"],\\"impulse\\":0,\\"weaponSelect\\":0,\\"weaponSubType\\":0,\\"randomSeed\\":0,\\"mouseDeltaX\\":0,\\"mouseDeltaY\\":0}",
  "[151044] usercmd: {\\"commandNumber\\":151663,\\"tickCount\\":154000,\\"viewAngles\\":{\\"x\\":18.03338623046875,\\"y\\":-64.00535583496094,\\"z\\":0},\\"aimDirection\\":{\\"x\\":0,\\"y\\":0,\\"z\\":0},\\"forwardMove\\":0,\\"sideMove\\":0,\\"upMove\\":0,\\"buttons\\":[],\\"impulse\\":0,\\"weaponSelect\\":0,\\"weaponSubType\\":0,\\"randomSeed\\":0,\\"mouseDeltaX\\":0,\\"mouseDeltaY\\":0}",
  "[152044] usercmd: {\\"commandNumber\\":152663,\\"tickCount\\":155000,\\"viewAngles\\":{\\"x\\":-0.13088107109069824,\\"y\\":71.17582702636719,\\"z\\":0},\\"aimDirection\\":{\\"x\\":0,\\"y\\":0,\\"z\\":0},\\"forwardMove\\":0,\\"sideMove\\":0,\\"upMove\\":0,\\"buttons\\":[],\\"impulse\\":0,\\"weaponSelect\\":0,\\"weaponSubType\\":0,\\"randomSeed\\":0,\\"mouseDeltaX\\":-1,\\"mouseDeltaY\\":0}",
  "[153044] usercmd: {\\"commandNumber\\":153663,\\"tickCount\\":156000,\\"viewAngles\\":{\\"x\\":-1.6169785261154175,\\"y\\":73.39371490478516,\\"z\\":0},\\"aimDirection\\":{\\"x\\":0,\\"y\\":0,\\"z\\":0},\\"forwardMove\\":450,\\"sideMove\\":-450,\\"upMove\\":0,\\"buttons\\":[\\"forward\\",\\"moveleft\\"],\\"impulse\\":0,\\"weaponSelect\\":0,\\"weaponSubType\\":0,\\"randomSeed\\":0,\\"mouseDeltaX\\":0,\\"mouseDeltaY\\":0}",
  "[154044] usercmd: {\\"commandNumber\\":154663,\\"tickCount\\":157000,\\"viewAngles\\":{\\"x\\":9.52813720703125,\\"y\\":82.25757598876953,\\"z\\":-0.00036143671604804695},\\"aimDirection\\":{\\"x\\":0,\\"y\\":0,\\"z\\":0},\\"forwardMove\\":0,\\"sideMove\\":0,\\"upMove\\":0,\\"buttons\\":[],\\"impulse\\":0,\\"weaponSelect\\":0,\\"weaponSubType\\":0,\\"randomSeed\\":0,\\"mouseDeltaX\\":0,\\"mouseDeltaY\\":0}",
  "[155044] usercmd: {\\"commandNumber\\":155663,\\"tickCount\\":158000,\\"viewAngles\\":{\\"x\\":6.515578746795654,\\"y\\":-140.71771240234375,\\"z\\":-0.00003566194209270179},\\"aimDirection\\":{\\"x\\":0,\\"y\\":0,\\"z\\":0},\\"forwardMove\\":0,\\"sideMove\\":0,\\"upMove\\":0,\\"buttons\\":[],\\"impulse\\":0,\\"weaponSelect\\":0,\\"weaponSubType\\":0,\\"randomSeed\\":0,\\"mouseDeltaX\\":0,\\"mouseDeltaY\\":0}",
  "[156044] usercmd: {\\"commandNumber\\":156663,\\"tickCount\\":159000,\\"viewAngles\\":{\\"x\\":10.398815155029297,\\"y\\":-34.5522575378418,\\"z\\":0.000009548339221510105},\\"aimDirection\\":{\\"x\\":0,\\"y\\":0,\\"z\\":0},\\"forwardMove\\":0,\\"sideMove\\":0,\\"upMove\\":0,\\"buttons\\":[],\\"impulse\\":0,\\"weaponSelect\\":0,\\"weaponSubType\\":0,\\"randomSeed\\":0,\\"mouseDeltaX\\":0,\\"mouseDeltaY\\":0}",
  "[157044] usercmd: {\\"commandNumber\\":157663,\\"tickCount\\":160000,\\"viewAngles\\":{\\"x\\":-4.838861465454102,\\"y\\":31.02580451965332,\\"z\\":1.0701098318577351e-7},\\"aimDirection\\":{\\"x\\":0,\\"y\\":0,\\"z\\":0},\\"forwardMove\\":0,\\"sideMove\\":0,\\"upMove\\":0,\\"buttons\\":[],\\"impulse\\":0,\\"weaponSelect\\":0,\\"weaponSubType\\":0,\\"randomSeed\\":0,\\"mouseDeltaX\\":0,\\"mouseDeltaY\\":0}",
  "[158044] usercmd: {\\"commandNumber\\":158663,\\"tickCount\\":161000,\\"viewAngles\\":{\\"x\\":8.146594047546387,\\"y\\":-64.22090911865234,\\"z\\":0},\\"aimDirection\\":{\\"x\\":0,\\"y\\":0,\\"z\\":0},\\"forwardMove\\":0,\\"sideMove\\":0,\\"upMove\\":0,\\"buttons\\":[],\\"impulse\\":0,\\"weaponSelect\\":0,\\"weaponSubType\\":0,\\"randomSeed\\":0,\\"mouseDeltaX\\":0,\\"mouseDeltaY\\":0}",
  "[159044] usercmd: {\\"commandNumber\\":159663,\\"tickCount\\":162000,\\"viewAngles\\":{\\"x\\":0.09240012615919113,\\"y\\":54.40507507324219,\\"z\\":0},\\"aimDirection\\":{\\"x\\":0,\\"y\\":0,\\"z\\":0},\\"forwardMove\\":450,\\"sideMove\\":-450,\\"upMove\\":0,\\"buttons\\":[\\"forward\\",\\"moveleft\\"],\\"impulse\\":0,\\"weaponSelect\\":0,\\"weaponSubType\\":0,\\"randomSeed\\":0,\\"mouseDeltaX\\":2,\\"mouseDeltaY\\":0}",
  "[160044] usercmd: {\\"commandNumber\\":160663,\\"tickCount\\":163000,\\"viewAngles\\":{\\"x\\":2.333162307739258,\\"y\\":116.05891418457031,\\"z\\":0},\\"aimDirection\\":{\\"x\\":0,\\"y\\":0,\\"z\\":0},\\"forwardMove\\":450,\\"sideMove\\":450,\\"upMove\\":0,\\"buttons\\":[\\"forward\\",\\"moveright\\"],\\"impulse\\":0,\\"weaponSelect\\":0,\\"weaponSubType\\":0,\\"randomSeed\\":0,\\"mouseDeltaX\\":0,\\"mouseDeltaY\\":0}",
  "[161044] usercmd: {\\"commandNumber\\":161663,\\"tickCount\\":164000,\\"viewAngles\\":{\\"x\\":0.6646728515625,\\"y\\":142.547607421875,\\"z\\":0},\\"aimDirection\\":{\\"x\\":0,\\"y\\":0,\\"z\\":0},\\"forwardMove\\":0,\\"sideMove\\":0,\\"upMove\\":0,\\"buttons\\":[],\\"impulse\\":0,\\"weaponSelect\\":0,\\"weaponSubType\\":0,\\"randomSeed\\":0,\\"mouseDeltaX\\":0,\\"mouseDeltaY\\":0}",
  "[162044] usercmd: {\\"commandNumber\\":162663,\\"tickCount\\":165000,\\"viewAngles\\":{\\"x\\":0,\\"y\\":109.9346923828125,\\"z\\":0},\\"aimDirection\\":{\\"x\\":0,\\"y\\":0,\\"z\\":0},\\"forwardMove\\":0,\\"sideMove\\":0,\\"upMove\\":0,\\"buttons\\":[],\\"impulse\\":0,\\"weaponSelect\\":0,\\"weaponSubType\\":0,\\"randomSeed\\":0,\\"mouseDeltaX\\":0,\\"mouseDeltaY\\":0}",
  "[163044] usercmd: {\\"commandNumber\\":163663,\\"tickCount\\":166000,\\"viewAngles\\":{\\"x\\":-0.12463407963514328,\\"y\\":171.9864959716797,\\"z\\":-0.000013070104614598677},\\"aimDirection\\":{\\"x\\":0,\\"y\\":0,\\"z\\":0},\\"forwardMove\\":0,\\"sideMove\\":0,\\"upMove\\":0,\\"buttons\\":[],\\"impulse\\":0,\\"weaponSelect\\":0,\\"weaponSubType\\":0,\\"randomSeed\\":0,\\"mouseDeltaX\\":0,\\"mouseDeltaY\\":0}",
  "[164044] usercmd: {\\"commandNumber\\":164663,\\"tickCount\\":167000,\\"viewAngles\\":{\\"x\\":4.784717082977295,\\"y\\":-111.38116455078125,\\"z\\":0.000026345349397161044},\\"aimDirection\\":{\\"x\\":0,\\"y\\":0,\\"z\\":0},\\"forwardMove\\":0,\\"sideMove\\":0,\\"upMove\\":0,\\"buttons\\":[],\\"impulse\\":0,\\"weaponSelect\\":0,\\"weaponSubType\\":0,\\"randomSeed\\":0,\\"mouseDeltaX\\":0,\\"mouseDeltaY\\":0}",
  "[165044] usercmd: {\\"commandNumber\\":165663,\\"tickCount\\":168000,\\"viewAngles\\":{\\"x\\":4.821538925170898,\\"y\\":-78.2852783203125,\\"z\\":0.0003097352455370128},\\"aimDirection\\":{\\"x\\":0,\\"y\\":0,\\"z\\":0},\\"forwardMove\\":0,\\"sideMove\\":0,\\"upMove\\":0,\\"buttons\\":[],\\"impulse\\":0,\\"weaponSelect\\":0,\\"weaponSubType\\":0,\\"randomSeed\\":0,\\"mouseDeltaX\\":0,\\"mouseDeltaY\\":0}",
  "[166044] usercmd: {\\"commandNumber\\":166663,\\"tickCount\\":169000,\\"viewAngles\\":{\\"x\\":-0.16169998049736023,\\"y\\":-1.1919996738433838,\\"z\\":0},\\"aimDirection\\":{\\"x\\":0,\\"y\\":0,\\"z\\":0},\\"forwardMove\\":0,\\"sideMove\\":0,\\"upMove\\":0,\\"buttons\\":[],\\"impulse\\":0,\\"weaponSelect\\":0,\\"weaponSubType\\":0,\\"randomSeed\\":0,\\"mouseDeltaX\\":0,\\"mouseDeltaY\\":0}",
  "[168044] usercmd: {\\"commandNumber\\":168641,\\"tickCount\\":171000,\\"viewAngles\\":{\\"x\\":-3.3725297451019287,\\"y\\":3.7437009811401367,\\"z\\":0},\\"aimDirection\\":{\\"x\\":0,\\"y\\":0,\\"z\\":0},\\"forwardMove\\":450,\\"sideMove\\":0,\\"upMove\\":0,\\"buttons\\":[\\"forward\\"],\\"impulse\\":0,\\"weaponSelect\\":0,\\"weaponSubType\\":0,\\"randomSeed\\":0,\\"mouseDeltaX\\":0,\\"mouseDeltaY\\":0}",
  "[169044] usercmd: {\\"commandNumber\\":169641,\\"tickCount\\":172000,\\"viewAngles\\":{\\"x\\":8.61635971069336,\\"y\\":26.42043685913086,\\"z\\":0},\\"aimDirection\\":{\\"x\\":0,\\"y\\":0,\\"z\\":0},\\"forwardMove\\":-450,\\"sideMove\\":450,\\"upMove\\":0,\\"buttons\\":[\\"back\\",\\"moveright\\"],\\"impulse\\":0,\\"weaponSelect\\":0,\\"weaponSubType\\":0,\\"randomSeed\\":0,\\"mouseDeltaX\\":-12,\\"mouseDeltaY\\":-1}",
  "[170044] usercmd: {\\"commandNumber\\":170641,\\"tickCount\\":173000,\\"viewAngles\\":{\\"x\\":8.8275146484375,\\"y\\":6.1248779296875,\\"z\\":0},\\"aimDirection\\":{\\"x\\":0,\\"y\\":0,\\"z\\":0},\\"forwardMove\\":0,\\"sideMove\\":0,\\"upMove\\":0,\\"buttons\\":[],\\"impulse\\":0,\\"weaponSelect\\":0,\\"weaponSubType\\":0,\\"randomSeed\\":0,\\"mouseDeltaX\\":0,\\"mouseDeltaY\\":0}",
  "[171044] usercmd: {\\"commandNumber\\":171641,\\"tickCount\\":174000,\\"viewAngles\\":{\\"x\\":-10.175049781799316,\\"y\\":-167.01968383789062,\\"z\\":-0.00003286734863650054},\\"aimDirection\\":{\\"x\\":0,\\"y\\":0,\\"z\\":0},\\"forwardMove\\":0,\\"sideMove\\":0,\\"upMove\\":0,\\"buttons\\":[],\\"impulse\\":0,\\"weaponSelect\\":0,\\"weaponSubType\\":0,\\"randomSeed\\":0,\\"mouseDeltaX\\":0,\\"mouseDeltaY\\":0}",
  "[172044] usercmd: {\\"commandNumber\\":172641,\\"tickCount\\":175000,\\"viewAngles\\":{\\"x\\":0.7237992882728577,\\"y\\":-72.98796081542969,\\"z\\":0},\\"aimDirection\\":{\\"x\\":0,\\"y\\":0,\\"z\\":0},\\"forwardMove\\":0,\\"sideMove\\":0,\\"upMove\\":0,\\"buttons\\":[],\\"impulse\\":0,\\"weaponSelect\\":0,\\"weaponSubType\\":0,\\"randomSeed\\":0,\\"mouseDeltaX\\":0,\\"mouseDeltaY\\":0}",
  "[173044] usercmd: {\\"commandNumber\\":173641,\\"tickCount\\":176000,\\"viewAngles\\":{\\"x\\":0.8469977378845215,\\"y\\":75.49102783203125,\\"z\\":0},\\"aimDirection\\":{\\"x\\":0,\\"y\\":0,\\"z\\":0},\\"forwardMove\\":450,\\"sideMove\\":-450,\\"upMove\\":0,\\"buttons\\":[\\"forward\\",\\"moveleft\\"],\\"impulse\\":0,\\"weaponSelect\\":0,\\"weaponSubType\\":0,\\"randomSeed\\":0,\\"mouseDeltaX\\":3,\\"mouseDeltaY\\":-2}",
  "[174044] usercmd: {\\"commandNumber\\":174641,\\"tickCount\\":177000,\\"viewAngles\\":{\\"x\\":12.073601722717285,\\"y\\":-22.614824295043945,\\"z\\":0},\\"aimDirection\\":{\\"x\\":0,\\"y\\":0,\\"z\\":0},\\"forwardMove\\":450,\\"sideMove\\":-450,\\"upMove\\":0,\\"buttons\\":[\\"forward\\",\\"moveleft\\"],\\"impulse\\":0,\\"weaponSelect\\":0,\\"weaponSubType\\":0,\\"randomSeed\\":0,\\"mouseDeltaX\\":19,\\"mouseDeltaY\\":0}",
  "[175044] usercmd: {\\"commandNumber\\":175641,\\"tickCount\\":178000,\\"viewAngles\\":{\\"x\\":4.097900390625,\\"y\\":118.1195068359375,\\"z\\":0},\\"aimDirection\\":{\\"x\\":0,\\"y\\":0,\\"z\\":0},\\"forwardMove\\":0,\\"sideMove\\":0,\\"upMove\\":0,\\"buttons\\":[],\\"impulse\\":0,\\"weaponSelect\\":0,\\"weaponSubType\\":0,\\"randomSeed\\":0,\\"mouseDeltaX\\":0,\\"mouseDeltaY\\":0}",
  "[176044] usercmd: {\\"commandNumber\\":176641,\\"tickCount\\":179000,\\"viewAngles\\":{\\"x\\":3.5140461921691895,\\"y\\":136.417236328125,\\"z\\":1.0686346740840236e-7},\\"aimDirection\\":{\\"x\\":0,\\"y\\":0,\\"z\\":0},\\"forwardMove\\":0,\\"sideMove\\":0,\\"upMove\\":0,\\"buttons\\":[],\\"impulse\\":0,\\"weaponSelect\\":0,\\"weaponSubType\\":0,\\"randomSeed\\":0,\\"mouseDeltaX\\":0,\\"mouseDeltaY\\":0}",
  "[177044] usercmd: {\\"commandNumber\\":177641,\\"tickCount\\":180000,\\"viewAngles\\":{\\"x\\":8.61328125,\\"y\\":-113.3734130859375,\\"z\\":0},\\"aimDirection\\":{\\"x\\":0,\\"y\\":0,\\"z\\":0},\\"forwardMove\\":0,\\"sideMove\\":0,\\"upMove\\":0,\\"buttons\\":[],\\"impulse\\":0,\\"weaponSelect\\":0,\\"weaponSubType\\":0,\\"randomSeed\\":0,\\"mouseDeltaX\\":0,\\"mouseDeltaY\\":0}",
  "[178044] usercmd: {\\"commandNumber\\":178641,\\"tickCount\\":181000,\\"viewAngles\\":{\\"x\\":9.349365234375,\\"y\\":178.428955078125,\\"z\\":0},\\"aimDirection\\":{\\"x\\":0,\\"y\\":0,\\"z\\":0},\\"forwardMove\\":0,\\"sideMove\\":0,\\"upMove\\":0,\\"buttons\\":[],\\"impulse\\":0,\\"weaponSelect\\":0,\\"weaponSubType\\":0,\\"randomSeed\\":0,\\"mouseDeltaX\\":0,\\"mouseDeltaY\\":0}",
  "[179044] usercmd: {\\"commandNumber\\":179641,\\"tickCount\\":182000,\\"viewAngles\\":{\\"x\\":1.494012475013733,\\"y\\":8.820615768432617,\\"z\\":-0.0013048496330156922},\\"aimDirection\\":{\\"x\\":0,\\"y\\":0,\\"z\\":0},\\"forwardMove\\":0,\\"sideMove\\":0,\\"upMove\\":0,\\"buttons\\":[],\\"impulse\\":0,\\"weaponSelect\\":0,\\"weaponSubType\\":0,\\"randomSeed\\":0,\\"mouseDeltaX\\":0,\\"mouseDeltaY\\":0}",
  "[180044] usercmd: {\\"commandNumber\\":180641,\\"tickCount\\":183000,\\"viewAngles\\":{\\"x\\":-5.03968620300293,\\"y\\":-39.26325607299805,\\"z\\":-0.0002884290006477386},\\"aimDirection\\":{\\"x\\":0,\\"y\\":0,\\"z\\":0},\\"forwardMove\\":0,\\"sideMove\\":0,\\"upMove\\":0,\\"buttons\\":[],\\"impulse\\":0,\\"weaponSelect\\":0,\\"weaponSubType\\":0,\\"randomSeed\\":0,\\"mouseDeltaX\\":0,\\"mouseDeltaY\\":0}",
  "[181149] usercmd: {\\"commandNumber\\":181752,\\"tickCount\\":184000,\\"viewAngles\\":{\\"x\\":-5.03968620300293,\\"y\\":-39.26325607299805,\\"z\\":-0.0002884290006477386},\\"aimDirection\\":{\\"x\\":0,\\"y\\":0,\\"z\\":0},\\"forwardMove\\":0,\\"sideMove\\":0,\\"upMove\\":0,\\"buttons\\":[],\\"impulse\\":0,\\"weaponSelect\\":0,\\"weaponSubType\\":0,\\"randomSeed\\":0,\\"mouseDeltaX\\":0,\\"mouseDeltaY\\":0}",
  "[181298] end: {\\"incomplete\\":false}",
]
`;
